BL51 BANKED LINKER/LOCATER V6.22                                                        09/09/2026  12:05:57  PAGE 1


BL51 BANKED LINKER/LOCATER V6.22, INVOKED BY:
D:\PROGRAM FILES (X86)\SYSTEM_PROGRAMMING\C51\BIN\BL51.EXE .\output\main.obj, .\output\firmware_app.obj, .\output\protoc
>> ol.obj, .\output\session.obj, .\output\records.obj, .\output\test_engine.obj, .\source\STCBSP_V3.6.LIB TO .\output\Ac
>> ceptanceDut PRINT (.\list\AcceptanceDut.m51) RAMSIZE (256) XDATA (0X0000-0X06FF)


MEMORY MODEL: SMALL


INPUT MODULES INCLUDED:
  .\output\main.obj (MAIN)
  .\output\firmware_app.obj (FIRMWARE_APP)
  .\output\protocol.obj (PROTOCOL)
  .\output\session.obj (SESSION)
  .\output\records.obj (RECORDS)
  .\output\test_engine.obj (TEST_ENGINE)
  .\source\STCBSP_V3.6.LIB (DISPLAYER)
  .\source\STCBSP_V3.6.LIB (KEY)
  .\source\STCBSP_V3.6.LIB (SYS)
  .\source\STCBSP_V3.6.LIB (UART2)
  .\source\STCBSP_V3.6.LIB (UART1)
  D:\PROGRAM FILES (X86)\SYSTEM_PROGRAMMING\C51\LIB\C51S.LIB (?C_STARTUP)
  D:\PROGRAM FILES (X86)\SYSTEM_PROGRAMMING\C51\LIB\C51S.LIB (?C?COPY)
  D:\PROGRAM FILES (X86)\SYSTEM_PROGRAMMING\C51\LIB\C51S.LIB (?C?CLDPTR)
  D:\PROGRAM FILES (X86)\SYSTEM_PROGRAMMING\C51\LIB\C51S.LIB (?C?CLDOPTR)
  D:\PROGRAM FILES (X86)\SYSTEM_PROGRAMMING\C51\LIB\C51S.LIB (?C?CSTPTR)
  D:\PROGRAM FILES (X86)\SYSTEM_PROGRAMMING\C51\LIB\C51S.LIB (?C?CSTOPTR)
  D:\PROGRAM FILES (X86)\SYSTEM_PROGRAMMING\C51\LIB\C51S.LIB (?C?UIDIV)
  D:\PROGRAM FILES (X86)\SYSTEM_PROGRAMMING\C51\LIB\C51S.LIB (?C?ILDIX)
  D:\PROGRAM FILES (X86)\SYSTEM_PROGRAMMING\C51\LIB\C51S.LIB (?C?ILDPTR)
  D:\PROGRAM FILES (X86)\SYSTEM_PROGRAMMING\C51\LIB\C51S.LIB (?C?ILDOPTR)
  D:\PROGRAM FILES (X86)\SYSTEM_PROGRAMMING\C51\LIB\C51S.LIB (?C?IILDPTR)
  D:\PROGRAM FILES (X86)\SYSTEM_PROGRAMMING\C51\LIB\C51S.LIB (?C?IILDOPTR)
  D:\PROGRAM FILES (X86)\SYSTEM_PROGRAMMING\C51\LIB\C51S.LIB (?C?ISTPTR)
  D:\PROGRAM FILES (X86)\SYSTEM_PROGRAMMING\C51\LIB\C51S.LIB (?C?ISTOPTR)
  D:\PROGRAM FILES (X86)\SYSTEM_PROGRAMMING\C51\LIB\C51S.LIB (?C?LMUL)
  D:\PROGRAM FILES (X86)\SYSTEM_PROGRAMMING\C51\LIB\C51S.LIB (?C?ULDIV)
  D:\PROGRAM FILES (X86)\SYSTEM_PROGRAMMING\C51\LIB\C51S.LIB (?C?SLDIV)
  D:\PROGRAM FILES (X86)\SYSTEM_PROGRAMMING\C51\LIB\C51S.LIB (?C?ULSHR)
  D:\PROGRAM FILES (X86)\SYSTEM_PROGRAMMING\C51\LIB\C51S.LIB (?C?SLSHR)
  D:\PROGRAM FILES (X86)\SYSTEM_PROGRAMMING\C51\LIB\C51S.LIB (?C?LSHL)
  D:\PROGRAM FILES (X86)\SYSTEM_PROGRAMMING\C51\LIB\C51S.LIB (?C?LSTOPTR)
  D:\PROGRAM FILES (X86)\SYSTEM_PROGRAMMING\C51\LIB\C51S.LIB (?C?LLDCODE)
  D:\PROGRAM FILES (X86)\SYSTEM_PROGRAMMING\C51\LIB\C51S.LIB (?C?LSTXDATA)
  D:\PROGRAM FILES (X86)\SYSTEM_PROGRAMMING\C51\LIB\C51S.LIB (?C?LSTKOPTR)
  D:\PROGRAM FILES (X86)\SYSTEM_PROGRAMMING\C51\LIB\C51S.LIB (?C?OFFXADD)
  D:\PROGRAM FILES (X86)\SYSTEM_PROGRAMMING\C51\LIB\C51S.LIB (?C?CCASE)
  D:\PROGRAM FILES (X86)\SYSTEM_PROGRAMMING\C51\LIB\C51S.LIB (?C?ICALL)
  D:\PROGRAM FILES (X86)\SYSTEM_PROGRAMMING\C51\LIB\C51S.LIB (?C_IBP)
  D:\PROGRAM FILES (X86)\SYSTEM_PROGRAMMING\C51\LIB\C51S.LIB (?C?LIMUL)
  D:\PROGRAM FILES (X86)\SYSTEM_PROGRAMMING\C51\LIB\C51S.LIB (?C_INIT)
  D:\PROGRAM FILES (X86)\SYSTEM_PROGRAMMING\C51\LIB\C51S.LIB (?C?IILDX)
  D:\PROGRAM FILES (X86)\SYSTEM_PROGRAMMING\C51\LIB\C51S.LIB (?C?LSTIDATA)
  D:\PROGRAM FILES (X86)\SYSTEM_PROGRAMMING\C51\LIB\C51S.LIB (?C?LSTPDATA)
  D:\PROGRAM FILES (X86)\SYSTEM_PROGRAMMING\C51\LIB\C51S.LIB (?C?LSTKIDATA)
  D:\PROGRAM FILES (X86)\SYSTEM_PROGRAMMING\C51\LIB\C51S.LIB (?C?LSTKXDATA)
  D:\PROGRAM FILES (X86)\SYSTEM_PROGRAMMING\C51\LIB\C51S.LIB (?C?LSTKPDATA)

BL51 BANKED LINKER/LOCATER V6.22                                                      09/09/2026  12:05:57  PAGE 2



LINK MAP OF MODULE:  .\output\AcceptanceDut (MAIN)


            TYPE    BASE      LENGTH    RELOCATION   SEGMENT NAME
            -----------------------------------------------------

            * * * * * * *   D A T A   M E M O R Y   * * * * * * *
            REG     0000H     0008H     ABSOLUTE     "REG BANK 0"
            DATA    0008H     0012H     UNIT         ?DT?SYS
            DATA    001AH     0002H     UNIT         ?DT?GETULTRASONIC?SYS
            DATA    001CH     0002H     UNIT         ?DT?UART2
            DATA    001EH     0001H     UNIT         ?DT?KEY
            DATA    001FH     0001H     UNIT         ?C?LIB_DATA
            BIT     0020H.0   0001H.7   UNIT         ?BI?SYS
                    0021H.7   0000H.1                *** GAP ***
            DATA    0022H     004BH     UNIT         _DATA_GROUP_
            DATA    006DH     000DH     UNIT         ?DT?FIRMWARE_APP
            IDATA   007AH     0001H     UNIT         ?STACK

            * * * * * * *  X D A T A   M E M O R Y  * * * * * * *
            XDATA   0000H     0175H     UNIT         ?XD?FIRMWARE_APP
            XDATA   0175H     006EH     UNIT         ?XD?SYS
            XDATA   01E3H     0015H     UNIT         ?XD?UART2
            XDATA   01F8H     0015H     UNIT         ?XD?UART1
            XDATA   020DH     000CH     UNIT         ?XD?DISPLAYER
            XDATA   0219H     000AH     UNIT         ?XD?KEY

            * * * * * * *   C O D E   M E M O R Y   * * * * * * *
            CODE    0000H     0003H     ABSOLUTE     
            CODE    0003H     0007H     UNIT         ?PR?GETSYSPERFORMANCE?SYS
            CODE    000AH     0001H     UNIT         ?PR?_?NULLFUNC?SYS
            CODE    000BH     0003H     ABSOLUTE     
            CODE    000EH     0015H     UNIT         ?PR?_READ_U16?TEST_ENGINE
            CODE    0023H     0003H     ABSOLUTE     
            CODE    0026H     0013H     UNIT         ?PR?_READ_U16?PROTOCOL
            CODE    0039H     0001H     UNIT         ?PR?_?NULLFUNC0?UART2
                    003AH     0001H                  *** GAP ***
            CODE    003BH     0003H     ABSOLUTE     
            CODE    003EH     0003H     UNIT         ?PR?_?RET0FUNC?SYS
                    0041H     0002H                  *** GAP ***
            CODE    0043H     0003H     ABSOLUTE     
            CODE    0046H     072EH     UNIT         ?PR?_HANDLE_NEW?TEST_ENGINE
            CODE    0774H     05C0H     UNIT         ?C?LIB_CODE
            CODE    0D34H     021FH     UNIT         ?PR?_ENRICH_RESPONSE?TEST_ENGINE
            CODE    0F53H     01D2H     UNIT         ?PR?UART2_ISR?UART2
            CODE    1125H     01C8H     UNIT         ?PR?_PROTO_DECODE?PROTOCOL
            CODE    12EDH     01C5H     UNIT         ?PR?_PROTO_ENCODE?PROTOCOL
            CODE    14B2H     0198H     UNIT         ?PR?_ENGINE_HANDLEFRAME?TEST_ENGINE
            CODE    164AH     0146H     UNIT         ?PR?_RECORDSTORE_READCHUNK?RECORDS
            CODE    1790H     0130H     UNIT         ?PR?UART1_ISR?UART1
            CODE    18C0H     0123H     UNIT         ?PR?_MAKE_RESPONSE?TEST_ENGINE
            CODE    19E3H     0123H     UNIT         ?PR?_?SYS_KEY_DRV?KEY
            CODE    1B06H     00EDH     UNIT         ?PR?SYS_TASK_1MS?SYS
            CODE    1BF3H     00E9H     UNIT         ?PR?_?SYS_DISPLAY_DRV?DISPLAYER
            CODE    1CDCH     00DFH     UNIT         ?PR?_ENGINE_COMPLETEATTEMPT?TEST_ENGINE
            CODE    1DBBH     00D2H     UNIT         ?C_INITSEG
BL51 BANKED LINKER/LOCATER V6.22                                                      09/09/2026  12:05:57  PAGE 3


            CODE    1E8DH     00B5H     UNIT         ?PR?_UART2INIT?UART2
            CODE    1F42H     00B1H     UNIT         ?PR?ON_10MS?FIRMWARE_APP
            CODE    1FF3H     00A8H     UNIT         ?PR?SYS_CCP_ISR?SYS
            CODE    209BH     00A4H     UNIT         ?PR?_ENGINE_INIT?TEST_ENGINE
            CODE    213FH     009EH     UNIT         ?PR?_RECORDSTORE_SAVE?RECORDS
            CODE    21DDH     0096H     UNIT         ?PR?_READ_U32?TEST_ENGINE
            CODE    2273H     0093H     UNIT         ?PR?SYS_TASK_10MS?SYS
            CODE    2306H     008CH     UNIT         ?C_C51STARTUP
            CODE    2392H     008BH     UNIT         ?PR?SYS_TASK_IR?SYS
            CODE    241DH     008AH     UNIT         ?PR?_ENGINE_TICK10MS?TEST_ENGINE
            CODE    24A7H     0089H     UNIT         ?PR?APP_INIT?FIRMWARE_APP
            CODE    2530H     0086H     UNIT         ?PR?_ENRICH_HELLO?FIRMWARE_APP
            CODE    25B6H     0081H     UNIT         ?PR?_PROCESS_ONE?FIRMWARE_APP
            CODE    2637H     007DH     UNIT         ?PR?_SETEVENTCALLBACK?SYS
            CODE    26B4H     0077H     UNIT         ?PR?_UART1INIT?UART1
            CODE    272BH     0073H     UNIT         ?PR?ON_1S?FIRMWARE_APP
            CODE    279EH     0062H     UNIT         ?PR?_PROTO_CRC16?PROTOCOL
            CODE    2800H     0058H     UNIT         ?PR?_PROMOTE_SLOT?FIRMWARE_APP
            CODE    2858H     0053H     UNIT         ?PR?GETULTRASONIC?SYS
            CODE    28ABH     0052H     UNIT         ?PR?SYS_TIMER0_ISR?SYS
            CODE    28FDH     0051H     UNIT         ?PR?APP_STARTUART?FIRMWARE_APP
            CODE    294EH     0048H     UNIT         ?PR?_QUEUE_FRAME?FIRMWARE_APP
            CODE    2996H     0048H     UNIT         ?PR?_PUT_U32?TEST_ENGINE
            CODE    29DEH     0047H     UNIT         ?PR?SYS_TIMER0_INIT?SYS
            CODE    2A25H     0044H     UNIT         ?PR?FLUSH_UART1?FIRMWARE_APP
            CODE    2A69H     0044H     UNIT         ?PR?FLUSH_UART2?FIRMWARE_APP
            CODE    2AADH     0044H     UNIT         ?C?LDIV
            CODE    2AF1H     0040H     UNIT         ?PR?_GETKEYACT?KEY
            CODE    2B31H     003FH     UNIT         ?PR?SYS_TASK_100MS?SYS
            CODE    2B70H     003EH     UNIT         ?PR?MYSTC_OS?SYS
            CODE    2BAEH     0037H     UNIT         ?PR?_SESSION_RESET?SESSION
            CODE    2BE5H     0032H     UNIT         ?PR?_COPY24?FIRMWARE_APP
            CODE    2C17H     0032H     UNIT         ?PR?_CRC_UPDATE?TEST_ENGINE
            CODE    2C49H     0031H     UNIT         ?PR?_SETUART2RXD?UART2
            CODE    2C7AH     0031H     UNIT         ?PR?_SETUART1RXD?UART1
            CODE    2CABH     002FH     UNIT         ?PR?_UART2PRINT?UART2
            CODE    2CDAH     002EH     UNIT         ?PR?_RECORDSTORE_RESET?RECORDS
            CODE    2D08H     002BH     UNIT         ?PR?SYS_TASK_1S?SYS
            CODE    2D33H     0029H     UNIT         ?PR?_RECORDSTORE_RELEASE?RECORDS
            CODE    2D5CH     0028H     UNIT         ?PR?_UART1PRINT?UART1
            CODE    2D84H     0023H     UNIT         ?PR?ON_UART1?FIRMWARE_APP
            CODE    2DA7H     0023H     UNIT         ?PR?ON_UART2?FIRMWARE_APP
            CODE    2DCAH     0023H     UNIT         ?PR?ON_KEY?FIRMWARE_APP
            CODE    2DEDH     0020H     UNIT         ?PR?_SEG7PRINT?DISPLAYER
            CODE    2E0DH     001EH     UNIT         ?CO?MAIN
            CODE    2E2BH     001DH     UNIT         ?PR?KEYINIT?KEY
            CODE    2E48H     001CH     UNIT         ?PR?_RECORDSTORE_WIRELENGTH?RECORDS
            CODE    2E64H     001BH     UNIT         ?PR?DISPLAYERINIT?DISPLAYER
            CODE    2E7FH     0018H     UNIT         ?PR?_SESSION_MATCHES?SESSION
            CODE    2E97H     0011H     UNIT         ?PR?_SETCCP0?SYS
            CODE    2EA8H     000FH     UNIT         ?PR?_?SYS_GET_UART2RXDEVENT?UART2
            CODE    2EB7H     000FH     UNIT         ?PR?_?SYS_GET_UART1RXDEVENT?UART1
            CODE    2EC6H     000EH     UNIT         ?PR?MAIN?MAIN
            CODE    2ED4H     000EH     UNIT         ?PR?_?SYS_GET_KEYEVENT?KEY
            CODE    2EE2H     000BH     UNIT         ?PR?_WRITE_U16?PROTOCOL
            CODE    2EEDH     000BH     UNIT         ?PR?_PUT_U16?TEST_ENGINE
            CODE    2EF8H     000BH     UNIT         ?PR?GETUART2TXSTATUS?UART2
BL51 BANKED LINKER/LOCATER V6.22                                                      09/09/2026  12:05:57  PAGE 4


            CODE    2F03H     000BH     UNIT         ?PR?GETUART1TXSTATUS?UART1
            CODE    2F0EH     0009H     UNIT         ?PR?_SETDISPLAYERAREA?DISPLAYER
            CODE    2F17H     0009H     UNIT         ?PR?GETBEEPTIMER?SYS
            CODE    2F20H     0009H     UNIT         ?PR?_SETBEEPTIMER?SYS
            CODE    2F29H     0006H     UNIT         ?PR?_LEDPRINT?DISPLAYER
            CODE    2F2FH     0006H     UNIT         ?PR?MYSTC_INIT?SYS
            CODE    2F35H     0003H     UNIT         ?PR?CLRBEEPPIN?SYS



OVERLAY MAP OF MODULE:   .\output\AcceptanceDut (MAIN)


SEGMENT                                           DATA_GROUP 
  +--> CALLED SEGMENT                           START    LENGTH
---------------------------------------------------------------
?C_C51STARTUP                                   -----    -----
  +--> ?PR?MAIN?MAIN
  +--> ?C_INITSEG

?PR?MAIN?MAIN                                   -----    -----
  +--> ?PR?APP_INIT?FIRMWARE_APP
  +--> ?PR?MYSTC_INIT?SYS
  +--> ?PR?APP_STARTUART?FIRMWARE_APP
  +--> ?PR?MYSTC_OS?SYS

?PR?APP_INIT?FIRMWARE_APP                       -----    -----
  +--> ?PR?_ENGINE_INIT?TEST_ENGINE
  +--> ?PR?DISPLAYERINIT?DISPLAYER
  +--> ?PR?_SETDISPLAYERAREA?DISPLAYER
  +--> ?PR?_SEG7PRINT?DISPLAYER
  +--> ?PR?_LEDPRINT?DISPLAYER
  +--> ?PR?KEYINIT?KEY
  +--> ?PR?ON_UART1?FIRMWARE_APP
  +--> ?PR?_SETEVENTCALLBACK?SYS
  +--> ?PR?ON_UART2?FIRMWARE_APP
  +--> ?PR?ON_10MS?FIRMWARE_APP
  +--> ?PR?ON_1S?FIRMWARE_APP
  +--> ?PR?ON_KEY?FIRMWARE_APP

?PR?_ENGINE_INIT?TEST_ENGINE                    0022H    0004H
  +--> ?PR?_SESSION_RESET?SESSION
  +--> ?PR?_RECORDSTORE_RESET?RECORDS

?PR?DISPLAYERINIT?DISPLAYER                     -----    -----
  +--> ?PR?_?SYS_DISPLAY_DRV?DISPLAYER

?PR?_?SYS_DISPLAY_DRV?DISPLAYER                 -----    -----
  +--> ?CO?MAIN

?PR?_SEG7PRINT?DISPLAYER                        0022H    0008H

?PR?KEYINIT?KEY                                 -----    -----
  +--> ?PR?_?SYS_GET_KEYEVENT?KEY
  +--> ?PR?_?SYS_KEY_DRV?KEY

?PR?ON_UART1?FIRMWARE_APP                       -----    -----
BL51 BANKED LINKER/LOCATER V6.22                                                      09/09/2026  12:05:57  PAGE 5


  +--> ?PR?_COPY24?FIRMWARE_APP

?PR?_COPY24?FIRMWARE_APP                        0034H    0006H

?PR?_SETEVENTCALLBACK?SYS                       0022H    0003H

?PR?ON_UART2?FIRMWARE_APP                       -----    -----
  +--> ?PR?_COPY24?FIRMWARE_APP

?PR?ON_10MS?FIRMWARE_APP                        -----    -----
  +--> ?PR?_PROCESS_ONE?FIRMWARE_APP
  +--> ?PR?_ENGINE_TICK10MS?TEST_ENGINE
  +--> ?PR?_ENGINE_COMPLETEATTEMPT?TEST_ENGINE
  +--> ?PR?FLUSH_UART1?FIRMWARE_APP
  +--> ?PR?FLUSH_UART2?FIRMWARE_APP

?PR?_PROCESS_ONE?FIRMWARE_APP                   0022H    0009H
  +--> ?PR?_PROTO_DECODE?PROTOCOL
  +--> ?PR?_ENGINE_HANDLEFRAME?TEST_ENGINE
  +--> ?PR?_ENRICH_HELLO?FIRMWARE_APP
  +--> ?PR?_PROTO_ENCODE?PROTOCOL
  +--> ?PR?_QUEUE_FRAME?FIRMWARE_APP

?PR?_PROTO_DECODE?PROTOCOL                      002BH    000AH
  +--> ?PR?_PROTO_CRC16?PROTOCOL
  +--> ?PR?_READ_U16?PROTOCOL

?PR?_PROTO_CRC16?PROTOCOL                       0066H    0007H

?PR?_ENGINE_HANDLEFRAME?TEST_ENGINE             002BH    000AH
  +--> ?PR?_MAKE_RESPONSE?TEST_ENGINE
  +--> ?PR?_ENRICH_RESPONSE?TEST_ENGINE
  +--> ?PR?_HANDLE_NEW?TEST_ENGINE

?PR?_MAKE_RESPONSE?TEST_ENGINE                  0035H    000AH

?PR?_ENRICH_RESPONSE?TEST_ENGINE                0035H    000EH
  +--> ?PR?_PUT_U16?TEST_ENGINE
  +--> ?PR?_RECORDSTORE_READCHUNK?RECORDS

?PR?_RECORDSTORE_READCHUNK?RECORDS              0043H    000DH

?PR?_HANDLE_NEW?TEST_ENGINE                     0035H    000CH
  +--> ?PR?_SESSION_RESET?SESSION
  +--> ?PR?_READ_U32?TEST_ENGINE
  +--> ?PR?_READ_U16?TEST_ENGINE
  +--> ?PR?_SESSION_MATCHES?SESSION
  +--> ?PR?_CRC_UPDATE?TEST_ENGINE
  +--> ?PR?_RECORDSTORE_READCHUNK?RECORDS
  +--> ?PR?_RECORDSTORE_RELEASE?RECORDS
  +--> ?PR?_ENGINE_COMPLETEATTEMPT?TEST_ENGINE

?PR?_READ_U32?TEST_ENGINE                       0041H    0003H

?PR?_ENGINE_COMPLETEATTEMPT?TEST_ENGINE         0041H    001CH
  +--> ?PR?_PUT_U16?TEST_ENGINE
  +--> ?PR?_PUT_U32?TEST_ENGINE
BL51 BANKED LINKER/LOCATER V6.22                                                      09/09/2026  12:05:57  PAGE 6


  +--> ?PR?_RECORDSTORE_SAVE?RECORDS

?PR?_PUT_U32?TEST_ENGINE                        005DH    0004H

?PR?_RECORDSTORE_SAVE?RECORDS                   005DH    0009H
  +--> ?PR?_PROTO_CRC16?PROTOCOL

?PR?_ENRICH_HELLO?FIRMWARE_APP                  002BH    0006H

?PR?_PROTO_ENCODE?PROTOCOL                      002BH    0007H
  +--> ?PR?_WRITE_U16?PROTOCOL
  +--> ?PR?_PROTO_CRC16?PROTOCOL

?PR?_QUEUE_FRAME?FIRMWARE_APP                   002BH    0009H
  +--> ?PR?_COPY24?FIRMWARE_APP

?PR?_ENGINE_TICK10MS?TEST_ENGINE                0022H    0004H
  +--> ?PR?_ENGINE_COMPLETEATTEMPT?TEST_ENGINE

?PR?FLUSH_UART1?FIRMWARE_APP                    -----    -----
  +--> ?PR?GETUART1TXSTATUS?UART1
  +--> ?PR?_PROMOTE_SLOT?FIRMWARE_APP
  +--> ?PR?_UART1PRINT?UART1

?PR?_PROMOTE_SLOT?FIRMWARE_APP                  0022H    0006H
  +--> ?PR?_COPY24?FIRMWARE_APP

?PR?FLUSH_UART2?FIRMWARE_APP                    -----    -----
  +--> ?PR?GETUART2TXSTATUS?UART2
  +--> ?PR?_PROMOTE_SLOT?FIRMWARE_APP
  +--> ?PR?_UART2PRINT?UART2

?PR?ON_1S?FIRMWARE_APP                          -----    -----
  +--> ?PR?GETSYSPERFORMANCE?SYS
  +--> ?PR?_SEG7PRINT?DISPLAYER

?PR?ON_KEY?FIRMWARE_APP                         0022H    0002H
  +--> ?PR?_GETKEYACT?KEY
  +--> ?PR?_LEDPRINT?DISPLAYER

?PR?MYSTC_INIT?SYS                              -----    -----
  +--> ?PR?SYS_TIMER0_INIT?SYS

?PR?SYS_TIMER0_INIT?SYS                         -----    -----
  +--> ?CO?MAIN

?PR?APP_STARTUART?FIRMWARE_APP                  -----    -----
  +--> ?PR?_UART1INIT?UART1
  +--> ?PR?_UART2INIT?UART2
  +--> ?PR?_SETUART1RXD?UART1
  +--> ?PR?_SETUART2RXD?UART2

?PR?_UART1INIT?UART1                            0022H    0004H
  +--> ?CO?MAIN
  +--> ?PR?_?SYS_GET_UART1RXDEVENT?UART1

?PR?_UART2INIT?UART2                            0022H    0005H
BL51 BANKED LINKER/LOCATER V6.22                                                      09/09/2026  12:05:57  PAGE 7


  +--> ?PR?_?NULLFUNC0?UART2
  +--> ?CO?MAIN
  +--> ?PR?_?SYS_GET_UART2RXDEVENT?UART2

?PR?_SETUART1RXD?UART1                          0022H    000AH

?PR?_SETUART2RXD?UART2                          0022H    000AH

?PR?MYSTC_OS?SYS                                -----    -----
  +--> ?PR?SYS_TASK_IR?SYS
  +--> ?PR?SYS_TASK_1MS?SYS
  +--> ?PR?SYS_TASK_10MS?SYS
  +--> ?PR?SYS_TASK_100MS?SYS
  +--> ?PR?SYS_TASK_1S?SYS

?C_INITSEG                                      -----    -----
  +--> ?PR?_?NULLFUNC?SYS
  +--> ?PR?_?RET0FUNC?SYS



SYMBOL TABLE OF MODULE:  .\output\AcceptanceDut (MAIN)

  VALUE           TYPE          NAME
  ----------------------------------

  -------         MODULE        MAIN
  C:0000H         SYMBOL        _ICE_DUMMY_
  D:0080H         PUBLIC        P0
  D:0090H         PUBLIC        P1
  D:00A0H         PUBLIC        P2
  D:00B0H         PUBLIC        P3
  D:00C0H         PUBLIC        P4
  D:00C8H         PUBLIC        P5
  D:00E8H         PUBLIC        P6
  D:00F8H         PUBLIC        P7
  D:00A8H         PUBLIC        IE
  D:00B8H         PUBLIC        IP
  D:00D8H         PUBLIC        CCON
  C:2EC6H         PUBLIC        main
  C:2E0DH         PUBLIC        SysClock
  D:0098H         PUBLIC        SCON
  D:0088H         PUBLIC        TCON
  C:2E11H         PUBLIC        decode_table
  D:00D0H         PUBLIC        PSW
  -------         PROC          MAIN
  C:2EC6H         LINE#         13
  C:2EC6H         LINE#         14
  C:2EC6H         LINE#         15
  C:2EC9H         LINE#         16
  C:2ECCH         LINE#         17
  C:2ECFH         LINE#         18
  -------         ENDPROC       MAIN
  -------         ENDMOD        MAIN

  -------         MODULE        FIRMWARE_APP
  C:0000H         SYMBOL        _ICE_DUMMY_
BL51 BANKED LINKER/LOCATER V6.22                                                      09/09/2026  12:05:57  PAGE 8


  C:1F42H         SYMBOL        on_10ms
  D:006DH         SYMBOL        frame_head
  D:006FH         SYMBOL        attempt_ticks
  C:2DCAH         SYMBOL        on_key
  C:294EH         SYMBOL        _queue_frame
  C:24A7H         PUBLIC        App_Init
  D:0071H         SYMBOL        performance
  C:2BEEH         SYMBOL        _copy24
  C:25B6H         SYMBOL        _process_one
  C:2D84H         SYMBOL        on_uart1
  C:2DA7H         SYMBOL        on_uart2
  C:2800H         SYMBOL        _promote_slot
  C:28FDH         PUBLIC        App_StartUart
  X:0000H         SYMBOL        uart1_pending
  X:0018H         SYMBOL        uart2_pending
  X:0030H         SYMBOL        uart1_rx
  X:0048H         SYMBOL        uart2_rx
  D:0076H         SYMBOL        rx_overflow
  X:0060H         SYMBOL        encoded_frame
  X:0078H         SYMBOL        uart1_waiting
  X:0092H         SYMBOL        uart2_waiting
  X:00ACH         SYMBOL        uart1_active
  X:00C6H         SYMBOL        uart2_active
  D:0078H         SYMBOL        uart1_has_pending
  D:0079H         SYMBOL        uart2_has_pending
  C:272BH         SYMBOL        on_1s
  X:00E0H         SYMBOL        response_frame
  C:2530H         SYMBOL        _enrich_hello
  C:2A25H         SYMBOL        flush_uart1
  C:2A69H         SYMBOL        flush_uart2
  X:00F4H         SYMBOL        engine
  X:0161H         SYMBOL        request_frame
  -------         PROC          L?0061
  -------         ENDPROC       L?0061
  -------         PROC          _COPY24
  D:0034H         SYMBOL        dst
  D:0037H         SYMBOL        src
  -------         DO            
  D:0007H         SYMBOL        i
  -------         ENDDO         
  C:2BEEH         LINE#         36
  C:2BF4H         LINE#         37
  C:2BF4H         LINE#         39
  C:2C16H         LINE#         40
  -------         ENDPROC       _COPY24
  -------         PROC          _QUEUE_FRAME
  D:002BH         SYMBOL        active
  D:002EH         SYMBOL        waiting
  D:0031H         SYMBOL        wire
  C:294EH         LINE#         42
  C:2954H         LINE#         43
  C:2954H         LINE#         44
  C:295CH         LINE#         45
  C:295FH         LINE#         46
  C:2965H         LINE#         47
  C:2965H         LINE#         48
  C:2975H         LINE#         49
BL51 BANKED LINKER/LOCATER V6.22                                                      09/09/2026  12:05:57  PAGE 9


  C:2978H         LINE#         50
  C:2986H         LINE#         51
  C:298DH         LINE#         52
  C:298DH         LINE#         53
  C:2995H         LINE#         54
  C:2995H         LINE#         55
  -------         ENDPROC       _QUEUE_FRAME
  -------         PROC          _PROMOTE_SLOT
  D:0022H         SYMBOL        active
  D:0025H         SYMBOL        waiting
  C:2800H         LINE#         57
  C:2806H         LINE#         58
  C:2806H         LINE#         59
  C:2814H         LINE#         60
  C:2823H         LINE#         61
  C:2831H         LINE#         62
  C:2838H         LINE#         63
  C:2841H         LINE#         64
  C:2843H         LINE#         65
  C:2850H         LINE#         66
  C:2857H         LINE#         67
  C:2857H         LINE#         68
  -------         ENDPROC       _PROMOTE_SLOT
  -------         PROC          FLUSH_UART1
  C:2A25H         LINE#         70
  C:2A25H         LINE#         71
  C:2A25H         LINE#         72
  C:2A31H         LINE#         73
  C:2A49H         LINE#         74
  C:2A62H         LINE#         76
  C:2A68H         LINE#         77
  -------         ENDPROC       FLUSH_UART1
  -------         PROC          FLUSH_UART2
  C:2A69H         LINE#         79
  C:2A69H         LINE#         80
  C:2A69H         LINE#         81
  C:2A75H         LINE#         82
  C:2A8DH         LINE#         83
  C:2AA6H         LINE#         85
  C:2AACH         LINE#         86
  -------         ENDPROC       FLUSH_UART2
  -------         PROC          ON_UART1
  C:2D84H         LINE#         88
  C:2D84H         LINE#         89
  C:2D84H         LINE#         90
  C:2D91H         LINE#         91
  C:2D91H         LINE#         92
  C:2DA3H         LINE#         93
  C:2DA6H         LINE#         94
  C:2DA6H         LINE#         95
  -------         ENDPROC       ON_UART1
  -------         PROC          ON_UART2
  C:2DA7H         LINE#         97
  C:2DA7H         LINE#         98
  C:2DA7H         LINE#         99
  C:2DB4H         LINE#         100
  C:2DB4H         LINE#         101
BL51 BANKED LINKER/LOCATER V6.22                                                      09/09/2026  12:05:57  PAGE 10


  C:2DC6H         LINE#         102
  C:2DC9H         LINE#         103
  C:2DC9H         LINE#         104
  -------         ENDPROC       ON_UART2
  -------         PROC          _ENRICH_HELLO
  D:002BH         SYMBOL        request
  D:002EH         SYMBOL        response
  C:2530H         LINE#         106
  C:2536H         LINE#         107
  C:2536H         LINE#         108
  C:2544H         LINE#         109
  C:254BH         LINE#         110
  C:2553H         LINE#         111
  C:255BH         LINE#         112
  C:257DH         LINE#         113
  C:259FH         LINE#         114
  C:25A7H         LINE#         115
  C:25AFH         LINE#         116
  -------         ENDPROC       _ENRICH_HELLO
  -------         PROC          _PROCESS_ONE
  D:0001H         SYMBOL        wire
  D:0025H         SYMBOL        active
  D:0028H         SYMBOL        waiting
  C:25B6H         LINE#         119
  C:25B6H         LINE#         120
  C:25B6H         LINE#         121
  C:25CCH         LINE#         122
  C:25E7H         LINE#         123
  C:25F4H         LINE#         124
  C:2606H         LINE#         125
  C:261BH         LINE#         126
  C:2636H         LINE#         127
  -------         ENDPROC       _PROCESS_ONE
  -------         PROC          ON_10MS
  C:1F42H         LINE#         129
  C:1F42H         LINE#         130
  C:1F42H         LINE#         131
  C:1F46H         LINE#         132
  C:1F49H         LINE#         133
  C:1F64H         LINE#         134
  C:1F64H         LINE#         135
  C:1F68H         LINE#         136
  C:1F6BH         LINE#         137
  C:1F86H         LINE#         138
  C:1F86H         LINE#         139
  C:1F8FH         LINE#         140
  C:1FA3H         LINE#         141
  C:1FABH         LINE#         142
  C:1FB4H         LINE#         144
  C:1FDEH         LINE#         145
  C:1FEDH         LINE#         146
  C:1FF0H         LINE#         147
  -------         ENDPROC       ON_10MS
  -------         PROC          ON_KEY
  -------         DO            
  D:0022H         SYMBOL        k1
  D:0023H         SYMBOL        k2
BL51 BANKED LINKER/LOCATER V6.22                                                      09/09/2026  12:05:57  PAGE 11


  -------         ENDDO         
  C:2DCAH         LINE#         150
  C:2DCAH         LINE#         151
  C:2DCAH         LINE#         152
  C:2DD1H         LINE#         153
  C:2DD8H         LINE#         154
  C:2DE2H         LINE#         155
  C:2DECH         LINE#         156
  -------         ENDPROC       ON_KEY
  -------         PROC          ON_1S
  C:272BH         LINE#         158
  C:272BH         LINE#         159
  C:272BH         LINE#         160
  C:273BH         LINE#         166
  -------         ENDPROC       ON_1S
  -------         PROC          APP_INIT
  C:24A7H         LINE#         169
  C:24A7H         LINE#         170
  C:24A7H         LINE#         171
  C:24AAH         LINE#         172
  C:24ACH         LINE#         173
  C:24B4H         LINE#         174
  C:24BCH         LINE#         175
  C:24C0H         LINE#         176
  C:24C4H         LINE#         177
  C:24CFH         LINE#         178
  C:24D2H         LINE#         179
  C:24D9H         LINE#         180
  C:24F1H         LINE#         181
  C:24F6H         LINE#         182
  C:24F9H         LINE#         183
  C:2504H         LINE#         184
  C:250FH         LINE#         185
  C:251AH         LINE#         186
  C:2525H         LINE#         187
  -------         ENDPROC       APP_INIT
  -------         PROC          APP_STARTUART
  C:28FDH         LINE#         193
  C:28FDH         LINE#         194
  C:28FDH         LINE#         195
  C:2908H         LINE#         196
  C:2916H         LINE#         197
  C:2932H         LINE#         198
  -------         ENDPROC       APP_STARTUART
  -------         ENDMOD        FIRMWARE_APP

  -------         MODULE        PROTOCOL
  C:0000H         SYMBOL        _ICE_DUMMY_
  C:1125H         PUBLIC        _Proto_Decode
  C:12EDH         PUBLIC        _Proto_Encode
  C:002BH         SYMBOL        _read_u16
  C:2EE2H         SYMBOL        _write_u16
  C:279EH         PUBLIC        _Proto_Crc16
  C:0026H         SYMBOL        L?0037
  -------         PROC          L?0036
  -------         ENDPROC       L?0036
  C:0026H         SYMBOL        L?0037
BL51 BANKED LINKER/LOCATER V6.22                                                      09/09/2026  12:05:57  PAGE 12


  -------         PROC          _READ_U16
  D:0001H         SYMBOL        p
  C:002BH         LINE#         3
  C:002BH         LINE#         4
  C:002BH         LINE#         5
  C:0038H         LINE#         6
  -------         ENDPROC       _READ_U16
  -------         PROC          _WRITE_U16
  D:0001H         SYMBOL        p
  D:0004H         SYMBOL        value
  C:2EE2H         LINE#         8
  C:2EE2H         LINE#         9
  C:2EE2H         LINE#         10
  C:2EE6H         LINE#         11
  -------         ENDPROC       _WRITE_U16
  -------         PROC          _PROTO_CRC16
  D:0066H         SYMBOL        bytes
  D:0069H         SYMBOL        length
  -------         DO            
  D:006BH         SYMBOL        crc
  D:0004H         SYMBOL        i
  D:0003H         SYMBOL        bit_index
  -------         ENDDO         
  C:279EH         LINE#         14
  C:27A8H         LINE#         15
  C:27A8H         LINE#         20
  C:27AEH         LINE#         21
  C:27BAH         LINE#         22
  C:27CAH         LINE#         23
  C:27CBH         LINE#         24
  C:27E5H         LINE#         25
  C:27F0H         LINE#         26
  C:27F4H         LINE#         27
  C:27FBH         LINE#         28
  C:27FFH         LINE#         29
  -------         ENDPROC       _PROTO_CRC16
  -------         PROC          _PROTO_ENCODE
  D:002BH         SYMBOL        frame
  D:002EH         SYMBOL        out
  -------         DO            
  D:0031H         SYMBOL        i
  D:0004H         SYMBOL        crc
  -------         ENDDO         
  C:12EDH         LINE#         31
  C:12F3H         LINE#         32
  C:12F3H         LINE#         41
  C:12FDH         LINE#         42
  C:1311H         LINE#         43
  C:131BH         LINE#         44
  C:131EH         LINE#         45
  C:1329H         LINE#         46
  C:1337H         LINE#         47
  C:134CH         LINE#         48
  C:1364H         LINE#         49
  C:137CH         LINE#         50
  C:1394H         LINE#         51
  C:13B9H         LINE#         52
BL51 BANKED LINKER/LOCATER V6.22                                                      09/09/2026  12:05:57  PAGE 13


  C:13E2H         LINE#         53
  C:13FAH         LINE#         54
  C:1412H         LINE#         55
  C:142AH         LINE#         56
  C:1442H         LINE#         57
  C:1445H         LINE#         58
  C:148BH         LINE#         59
  C:14A1H         LINE#         60
  C:14AFH         LINE#         61
  C:14B1H         LINE#         62
  -------         ENDPROC       _PROTO_ENCODE
  -------         PROC          _PROTO_DECODE
  D:002BH         SYMBOL        wire
  D:002EH         SYMBOL        destination
  D:002FH         SYMBOL        expected_session
  D:0031H         SYMBOL        out
  -------         DO            
  D:0034H         SYMBOL        i
  -------         ENDDO         
  C:1125H         LINE#         64
  C:112DH         LINE#         68
  C:112DH         LINE#         74
  C:1140H         LINE#         75
  C:116AH         LINE#         76
  C:117DH         LINE#         77
  C:118BH         LINE#         78
  C:1195H         LINE#         79
  C:1198H         LINE#         80
  C:11AAH         LINE#         81
  C:11C4H         LINE#         82
  C:11C7H         LINE#         83
  C:11DCH         LINE#         84
  C:11F4H         LINE#         85
  C:120CH         LINE#         86
  C:1224H         LINE#         87
  C:123CH         LINE#         88
  C:1254H         LINE#         89
  C:126CH         LINE#         90
  C:1284H         LINE#         91
  C:129CH         LINE#         92
  C:12B4H         LINE#         93
  C:12EAH         LINE#         94
  C:12ECH         LINE#         95
  -------         ENDPROC       _PROTO_DECODE
  -------         ENDMOD        PROTOCOL

  -------         MODULE        SESSION
  C:0000H         SYMBOL        _ICE_DUMMY_
  C:2E7FH         PUBLIC        _Session_Matches
  C:2BAEH         PUBLIC        _Session_Reset
  -------         PROC          _SESSION_RESET
  D:0001H         SYMBOL        session
  C:2BAEH         LINE#         3
  C:2BAEH         LINE#         4
  C:2BAEH         LINE#         5
  C:2BB4H         LINE#         6
  C:2BBDH         LINE#         7
BL51 BANKED LINKER/LOCATER V6.22                                                      09/09/2026  12:05:57  PAGE 14


  C:2BC6H         LINE#         8
  C:2BD0H         LINE#         9
  C:2BD7H         LINE#         10
  C:2BDEH         LINE#         11
  -------         ENDPROC       _SESSION_RESET
  -------         PROC          _SESSION_MATCHES
  D:0001H         SYMBOL        session
  D:0004H         SYMBOL        id
  C:2E7FH         LINE#         14
  C:2E7FH         LINE#         15
  C:2E7FH         LINE#         16
  C:2E96H         LINE#         17
  -------         ENDPROC       _SESSION_MATCHES
  -------         ENDMOD        SESSION

  -------         MODULE        RECORDS
  C:0000H         SYMBOL        _ICE_DUMMY_
  C:2D33H         PUBLIC        _RecordStore_Release
  C:164AH         PUBLIC        _RecordStore_ReadChunk
  C:2E48H         PUBLIC        _RecordStore_WireLength
  C:2CDAH         PUBLIC        _RecordStore_Reset
  C:213FH         PUBLIC        _RecordStore_Save
  -------         PROC          _RECORDSTORE_RESET
  D:0001H         SYMBOL        store
  C:2CDAH         LINE#         4
  C:2CDAH         LINE#         5
  C:2CDAH         LINE#         6
  C:2CE0H         LINE#         7
  C:2CE9H         LINE#         8
  C:2CF2H         LINE#         9
  C:2CFAH         LINE#         10
  C:2D01H         LINE#         11
  -------         ENDPROC       _RECORDSTORE_RESET
  -------         PROC          _RECORDSTORE_SAVE
  D:005DH         SYMBOL        store
  D:0005H         SYMBOL        kind
  D:0061H         SYMBOL        body
  D:0064H         SYMBOL        length
  -------         DO            
  D:0006H         SYMBOL        i
  -------         ENDDO         
  C:213FH         LINE#         14
  C:2145H         LINE#         16
  C:2145H         LINE#         18
  C:215BH         LINE#         19
  C:2168H         LINE#         20
  C:2175H         LINE#         21
  C:2180H         LINE#         22
  C:21B6H         LINE#         23
  C:21D2H         LINE#         24
  C:21DAH         LINE#         25
  C:21DCH         LINE#         26
  -------         ENDPROC       _RECORDSTORE_SAVE
  -------         PROC          _RECORDSTORE_READCHUNK
  D:0043H         SYMBOL        store
  D:0005H         SYMBOL        chunk_index
  D:0047H         SYMBOL        out
BL51 BANKED LINKER/LOCATER V6.22                                                      09/09/2026  12:05:57  PAGE 15


  -------         DO            
  D:004AH         SYMBOL        offset
  D:0005H         SYMBOL        i
  D:004CH         SYMBOL        total
  -------         DO            
  D:004EH         SYMBOL        index
  -------         ENDDO         
  -------         ENDDO         
  C:164AH         LINE#         28
  C:1650H         LINE#         30
  C:1650H         LINE#         31
  C:165AH         LINE#         33
  C:166AH         LINE#         34
  C:1680H         LINE#         35
  C:1682H         LINE#         36
  C:168EH         LINE#         37
  C:16A8H         LINE#         38
  C:16C8H         LINE#         39
  C:16EAH         LINE#         40
  C:170BH         LINE#         41
  C:172EH         LINE#         42
  C:174FH         LINE#         43
  C:1767H         LINE#         44
  C:1784H         LINE#         45
  C:178DH         LINE#         46
  C:178FH         LINE#         47
  -------         ENDPROC       _RECORDSTORE_READCHUNK
  -------         PROC          _RECORDSTORE_RELEASE
  D:0001H         SYMBOL        store
  D:0004H         SYMBOL        record_id
  C:2D33H         LINE#         49
  C:2D33H         LINE#         50
  C:2D33H         LINE#         51
  C:2D49H         LINE#         52
  C:2D50H         LINE#         53
  C:2D59H         LINE#         54
  C:2D5BH         LINE#         55
  -------         ENDPROC       _RECORDSTORE_RELEASE
  -------         PROC          _RECORDSTORE_WIRELENGTH
  D:0001H         SYMBOL        store
  C:2E48H         LINE#         57
  C:2E48H         LINE#         58
  C:2E48H         LINE#         59
  C:2E63H         LINE#         60
  -------         ENDPROC       _RECORDSTORE_WIRELENGTH
  -------         ENDMOD        RECORDS

  -------         MODULE        TEST_ENGINE
  C:0000H         SYMBOL        _ICE_DUMMY_
  C:241DH         PUBLIC        _Engine_Tick10ms
  C:2996H         SYMBOL        _put_u32
  C:2EEDH         SYMBOL        _put_u16
  C:0046H         SYMBOL        _handle_new
  C:2C17H         SYMBOL        _crc_update
  C:209BH         PUBLIC        _Engine_Init
  C:0D34H         SYMBOL        _enrich_response
  C:21DDH         SYMBOL        _read_u32
BL51 BANKED LINKER/LOCATER V6.22                                                      09/09/2026  12:05:57  PAGE 16


  C:0015H         SYMBOL        _read_u16
  C:1CDCH         PUBLIC        _Engine_CompleteAttempt
  C:18C9H         SYMBOL        _make_response
  C:14B2H         PUBLIC        _Engine_HandleFrame
  C:000EH         SYMBOL        L?0142
  C:0011H         SYMBOL        L?0143
  -------         PROC          L?0141
  -------         ENDPROC       L?0141
  C:000EH         SYMBOL        L?0142
  C:0011H         SYMBOL        L?0143
  -------         PROC          _READ_U16
  D:0001H         SYMBOL        p
  C:0015H         LINE#         3
  C:0015H         LINE#         4
  C:0015H         LINE#         5
  C:0022H         LINE#         6
  -------         ENDPROC       _READ_U16
  -------         PROC          _READ_U32
  D:0041H         SYMBOL        p
  C:21DDH         LINE#         8
  C:21E3H         LINE#         9
  C:21E3H         LINE#         11
  C:2272H         LINE#         12
  -------         ENDPROC       _READ_U32
  -------         PROC          _PUT_U16
  D:0001H         SYMBOL        p
  D:0004H         SYMBOL        value
  C:2EEDH         LINE#         14
  C:2EEDH         LINE#         15
  C:2EEDH         LINE#         16
  C:2EF1H         LINE#         17
  -------         ENDPROC       _PUT_U16
  -------         PROC          _PUT_U32
  D:0001H         SYMBOL        p
  D:005DH         SYMBOL        value
  C:2996H         LINE#         20
  C:299EH         LINE#         21
  C:299EH         LINE#         22
  C:29A2H         LINE#         23
  C:29B6H         LINE#         24
  C:29CAH         LINE#         25
  -------         ENDPROC       _PUT_U32
  -------         PROC          _CRC_UPDATE
  D:0002H         SYMBOL        crc
  D:0005H         SYMBOL        value
  -------         DO            
  D:0005H         SYMBOL        bit_index
  -------         ENDDO         
  C:2C17H         LINE#         28
  C:2C1BH         LINE#         29
  C:2C1BH         LINE#         31
  C:2C1FH         LINE#         32
  C:2C20H         LINE#         33
  C:2C44H         LINE#         34
  C:2C48H         LINE#         35
  -------         ENDPROC       _CRC_UPDATE
  -------         PROC          L?0144
BL51 BANKED LINKER/LOCATER V6.22                                                      09/09/2026  12:05:57  PAGE 17


  -------         ENDPROC       L?0144
  -------         PROC          _MAKE_RESPONSE
  D:0035H         SYMBOL        engine
  D:0038H         SYMBOL        request
  D:003BH         SYMBOL        status
  D:003CH         SYMBOL        response
  -------         DO            
  D:0007H         SYMBOL        i
  -------         ENDDO         
  C:18C9H         LINE#         37
  C:18CFH         LINE#         39
  C:18CFH         LINE#         41
  C:18DAH         LINE#         42
  C:18F6H         LINE#         43
  C:190EH         LINE#         44
  C:1926H         LINE#         45
  C:1943H         LINE#         46
  C:1960H         LINE#         47
  C:1978H         LINE#         48
  C:1990H         LINE#         49
  C:1998H         LINE#         50
  C:19A0H         LINE#         51
  C:19B7H         LINE#         52
  C:19C5H         LINE#         53
  C:19E2H         LINE#         54
  -------         ENDPROC       _MAKE_RESPONSE
  -------         PROC          _ENGINE_INIT
  D:0022H         SYMBOL        engine
  D:0025H         SYMBOL        role
  C:209BH         LINE#         56
  C:20A3H         LINE#         57
  C:20A3H         LINE#         58
  C:20A6H         LINE#         59
  C:20B4H         LINE#         60
  C:20C1H         LINE#         61
  C:20C8H         LINE#         62
  C:20D0H         LINE#         63
  C:20D7H         LINE#         64
  C:20E0H         LINE#         65
  C:20E9H         LINE#         66
  C:20F2H         LINE#         67
  C:20FCH         LINE#         68
  C:2103H         LINE#         69
  C:210AH         LINE#         70
  C:2111H         LINE#         71
  C:211AH         LINE#         72
  C:2123H         LINE#         73
  C:212AH         LINE#         74
  C:2131H         LINE#         75
  C:2138H         LINE#         76
  -------         ENDPROC       _ENGINE_INIT
  -------         PROC          _HANDLE_NEW
  D:0035H         SYMBOL        engine
  D:0038H         SYMBOL        request
  -------         DO            
  D:003BH         SYMBOL        value
  -------         DO            
BL51 BANKED LINKER/LOCATER V6.22                                                      09/09/2026  12:05:57  PAGE 18


  D:003DH         SYMBOL        i
  D:003DH         SYMBOL        chunk
  -------         ENDDO         
  -------         DO            
  D:003DH         SYMBOL        chunk
  -------         ENDDO         
  -------         ENDDO         
  C:0046H         LINE#         79
  C:004CH         LINE#         80
  C:004CH         LINE#         82
  C:0061H         LINE#         83
  C:0064H         LINE#         85
  C:0071H         LINE#         86
  C:0088H         LINE#         87
  C:00A7H         LINE#         88
  C:00AAH         LINE#         89
  C:00B3H         LINE#         90
  C:00CDH         LINE#         91
  C:00E7H         LINE#         92
  C:00FFH         LINE#         93
  C:011CH         LINE#         94
  C:0134H         LINE#         95
  C:013EH         LINE#         96
  C:0145H         LINE#         97
  C:014CH         LINE#         98
  C:0151H         LINE#         99
  C:0154H         LINE#         100
  C:0154H         LINE#         102
  C:0172H         LINE#         104
  C:01AFH         LINE#         105
  C:01AFH         LINE#         106
  C:01CEH         LINE#         107
  C:01D1H         LINE#         108
  C:01DEH         LINE#         109
  C:01E1H         LINE#         110
  C:0201H         LINE#         111
  C:0201H         LINE#         113
  C:0204H         LINE#         114
  C:0246H         LINE#         115
  C:0246H         LINE#         116
  C:025EH         LINE#         117
  C:0289H         LINE#         118
  C:028CH         LINE#         119
  C:028CH         LINE#         120
  C:02ABH         LINE#         121
  C:02AEH         LINE#         122
  C:02B5H         LINE#         123
  C:02D9H         LINE#         124
  C:02DCH         LINE#         125
  C:02E7H         LINE#         126
  C:02EFH         LINE#         127
  C:02F4H         LINE#         128
  C:02F7H         LINE#         129
  C:02F7H         LINE#         130
  C:030AH         LINE#         131
  C:031EH         LINE#         132
  C:0331H         LINE#         133
BL51 BANKED LINKER/LOCATER V6.22                                                      09/09/2026  12:05:57  PAGE 19


  C:033DH         LINE#         134
  C:0340H         LINE#         135
  C:035BH         LINE#         136
  C:035EH         LINE#         137
  C:037BH         LINE#         138
  C:037EH         LINE#         139
  C:0396H         LINE#         140
  C:039EH         LINE#         141
  C:03A8H         LINE#         142
  C:03C0H         LINE#         143
  C:03EBH         LINE#         144
  C:0421H         LINE#         146
  C:0425H         LINE#         147
  C:0428H         LINE#         148
  C:0428H         LINE#         149
  C:0447H         LINE#         150
  C:044AH         LINE#         151
  C:0454H         LINE#         152
  C:0468H         LINE#         153
  C:0480H         LINE#         154
  C:0480H         LINE#         155
  C:0483H         LINE#         156
  C:0483H         LINE#         157
  C:04A2H         LINE#         158
  C:04A5H         LINE#         159
  C:04BFH         LINE#         160
  C:04C9H         LINE#         161
  C:04CCH         LINE#         162
  C:04CCH         LINE#         163
  C:04DFH         LINE#         164
  C:050FH         LINE#         165
  C:0512H         LINE#         166
  C:0512H         LINE#         168
  C:0541H         LINE#         169
  C:0544H         LINE#         170
  C:0544H         LINE#         171
  C:0547H         LINE#         172
  C:0547H         LINE#         173
  C:055AH         LINE#         174
  C:0572H         LINE#         175
  C:0575H         LINE#         176
  C:0583H         LINE#         177
  C:0587H         LINE#         178
  C:058AH         LINE#         179
  C:058AH         LINE#         180
  C:05A9H         LINE#         181
  C:05ACH         LINE#         182
  C:05C6H         LINE#         183
  C:05D8H         LINE#         184
  C:05ECH         LINE#         185
  C:0608H         LINE#         186
  C:060BH         LINE#         187
  C:060BH         LINE#         188
  C:0649H         LINE#         190
  C:064CH         LINE#         191
  C:065BH         LINE#         192
  C:0679H         LINE#         193
BL51 BANKED LINKER/LOCATER V6.22                                                      09/09/2026  12:05:57  PAGE 20


  C:0688H         LINE#         194
  C:06A7H         LINE#         195
  C:06B6H         LINE#         196
  C:06D5H         LINE#         197
  C:06D8H         LINE#         198
  C:06D8H         LINE#         199
  C:06EBH         LINE#         200
  C:06EEH         LINE#         201
  C:06EEH         LINE#         202
  C:0704H         LINE#         203
  C:0707H         LINE#         204
  C:070FH         LINE#         205
  C:0717H         LINE#         206
  C:071DH         LINE#         207
  C:071FH         LINE#         208
  C:071FH         LINE#         209
  C:0732H         LINE#         210
  C:0737H         LINE#         211
  C:0739H         LINE#         212
  C:0739H         LINE#         213
  C:074CH         LINE#         214
  C:0754H         LINE#         215
  C:0757H         LINE#         216
  C:0757H         LINE#         217
  C:0765H         LINE#         218
  C:076EH         LINE#         219
  C:0771H         LINE#         220
  C:0771H         LINE#         221
  C:0773H         LINE#         222
  C:0773H         LINE#         223
  -------         ENDPROC       _HANDLE_NEW
  -------         PROC          _ENRICH_RESPONSE
  D:0035H         SYMBOL        engine
  D:0038H         SYMBOL        request
  D:003BH         SYMBOL        status
  D:003CH         SYMBOL        response
  -------         DO            
  D:003FH         SYMBOL        chunk
  -------         ENDDO         
  C:0D34H         LINE#         225
  C:0D3AH         LINE#         227
  C:0D3AH         LINE#         229
  C:0D41H         LINE#         230
  C:0D54H         LINE#         231
  C:0D62H         LINE#         232
  C:0D7AH         LINE#         233
  C:0D9FH         LINE#         234
  C:0DB7H         LINE#         235
  C:0DCFH         LINE#         236
  C:0E05H         LINE#         237
  C:0E18H         LINE#         238
  C:0E26H         LINE#         239
  C:0E4BH         LINE#         240
  C:0E63H         LINE#         241
  C:0E93H         LINE#         242
  C:0EA9H         LINE#         243
  C:0EB6H         LINE#         244
BL51 BANKED LINKER/LOCATER V6.22                                                      09/09/2026  12:05:57  PAGE 21


  C:0ECCH         LINE#         245
  C:0EDAH         LINE#         246
  C:0F0AH         LINE#         247
  C:0F3AH         LINE#         248
  C:0F52H         LINE#         249
  C:0F52H         LINE#         250
  -------         ENDPROC       _ENRICH_RESPONSE
  -------         PROC          _ENGINE_HANDLEFRAME
  D:002BH         SYMBOL        engine
  D:002EH         SYMBOL        request
  D:0031H         SYMBOL        response
  -------         DO            
  D:0034H         SYMBOL        status
  -------         ENDDO         
  C:14B2H         LINE#         252
  C:14B8H         LINE#         254
  C:14B8H         LINE#         256
  C:1547H         LINE#         258
  C:1547H         LINE#         259
  C:155BH         LINE#         260
  C:157EH         LINE#         261
  C:158CH         LINE#         262
  C:158CH         LINE#         263
  C:15A0H         LINE#         264
  C:15BDH         LINE#         265
  C:15DAH         LINE#         266
  C:15F2H         LINE#         267
  C:160AH         LINE#         268
  C:1612H         LINE#         269
  C:161AH         LINE#         270
  C:1629H         LINE#         271
  C:1647H         LINE#         272
  C:1649H         LINE#         273
  -------         ENDPROC       _ENGINE_HANDLEFRAME
  -------         PROC          _ENGINE_COMPLETEATTEMPT
  D:0041H         SYMBOL        engine
  D:0007H         SYMBOL        verdict
  D:0045H         SYMBOL        reason
  D:0046H         SYMBOL        duration_ms
  D:004AH         SYMBOL        valid
  D:004CH         SYMBOL        errors
  -------         DO            
  D:004EH         SYMBOL        body
  -------         ENDDO         
  C:1CDCH         LINE#         275
  C:1CE4H         LINE#         278
  C:1CE4H         LINE#         280
  C:1CF7H         LINE#         281
  C:1D08H         LINE#         282
  C:1D20H         LINE#         283
  C:1D2EH         LINE#         284
  C:1D30H         LINE#         285
  C:1D33H         LINE#         286
  C:1D43H         LINE#         287
  C:1D46H         LINE#         288
  C:1D57H         LINE#         289
  C:1D62H         LINE#         290
BL51 BANKED LINKER/LOCATER V6.22                                                      09/09/2026  12:05:57  PAGE 22


  C:1D6DH         LINE#         291
  C:1D92H         LINE#         292
  C:1DA0H         LINE#         293
  C:1DA7H         LINE#         294
  C:1DB0H         LINE#         295
  C:1DB8H         LINE#         296
  C:1DBAH         LINE#         297
  -------         ENDPROC       _ENGINE_COMPLETEATTEMPT
  -------         PROC          _ENGINE_TICK10MS
  D:0022H         SYMBOL        engine
  -------         DO            
  D:0025H         SYMBOL        verdict
  -------         ENDDO         
  C:241DH         LINE#         299
  C:2423H         LINE#         300
  C:2423H         LINE#         301
  C:2438H         LINE#         302
  C:2442H         LINE#         303
  C:244CH         LINE#         304
  C:245AH         LINE#         305
  C:2462H         LINE#         306
  C:2462H         LINE#         307
  C:2475H         LINE#         308
  C:2487H         LINE#         309
  C:24A6H         LINE#         310
  C:24A6H         LINE#         311
  -------         ENDPROC       _ENGINE_TICK10MS
  -------         ENDMOD        TEST_ENGINE

  -------         MODULE        DISPLAYER
  C:0000H         SYMBOL        _ICE_DUMMY_
  D:0093H         PUBLIC        P0M1
  D:0096H         PUBLIC        P2M0
  D:0080H         PUBLIC        P0
  D:0095H         PUBLIC        P2M1
  D:0090H         PUBLIC        P1
  D:00A0H         PUBLIC        P2
  D:00B0H         PUBLIC        P3
  D:00C0H         PUBLIC        P4
  D:00C8H         PUBLIC        P5
  D:00E8H         PUBLIC        P6
  D:00F8H         PUBLIC        P7
  D:00A8H         PUBLIC        IE
  D:00B8H         PUBLIC        IP
  D:00D8H         PUBLIC        CCON
  C:2F29H         PUBLIC        _LedPrint
  B:00A0H.0       PUBLIC        P20
  B:00A0H.1       PUBLIC        P21
  D:0098H         PUBLIC        SCON
  B:00A0H.2       PUBLIC        P22
  D:0088H         PUBLIC        TCON
  B:00A0H.3       PUBLIC        P23
  C:2E64H         PUBLIC        DisplayerInit
  X:020DH         PUBLIC        sys_Disp
  C:2F0EH         PUBLIC        _SetDisplayerArea
  C:2DEDH         PUBLIC        _Seg7Print
  C:1BF3H         PUBLIC        _?sys_display_drv
BL51 BANKED LINKER/LOCATER V6.22                                                      09/09/2026  12:05:57  PAGE 23


  D:00D0H         PUBLIC        PSW
  D:0094H         PUBLIC        P0M0
  -------         PROC          _?SYS_DISPLAY_DRV
  C:1BF3H         LINE#         16
  C:1BF3H         LINE#         18
  C:1BF6H         LINE#         19
  C:1C1FH         LINE#         20
  C:1C25H         LINE#         21
  C:1C2BH         LINE#         22
  C:1C31H         LINE#         23
  C:1C37H         LINE#         24
  C:1C41H         LINE#         25
  C:1C4BH         LINE#         26
  C:1C55H         LINE#         27
  C:1C5FH         LINE#         28
  C:1C61H         LINE#         29
  C:1C61H         LINE#         30
  C:1C69H         LINE#         31
  C:1C92H         LINE#         33
  C:1CADH         LINE#         34
  C:1CB0H         LINE#         35
  C:1CB0H         LINE#         36
  C:1CC7H         LINE#         37
  C:1CD3H         LINE#         39
  C:1CDBH         LINE#         40
  -------         ENDPROC       _?SYS_DISPLAY_DRV
  -------         PROC          DISPLAYERINIT
  C:2E64H         LINE#         42
  C:2E64H         LINE#         43
  C:2E64H         LINE#         44
  C:2E67H         LINE#         45
  C:2E6AH         LINE#         46
  C:2E6DH         LINE#         47
  C:2E70H         LINE#         48
  C:2E7EH         LINE#         49
  -------         ENDPROC       DISPLAYERINIT
  -------         PROC          _SETDISPLAYERAREA
  D:0007H         SYMBOL        Begin_of_scan
  D:0005H         SYMBOL        Ending_of_Scan
  C:2F0EH         LINE#         51
  C:2F0EH         LINE#         52
  C:2F13H         LINE#         53
  C:2F16H         LINE#         54
  -------         ENDPROC       _SETDISPLAYERAREA
  -------         PROC          _SEG7PRINT
  D:0007H         SYMBOL        d0
  D:0005H         SYMBOL        d1
  D:0003H         SYMBOL        d2
  D:0025H         SYMBOL        d3
  D:0026H         SYMBOL        d4
  D:0027H         SYMBOL        d5
  D:0028H         SYMBOL        d6
  D:0029H         SYMBOL        d7
  C:2DEDH         LINE#         56
  C:2DEDH         LINE#         57
  C:2DF2H         LINE#         58
  C:2DF5H         LINE#         59
BL51 BANKED LINKER/LOCATER V6.22                                                      09/09/2026  12:05:57  PAGE 24


  C:2DF8H         LINE#         60
  C:2DFCH         LINE#         61
  C:2E00H         LINE#         62
  C:2E04H         LINE#         63
  C:2E08H         LINE#         64
  C:2E0CH         LINE#         65
  -------         ENDPROC       _SEG7PRINT
  -------         PROC          _LEDPRINT
  D:0007H         SYMBOL        led_val
  C:2F29H         LINE#         67
  C:2F29H         LINE#         68
  C:2F2EH         LINE#         69
  -------         ENDPROC       _LEDPRINT
  -------         ENDMOD        DISPLAYER

  -------         MODULE        KEY
  C:0000H         SYMBOL        _ICE_DUMMY_
  D:0080H         PUBLIC        P0
  D:0090H         PUBLIC        P1
  D:00A0H         PUBLIC        P2
  D:00B0H         PUBLIC        P3
  D:00C0H         PUBLIC        P4
  D:00C8H         PUBLIC        P5
  D:00E8H         PUBLIC        P6
  D:00F8H         PUBLIC        P7
  D:00A8H         PUBLIC        IE
  D:001EH         PUBLIC        sys_keyEvent
  D:00B8H         PUBLIC        IP
  D:00D8H         PUBLIC        CCON
  C:2ED4H         PUBLIC        _?sys_get_keyEvent
  D:0098H         PUBLIC        SCON
  D:0088H         PUBLIC        TCON
  C:19E3H         PUBLIC        _?sys_key_drv
  C:2E2BH         PUBLIC        KeyInit
  B:00B0H.2       PUBLIC        IO_Key1
  B:00B0H.3       PUBLIC        IO_Key2
  B:0090H.7       PUBLIC        IO_Key3
  C:2AF1H         PUBLIC        _GetKeyAct
  X:021AH         PUBLIC        sys_Key
  D:00D0H         PUBLIC        PSW
  -------         PROC          _?SYS_KEY_DRV
  -------         DO            
  i:0000H         SYMBOL        i
  X:0219H         SYMBOL        counter
  -------         ENDDO         
  C:19E3H         LINE#         28
  C:19E5H         LINE#         31
  C:19EEH         LINE#         32
  C:19F7H         LINE#         33
  C:1A00H         LINE#         34
  C:1A0BH         LINE#         35
  C:1A0EH         LINE#         36
  C:1A20H         LINE#         37
  C:1A3EH         LINE#         38
  C:1A57H         LINE#         39
  C:1A73H         LINE#         40
  C:1A75H         LINE#         41
BL51 BANKED LINKER/LOCATER V6.22                                                      09/09/2026  12:05:57  PAGE 25


  C:1A75H         LINE#         42
  C:1A77H         LINE#         44
  C:1A98H         LINE#         45
  C:1AAEH         LINE#         46
  C:1AB1H         LINE#         47
  C:1AB1H         LINE#         48
  C:1AB1H         LINE#         49
  C:1AE4H         LINE#         50
  C:1AFFH         LINE#         51
  C:1B03H         LINE#         52
  C:1B03H         LINE#         53
  -------         ENDPROC       _?SYS_KEY_DRV
  -------         PROC          _?SYS_GET_KEYEVENT
  -------         DO            
  i:0000H         SYMBOL        a
  -------         ENDDO         
  C:2ED4H         LINE#         55
  C:2ED6H         LINE#         57
  C:2EDAH         LINE#         58
  C:2EDDH         LINE#         59
  C:2EDFH         LINE#         60
  -------         ENDPROC       _?SYS_GET_KEYEVENT
  -------         PROC          KEYINIT
  C:2E2BH         LINE#         62
  C:2E2BH         LINE#         63
  C:2E2BH         LINE#         64
  C:2E39H         LINE#         65
  C:2E47H         LINE#         66
  -------         ENDPROC       KEYINIT
  -------         PROC          _GETKEYACT
  D:0007H         SYMBOL        Key
  -------         DO            
  D:0006H         SYMBOL        a
  -------         ENDDO         
  C:2AF1H         LINE#         68
  C:2AF1H         LINE#         69
  C:2AF1H         LINE#         70
  C:2AFBH         LINE#         71
  C:2B16H         LINE#         72
  C:2B2BH         LINE#         73
  C:2B2EH         LINE#         74
  C:2B2EH         LINE#         75
  C:2B30H         LINE#         76
  -------         ENDPROC       _GETKEYACT
  -------         ENDMOD        KEY

  -------         MODULE        SYS
  C:0000H         SYMBOL        _ICE_DUMMY_
  X:0175H         PUBLIC        count_1mS
  B:00D8H.2       PUBLIC        CCF2
  D:0080H         PUBLIC        P0
  B:0020H.1       PUBLIC        flag_1S
  D:0090H         PUBLIC        P1
  D:00A0H         PUBLIC        P2
  D:00B0H         PUBLIC        P3
  D:00C0H         PUBLIC        P4
  X:0176H         PUBLIC        T1
BL51 BANKED LINKER/LOCATER V6.22                                                      09/09/2026  12:05:57  PAGE 26


  D:00C8H         PUBLIC        P5
  X:0178H         PUBLIC        T2
  B:00A8H.7       PUBLIC        EA
  D:00E8H         PUBLIC        P6
  D:00F8H         PUBLIC        P7
  D:0009H         PUBLIC        IrDatNum
  B:00D8H.7       PUBLIC        CF
  B:0020H.2       PUBLIC        Ir_Coder
  B:0020H.3       PUBLIC        Ir_RxBusy
  D:00A8H         PUBLIC        IE
  B:0020H.4       PUBLIC        Ir_TxBusy
  X:017AH         PUBLIC        userfunccall
  D:00FAH         PUBLIC        CCAP0H
  D:00FBH         PUBLIC        CCAP1H
  C:2392H         PUBLIC        sys_task_Ir
  D:000AH         PUBLIC        IrCount_j
  D:000BH         PUBLIC        IrRx_count
  D:000CH         PUBLIC        IrProtocol
  D:00EAH         PUBLIC        CCAP0L
  D:000DH         PUBLIC        IrTx_count
  D:00EBH         PUBLIC        CCAP1L
  D:00DAH         PUBLIC        CCAPM0
  D:00DBH         PUBLIC        CCAPM1
  D:000EH         PUBLIC        MainLoops
  D:00B8H         PUBLIC        IP
  B:00D0H.7       PUBLIC        CY
  B:0020H.5       PUBLIC        flag_10mS
  D:00D8H         PUBLIC        CCON
  C:2F17H         PUBLIC        GetBeepTimer
  C:28ABH         PUBLIC        sys_Timer0_isr
  C:2637H         PUBLIC        _SetEventCallBack
  C:2F2FH         PUBLIC        MySTC_Init
  C:2B31H         PUBLIC        sys_task_100mS
  D:0012H         PUBLIC        ModBus_interval_time
  C:003EH         PUBLIC        _?ret0func
  C:2858H         PUBLIC        GetUltraSonic
  X:019EH         PUBLIC        count_10mS
  X:019FH         PUBLIC        stcDrivers
  C:2F20H         PUBLIC        _SetBeepTimer
  B:0020H.6       PUBLIC        flag_IrRxFinished
  D:0098H         PUBLIC        SCON
  C:2E97H         PUBLIC        _SetCCP0
  C:2B70H         PUBLIC        MySTC_OS
  D:0089H         PUBLIC        TMOD
  D:0088H         PUBLIC        TCON
  B:0020H.7       PUBLIC        flag_Ir
  B:00B0H.5       PUBLIC        P35
  D:0013H         PUBLIC        IrRxNum
  X:01D5H         PUBLIC        SysPerformance
  D:008EH         PUBLIC        AUXR
  C:1FF3H         PUBLIC        sys_CCP_isr
  C:1B06H         PUBLIC        sys_task_1mS
  B:00A8H.1       PUBLIC        ET0
  C:2F35H         PUBLIC        ClrBeepPin
  D:008CH         PUBLIC        TH0
  B:0021H.0       PUBLIC        flag_100mS
  X:01DAH         PUBLIC        distance
BL51 BANKED LINKER/LOCATER V6.22                                                      09/09/2026  12:05:57  PAGE 27


  D:008AH         PUBLIC        TL0
  D:0014H         PUBLIC        PollingMisses
  X:01DCH         PUBLIC        sys_BP
  B:0088H.4       PUBLIC        TR0
  C:2D08H         PUBLIC        sys_task_1S
  C:0003H         PUBLIC        GetSysPerformance
  B:0021H.1       PUBLIC        matchModBus
  X:01E2H         PUBLIC        count_100mS
  B:0021H.2       PUBLIC        Ir_BitBusy
  D:0015H         PUBLIC        IrDat_count
  D:0016H         PUBLIC        IrMute_count
  B:0021H.3       PUBLIC        newFrame1
  C:29DEH         PUBLIC        sys_Timer0_Init
  B:0021H.4       PUBLIC        newFrame2
  D:0017H         PUBLIC        IrDataPc
  C:000AH         PUBLIC        _?nullfunc
  B:0021H.5       PUBLIC        flag_1mS
  B:0021H.6       PUBLIC        newUS
  D:008FH         PUBLIC        INT_CLKO
  C:2273H         PUBLIC        sys_task_10mS
  D:00D0H         PUBLIC        PSW
  B:00D8H.0       PUBLIC        CCF0
  B:00B0H.4       PUBLIC        Beep
  B:00D8H.1       PUBLIC        CCF1
  -------         PROC          _?NULLFUNC
  C:000AH         LINE#         13
  -------         ENDPROC       _?NULLFUNC
  -------         PROC          _?RET0FUNC
  C:003EH         LINE#         14
  -------         ENDPROC       _?RET0FUNC
  -------         PROC          SYS_TIMER0_INIT
  C:29DEH         LINE#         96
  C:29DEH         LINE#         97
  C:29E1H         LINE#         98
  C:29E4H         LINE#         99
  C:29FAH         LINE#         100
  C:2A20H         LINE#         101
  C:2A22H         LINE#         102
  C:2A24H         LINE#         103
  -------         ENDPROC       SYS_TIMER0_INIT
  -------         PROC          SYS_TIMER0_ISR
  -------         DO            
  D:0008H         SYMBOL        i
  -------         ENDDO         
  C:28ABH         LINE#         105
  C:28AFH         LINE#         107
  C:28B2H         LINE#         108
  C:28B5H         LINE#         109
  C:28BAH         LINE#         110
  C:28BCH         LINE#         111
  C:28BCH         LINE#         112
  C:28C2H         LINE#         113
  C:28C8H         LINE#         114
  C:28CBH         LINE#         115
  C:28CDH         LINE#         116
  C:28D0H         LINE#         117
  C:28D4H         LINE#         118
BL51 BANKED LINKER/LOCATER V6.22                                                      09/09/2026  12:05:57  PAGE 28


  C:28D6H         LINE#         119
  C:28D9H         LINE#         120
  C:28DBH         LINE#         122
  C:28DEH         LINE#         123
  C:28E0H         LINE#         124
  C:28E5H         LINE#         125
  C:28E5H         LINE#         126
  C:28E7H         LINE#         128
  C:28F0H         LINE#         129
  C:28F2H         LINE#         130
  C:28F8H         LINE#         131
  C:28F8H         LINE#         132
  C:28F8H         LINE#         133
  C:28F8H         LINE#         134
  -------         ENDPROC       SYS_TIMER0_ISR
  -------         PROC          GETULTRASONIC
  -------         DO            
  D:001AH         SYMBOL        a
  -------         ENDDO         
  C:2858H         LINE#         138
  C:2858H         LINE#         139
  C:2858H         LINE#         140
  C:285BH         LINE#         141
  C:285DH         LINE#         142
  C:286CH         LINE#         143
  C:28A2H         LINE#         144
  C:28A2H         LINE#         145
  C:28AAH         LINE#         146
  -------         ENDPROC       GETULTRASONIC
  -------         PROC          GETBEEPTIMER
  C:2F17H         LINE#         148
  C:2F17H         LINE#         149
  C:2F1FH         LINE#         150
  -------         ENDPROC       GETBEEPTIMER
  -------         PROC          _SETBEEPTIMER
  D:0006H         SYMBOL        a
  C:2F20H         LINE#         152
  C:2F20H         LINE#         153
  C:2F28H         LINE#         154
  -------         ENDPROC       _SETBEEPTIMER
  -------         PROC          _SETCCP0
  D:0006H         SYMBOL        step
  D:0004H         SYMBOL        next
  C:2E97H         LINE#         156
  C:2E97H         LINE#         157
  C:2E9FH         LINE#         158
  C:2EA7H         LINE#         159
  -------         ENDPROC       _SETCCP0
  -------         PROC          CLRBEEPPIN
  C:2F35H         LINE#         161
  C:2F35H         LINE#         162
  C:2F37H         LINE#         163
  -------         ENDPROC       CLRBEEPPIN
  -------         PROC          SYS_CCP_ISR
  -------         DO            
  B:0020H.0       SYMBOL        a
  -------         ENDDO         
BL51 BANKED LINKER/LOCATER V6.22                                                      09/09/2026  12:05:57  PAGE 29


  C:1FF3H         LINE#         165
  C:2006H         LINE#         167
  C:200DH         LINE#         168
  C:2014H         LINE#         169
  C:2017H         LINE#         170
  C:2019H         LINE#         171
  C:2029H         LINE#         172
  C:2030H         LINE#         173
  C:2033H         LINE#         174
  C:2035H         LINE#         175
  C:2037H         LINE#         177
  C:204BH         LINE#         178
  C:204EH         LINE#         179
  C:2050H         LINE#         180
  C:2052H         LINE#         181
  C:2054H         LINE#         183
  C:2054H         LINE#         184
  C:2057H         LINE#         185
  C:2059H         LINE#         186
  C:2063H         LINE#         187
  C:2065H         LINE#         188
  C:206EH         LINE#         189
  C:2071H         LINE#         190
  C:2083H         LINE#         191
  C:2085H         LINE#         193
  C:2087H         LINE#         194
  C:208AH         LINE#         195
  C:208AH         LINE#         196
  C:208AH         LINE#         197
  -------         ENDPROC       SYS_CCP_ISR
  -------         PROC          MYSTC_INIT
  C:2F2FH         LINE#         199
  C:2F2FH         LINE#         200
  C:2F32H         LINE#         201
  C:2F34H         LINE#         202
  -------         ENDPROC       MYSTC_INIT
  -------         PROC          SYS_TASK_IR
  -------         DO            
  D:0007H         SYMBOL        a
  -------         ENDDO         
  C:2392H         LINE#         204
  C:2392H         LINE#         205
  C:2392H         LINE#         206
  C:23A8H         LINE#         207
  C:23AFH         LINE#         208
  C:23B2H         LINE#         209
  C:23B5H         LINE#         210
  C:23CBH         LINE#         211
  C:23DBH         LINE#         212
  C:23E3H         LINE#         213
  C:23E6H         LINE#         214
  C:23E8H         LINE#         216
  C:23FEH         LINE#         217
  C:2412H         LINE#         218
  C:2412H         LINE#         219
  C:2414H         LINE#         220
  C:2417H         LINE#         222
BL51 BANKED LINKER/LOCATER V6.22                                                      09/09/2026  12:05:57  PAGE 30


  C:2417H         LINE#         224
  C:2419H         LINE#         225
  C:241CH         LINE#         226
  C:241CH         LINE#         227
  -------         ENDPROC       SYS_TASK_IR
  -------         PROC          SYS_TASK_1MS
  C:1B06H         LINE#         229
  C:1B06H         LINE#         230
  C:1B0EH         LINE#         231
  C:1B11H         LINE#         232
  C:1B13H         LINE#         233
  C:1B1BH         LINE#         234
  C:1B1EH         LINE#         235
  C:1B20H         LINE#         236
  C:1B28H         LINE#         237
  C:1B2BH         LINE#         238
  C:1B2DH         LINE#         239
  C:1B2DH         LINE#         240
  C:1B2DH         LINE#         241
  C:1B2DH         LINE#         242
  C:1B39H         LINE#         243
  C:1B45H         LINE#         244
  C:1B51H         LINE#         245
  C:1B5DH         LINE#         246
  C:1B69H         LINE#         247
  C:1B75H         LINE#         248
  C:1B90H         LINE#         249
  C:1B9FH         LINE#         250
  C:1BABH         LINE#         251
  C:1BADH         LINE#         252
  C:1BADH         LINE#         253
  C:1BB4H         LINE#         254
  C:1BB7H         LINE#         255
  C:1BC6H         LINE#         256
  C:1BC8H         LINE#         257
  C:1BC8H         LINE#         258
  C:1BCAH         LINE#         260
  C:1BD9H         LINE#         261
  C:1BE5H         LINE#         262
  C:1BE7H         LINE#         263
  C:1BE7H         LINE#         264
  C:1BE7H         LINE#         265
  -------         ENDPROC       SYS_TASK_1MS
  -------         PROC          SYS_TASK_10MS
  C:2273H         LINE#         268
  C:2273H         LINE#         269
  C:227FH         LINE#         270
  C:228BH         LINE#         271
  C:2297H         LINE#         272
  C:22A3H         LINE#         273
  C:22BEH         LINE#         274
  C:22D9H         LINE#         275
  C:22F4H         LINE#         276
  C:22F7H         LINE#         277
  C:22F9H         LINE#         278
  C:2305H         LINE#         279
  C:2305H         LINE#         280
BL51 BANKED LINKER/LOCATER V6.22                                                      09/09/2026  12:05:57  PAGE 31


  -------         ENDPROC       SYS_TASK_10MS
  -------         PROC          SYS_TASK_100MS
  C:2B31H         LINE#         282
  C:2B31H         LINE#         283
  C:2B3DH         LINE#         284
  C:2B58H         LINE#         285
  C:2B64H         LINE#         286
  -------         ENDPROC       SYS_TASK_100MS
  -------         PROC          SYS_TASK_1S
  C:2D08H         LINE#         289
  C:2D08H         LINE#         290
  C:2D16H         LINE#         291
  C:2D1CH         LINE#         292
  C:2D25H         LINE#         293
  C:2D27H         LINE#         294
  -------         ENDPROC       SYS_TASK_1S
  -------         PROC          MYSTC_OS
  C:2B70H         LINE#         297
  C:2B70H         LINE#         298
  C:2B78H         LINE#         299
  C:2B80H         LINE#         300
  C:2B88H         LINE#         301
  C:2B90H         LINE#         302
  C:2B98H         LINE#         303
  C:2BADH         LINE#         306
  -------         ENDPROC       MYSTC_OS
  -------         PROC          _SETEVENTCALLBACK
  D:0007H         SYMBOL        event
  D:0022H         SYMBOL        user_callback
  C:2637H         LINE#         308
  C:263DH         LINE#         309
  C:266EH         LINE#         310
  C:2671H         LINE#         311
  C:2673H         LINE#         312
  C:2676H         LINE#         313
  C:2678H         LINE#         314
  C:267BH         LINE#         315
  C:267DH         LINE#         316
  C:2680H         LINE#         317
  C:2682H         LINE#         318
  C:2685H         LINE#         319
  C:2687H         LINE#         320
  C:268AH         LINE#         321
  C:268CH         LINE#         322
  C:268FH         LINE#         323
  C:2691H         LINE#         324
  C:2694H         LINE#         325
  C:2696H         LINE#         326
  C:2699H         LINE#         327
  C:269BH         LINE#         328
  C:269EH         LINE#         329
  C:26A0H         LINE#         330
  C:26A3H         LINE#         331
  C:26A5H         LINE#         332
  C:26B3H         LINE#         333
  C:26B3H         LINE#         334
  C:26B3H         LINE#         335
BL51 BANKED LINKER/LOCATER V6.22                                                      09/09/2026  12:05:57  PAGE 32


  C:26B3H         LINE#         336
  -------         ENDPROC       _SETEVENTCALLBACK
  -------         PROC          GETSYSPERFORMANCE
  C:0003H         LINE#         338
  C:0003H         LINE#         339
  C:0009H         LINE#         340
  -------         ENDPROC       GETSYSPERFORMANCE
  -------         ENDMOD        SYS

  -------         MODULE        UART2
  C:0000H         SYMBOL        _ICE_DUMMY_
  D:001CH         PUBLIC        ModBus_Interval_Min
  D:0080H         PUBLIC        P0
  C:0F53H         PUBLIC        Uart2_isr
  D:0090H         PUBLIC        P1
  D:00A0H         PUBLIC        P2
  D:00B0H         PUBLIC        P3
  D:00C0H         PUBLIC        P4
  D:00C8H         PUBLIC        P5
  D:00E8H         PUBLIC        P6
  D:00F8H         PUBLIC        P7
  D:00BAH         PUBLIC        P_SW2
  D:00A8H         PUBLIC        IE
  D:00DBH         PUBLIC        CCAPM1
  D:00B8H         PUBLIC        IP
  C:0039H         PUBLIC        _?nullfunc0
  D:00D8H         PUBLIC        CCON
  C:2C49H         PUBLIC        _SetUart2Rxd
  B:0090H.0       PUBLIC        P10
  B:0090H.1       PUBLIC        P11
  D:0098H         PUBLIC        SCON
  D:0088H         PUBLIC        TCON
  D:00AFH         PUBLIC        IE2
  D:008EH         PUBLIC        AUXR
  C:2EF8H         PUBLIC        GetUart2TxStatus
  D:00D6H         PUBLIC        T2H
  B:00B0H.7       PUBLIC        M485_TxEn
  D:00D7H         PUBLIC        T2L
  C:2CABH         PUBLIC        _Uart2Print
  D:009BH         PUBLIC        S2BUF
  D:009AH         PUBLIC        S2CON
  C:1E8DH         PUBLIC        _Uart2Init
  D:001DH         PUBLIC        Uart2usage
  C:2EA8H         PUBLIC        _?sys_get_Uart2RxdEvent
  X:01E3H         PUBLIC        com2
  D:00D0H         PUBLIC        PSW
  -------         PROC          UART2_ISR
  C:0F53H         LINE#         19
  C:0F70H         LINE#         20
  C:0F75H         LINE#         21
  C:0F78H         LINE#         22
  C:0FACH         LINE#         24
  C:0FB1H         LINE#         25
  C:0FB7H         LINE#         26
  C:0FB7H         LINE#         27
  C:0FB7H         LINE#         29
  C:0FBFH         LINE#         30
BL51 BANKED LINKER/LOCATER V6.22                                                      09/09/2026  12:05:57  PAGE 33


  C:0FC2H         LINE#         31
  C:0FC5H         LINE#         32
  C:0FC7H         LINE#         33
  C:0FCEH         LINE#         34
  C:0FD0H         LINE#         35
  C:0FD0H         LINE#         36
  C:0FD9H         LINE#         37
  C:0FEDH         LINE#         38
  C:1001H         LINE#         39
  C:1010H         LINE#         40
  C:101EH         LINE#         41
  C:1050H         LINE#         42
  C:105EH         LINE#         43
  C:105EH         LINE#         44
  C:1061H         LINE#         45
  C:1064H         LINE#         47
  C:1078H         LINE#         48
  C:108CH         LINE#         49
  C:109BH         LINE#         50
  C:10A9H         LINE#         51
  C:10E1H         LINE#         52
  C:10EFH         LINE#         53
  C:10EFH         LINE#         54
  C:110AH         LINE#         55
  C:110AH         LINE#         56
  C:110AH         LINE#         57
  -------         ENDPROC       UART2_ISR
  -------         PROC          _?SYS_GET_UART2RXDEVENT
  -------         DO            
  i:0000H         SYMBOL        a
  -------         ENDDO         
  C:2EA8H         LINE#         59
  C:2EAAH         LINE#         61
  C:2EB2H         LINE#         62
  C:2EB4H         LINE#         63
  C:2EB4H         LINE#         64
  -------         ENDPROC       _?SYS_GET_UART2RXDEVENT
  -------         PROC          _?NULLFUNC0
  C:0039H         LINE#         66
  -------         ENDPROC       _?NULLFUNC0
  -------         PROC          _UART2INIT
  D:0022H         SYMBOL        band
  D:0026H         SYMBOL        Uart2mode
  C:1E8DH         LINE#         68
  C:1E95H         LINE#         69
  C:1E95H         LINE#         72
  C:1E98H         LINE#         73
  C:1E9EH         LINE#         74
  C:1EA1H         LINE#         75
  C:1EA5H         LINE#         76
  C:1EB3H         LINE#         77
  C:1EB6H         LINE#         78
  C:1EB8H         LINE#         79
  C:1EBAH         LINE#         80
  C:1EBCH         LINE#         82
  C:1EBEH         LINE#         83
  C:1ED2H         LINE#         84
BL51 BANKED LINKER/LOCATER V6.22                                                      09/09/2026  12:05:57  PAGE 34


  C:1ED9H         LINE#         85
  C:1EDCH         LINE#         86
  C:1EDCH         LINE#         88
  C:1EDFH         LINE#         89
  C:1EFEH         LINE#         90
  C:1F2DH         LINE#         91
  C:1F30H         LINE#         92
  C:1F33H         LINE#         93
  C:1F41H         LINE#         94
  -------         ENDPROC       _UART2INIT
  -------         PROC          _SETUART2RXD
  D:0001H         SYMBOL        RxdPt
  D:0004H         SYMBOL        Nmax
  D:0027H         SYMBOL        matchhead
  D:002AH         SYMBOL        matchheadsize
  C:2C49H         LINE#         96
  C:2C49H         LINE#         97
  C:2C54H         LINE#         98
  C:2C5AH         LINE#         99
  C:2C64H         LINE#         100
  C:2C72H         LINE#         101
  C:2C74H         LINE#         102
  C:2C79H         LINE#         103
  -------         ENDPROC       _SETUART2RXD
  -------         PROC          _UART2PRINT
  D:0001H         SYMBOL        pt
  D:0004H         SYMBOL        num
  C:2CABH         LINE#         105
  C:2CABH         LINE#         106
  C:2CB1H         LINE#         107
  C:2CBCH         LINE#         108
  C:2CC1H         LINE#         109
  C:2CC7H         LINE#         110
  C:2CCBH         LINE#         112
  C:2CD1H         LINE#         113
  C:2CD4H         LINE#         114
  C:2CD7H         LINE#         115
  C:2CD7H         LINE#         116
  C:2CD9H         LINE#         117
  -------         ENDPROC       _UART2PRINT
  -------         PROC          GETUART2TXSTATUS
  C:2EF8H         LINE#         119
  C:2EF8H         LINE#         120
  C:2F00H         LINE#         121
  C:2F02H         LINE#         122
  -------         ENDPROC       GETUART2TXSTATUS
  -------         ENDMOD        UART2

  -------         MODULE        UART1
  C:0000H         SYMBOL        _ICE_DUMMY_
  C:1790H         PUBLIC        Uart1_isr
  D:0080H         PUBLIC        P0
  D:0090H         PUBLIC        P1
  D:00A0H         PUBLIC        P2
  D:00B0H         PUBLIC        P3
  D:00C0H         PUBLIC        P4
  D:00C8H         PUBLIC        P5
BL51 BANKED LINKER/LOCATER V6.22                                                      09/09/2026  12:05:57  PAGE 35


  D:00E8H         PUBLIC        P6
  D:00F8H         PUBLIC        P7
  D:00A8H         PUBLIC        IE
  B:00A8H.4       PUBLIC        ES
  D:00B8H         PUBLIC        IP
  B:0098H.0       PUBLIC        RI
  B:0098H.1       PUBLIC        TI
  D:00D8H         PUBLIC        CCON
  C:2C7AH         PUBLIC        _SetUart1Rxd
  D:0099H         PUBLIC        SBUF
  D:0098H         PUBLIC        SCON
  D:0089H         PUBLIC        TMOD
  D:0088H         PUBLIC        TCON
  D:008EH         PUBLIC        AUXR
  C:2F03H         PUBLIC        GetUart1TxStatus
  B:00A8H.3       PUBLIC        ET1
  D:008DH         PUBLIC        TH1
  D:008BH         PUBLIC        TL1
  B:0088H.6       PUBLIC        TR1
  C:2D5CH         PUBLIC        _Uart1Print
  C:26B4H         PUBLIC        _Uart1Init
  C:2EB7H         PUBLIC        _?sys_get_Uart1RxdEvent
  X:01F8H         PUBLIC        com1
  D:00D0H         PUBLIC        PSW
  -------         PROC          UART1_ISR
  C:1790H         LINE#         10
  C:17ADH         LINE#         11
  C:17B0H         LINE#         12
  C:17B2H         LINE#         13
  C:17E6H         LINE#         14
  C:17EBH         LINE#         15
  C:17EBH         LINE#         16
  C:17F1H         LINE#         17
  C:17F3H         LINE#         18
  C:17F6H         LINE#         19
  C:17F8H         LINE#         20
  C:17FFH         LINE#         21
  C:17FFH         LINE#         22
  C:1813H         LINE#         23
  C:1827H         LINE#         24
  C:1836H         LINE#         25
  C:1844H         LINE#         26
  C:187CH         LINE#         27
  C:188AH         LINE#         28
  C:188AH         LINE#         29
  C:18A5H         LINE#         30
  C:18A5H         LINE#         31
  -------         ENDPROC       UART1_ISR
  -------         PROC          _?SYS_GET_UART1RXDEVENT
  -------         DO            
  i:0000H         SYMBOL        a
  -------         ENDDO         
  C:2EB7H         LINE#         33
  C:2EB9H         LINE#         35
  C:2EC1H         LINE#         36
  C:2EC3H         LINE#         37
  C:2EC3H         LINE#         38
BL51 BANKED LINKER/LOCATER V6.22                                                      09/09/2026  12:05:57  PAGE 36


  -------         ENDPROC       _?SYS_GET_UART1RXDEVENT
  -------         PROC          _UART1INIT
  D:0022H         SYMBOL        band
  C:26B4H         LINE#         40
  C:26BCH         LINE#         41
  C:26BCH         LINE#         43
  C:26BFH         LINE#         44
  C:26C2H         LINE#         45
  C:26C5H         LINE#         46
  C:26C8H         LINE#         47
  C:26E7H         LINE#         48
  C:2716H         LINE#         49
  C:2718H         LINE#         50
  C:271AH         LINE#         51
  C:271CH         LINE#         52
  C:272AH         LINE#         53
  -------         ENDPROC       _UART1INIT
  -------         PROC          _SETUART1RXD
  D:0001H         SYMBOL        RxdPt
  D:0004H         SYMBOL        Nmax
  D:0027H         SYMBOL        matchhead
  D:002AH         SYMBOL        matchheadsize
  C:2C7AH         LINE#         55
  C:2C7AH         LINE#         56
  C:2C85H         LINE#         57
  C:2C8BH         LINE#         58
  C:2C95H         LINE#         59
  C:2CA3H         LINE#         60
  C:2CA5H         LINE#         61
  C:2CAAH         LINE#         62
  -------         ENDPROC       _SETUART1RXD
  -------         PROC          _UART1PRINT
  D:0001H         SYMBOL        pt
  D:0004H         SYMBOL        num
  C:2D5CH         LINE#         64
  C:2D5CH         LINE#         65
  C:2D62H         LINE#         66
  C:2D6DH         LINE#         67
  C:2D72H         LINE#         68
  C:2D78H         LINE#         69
  C:2D7CH         LINE#         70
  C:2D7EH         LINE#         71
  C:2D81H         LINE#         72
  C:2D81H         LINE#         73
  C:2D83H         LINE#         74
  -------         ENDPROC       _UART1PRINT
  -------         PROC          GETUART1TXSTATUS
  C:2F03H         LINE#         76
  C:2F03H         LINE#         77
  C:2F0BH         LINE#         78
  C:2F0DH         LINE#         79
  -------         ENDPROC       GETUART1TXSTATUS
  -------         ENDMOD        UART1

  -------         MODULE        ?C?COPY
  C:0844H         PUBLIC        ?C?COPY
  -------         ENDMOD        ?C?COPY
BL51 BANKED LINKER/LOCATER V6.22                                                      09/09/2026  12:05:57  PAGE 37



  -------         MODULE        ?C?CLDPTR
  C:086AH         PUBLIC        ?C?CLDPTR
  -------         ENDMOD        ?C?CLDPTR

  -------         MODULE        ?C?CLDOPTR
  C:0883H         PUBLIC        ?C?CLDOPTR
  -------         ENDMOD        ?C?CLDOPTR

  -------         MODULE        ?C?CSTPTR
  C:08B0H         PUBLIC        ?C?CSTPTR
  -------         ENDMOD        ?C?CSTPTR

  -------         MODULE        ?C?CSTOPTR
  C:08C2H         PUBLIC        ?C?CSTOPTR
  -------         ENDMOD        ?C?CSTOPTR

  -------         MODULE        ?C?UIDIV
  C:08E4H         PUBLIC        ?C?UIDIV
  -------         ENDMOD        ?C?UIDIV

  -------         MODULE        ?C?ILDIX
  C:0939H         PUBLIC        ?C?ILDIX
  -------         ENDMOD        ?C?ILDIX

  -------         MODULE        ?C?ILDPTR
  C:094FH         PUBLIC        ?C?ILDPTR
  -------         ENDMOD        ?C?ILDPTR

  -------         MODULE        ?C?ILDOPTR
  C:097AH         PUBLIC        ?C?ILDOPTR
  -------         ENDMOD        ?C?ILDOPTR

  -------         MODULE        ?C?IILDPTR
  C:09B2H         PUBLIC        ?C?IILDPTR
  -------         ENDMOD        ?C?IILDPTR

  -------         MODULE        ?C?IILDOPTR
  C:09EAH         PUBLIC        ?C?IILDOPTR
  -------         ENDMOD        ?C?IILDOPTR

  -------         MODULE        ?C?ISTPTR
  C:0A37H         PUBLIC        ?C?ISTPTR
  -------         ENDMOD        ?C?ISTPTR

  -------         MODULE        ?C?ISTOPTR
  C:0A56H         PUBLIC        ?C?ISTOPTR
  -------         ENDMOD        ?C?ISTOPTR

  -------         MODULE        ?C?LMUL
  C:0A83H         PUBLIC        ?C?LMUL
  -------         ENDMOD        ?C?LMUL

  -------         MODULE        ?C?ULDIV
  C:0B0EH         PUBLIC        ?C?ULDIV
  -------         ENDMOD        ?C?ULDIV

BL51 BANKED LINKER/LOCATER V6.22                                                      09/09/2026  12:05:57  PAGE 38


  -------         MODULE        ?C?SLDIV
  C:2AADH         PUBLIC        ?C?SLDIV
  -------         ENDMOD        ?C?SLDIV

  -------         MODULE        ?C?ULSHR
  C:0BA0H         PUBLIC        ?C?ULSHR
  -------         ENDMOD        ?C?ULSHR

  -------         MODULE        ?C?SLSHR
  C:0BB3H         PUBLIC        ?C?SLSHR
  -------         ENDMOD        ?C?SLSHR

  -------         MODULE        ?C?LSHL
  C:0BC7H         PUBLIC        ?C?LSHL
  -------         ENDMOD        ?C?LSHL

  -------         MODULE        ?C?LSTOPTR
  C:0BDAH         PUBLIC        ?C?LSTOPTR
  -------         ENDMOD        ?C?LSTOPTR

  -------         MODULE        ?C?LLDCODE
  C:0BFEH         PUBLIC        ?C?LLDCODE
  -------         ENDMOD        ?C?LLDCODE

  -------         MODULE        ?C?LSTXDATA
  C:0C0EH         PUBLIC        ?C?LSTXDATA
  -------         ENDMOD        ?C?LSTXDATA

  -------         MODULE        ?C?LSTKOPTR
  C:0C1AH         PUBLIC        ?C?LSTKOPTR
  -------         ENDMOD        ?C?LSTKOPTR

  -------         MODULE        ?C?OFFXADD
  C:0C3EH         PUBLIC        ?C?OFFXADD
  -------         ENDMOD        ?C?OFFXADD

  -------         MODULE        ?C?CCASE
  C:0C4AH         PUBLIC        ?C?CCASE
  -------         ENDMOD        ?C?CCASE

  -------         MODULE        ?C?ICALL
  C:0C70H         PUBLIC        ?C?ICALL
  C:0C74H         PUBLIC        ?C?ICALL2
  -------         ENDMOD        ?C?ICALL

  -------         MODULE        ?C_IBP
  D:001FH         PUBLIC        ?C_IBP
  -------         ENDMOD        ?C_IBP

  -------         MODULE        ?C?LIMUL
  C:0C76H         PUBLIC        ?C?LIMUL
  -------         ENDMOD        ?C?LIMUL

  -------         MODULE        ?C?IILDX
  C:0CA3H         PUBLIC        ?C?IILDX
  -------         ENDMOD        ?C?IILDX

BL51 BANKED LINKER/LOCATER V6.22                                                      09/09/2026  12:05:57  PAGE 39


  -------         MODULE        ?C?LSTIDATA
  C:0CB9H         PUBLIC        ?C?LSTIDATA
  -------         ENDMOD        ?C?LSTIDATA

  -------         MODULE        ?C?LSTPDATA
  C:0CC5H         PUBLIC        ?C?LSTPDATA
  -------         ENDMOD        ?C?LSTPDATA

  -------         MODULE        ?C?LSTKIDATA
  C:0CD1H         PUBLIC        ?C?LSTKIDATA
  -------         ENDMOD        ?C?LSTKIDATA

  -------         MODULE        ?C?LSTKXDATA
  C:0CEAH         PUBLIC        ?C?LSTKXDATA
  -------         ENDMOD        ?C?LSTKXDATA

  -------         MODULE        ?C?LSTKPDATA
  C:0D1BH         PUBLIC        ?C?LSTKPDATA
  -------         ENDMOD        ?C?LSTKPDATA

*** WARNING L16: UNCALLED SEGMENT, IGNORED FOR OVERLAY PROCESS
    SEGMENT: ?PR?_RECORDSTORE_WIRELENGTH?RECORDS

*** WARNING L16: UNCALLED SEGMENT, IGNORED FOR OVERLAY PROCESS
    SEGMENT: ?PR?GETULTRASONIC?SYS

*** WARNING L16: UNCALLED SEGMENT, IGNORED FOR OVERLAY PROCESS
    SEGMENT: ?PR?GETBEEPTIMER?SYS

*** WARNING L16: UNCALLED SEGMENT, IGNORED FOR OVERLAY PROCESS
    SEGMENT: ?PR?_SETBEEPTIMER?SYS

*** WARNING L16: UNCALLED SEGMENT, IGNORED FOR OVERLAY PROCESS
    SEGMENT: ?PR?_SETCCP0?SYS

*** WARNING L16: UNCALLED SEGMENT, IGNORED FOR OVERLAY PROCESS
    SEGMENT: ?PR?CLRBEEPPIN?SYS

Program Size: data=122.7 xdata=547 code=12085
LINK/LOCATE RUN COMPLETE.  6 WARNING(S),  0 ERROR(S)
