Build target 'AcceptanceCtrl'
linking...

BL51 BANKED LINKER/LOCATER V6.22 - SN: Eval Version
COPYRIGHT KEIL ELEKTRONIK GmbH 1987 - 2009
".\output\main.obj",
".\output\firmware_app.obj",
".\output\protocol.obj",
".\output\session.obj",
".\output\records.obj",
".\output\test_engine.obj",
".\source\STCBSP_V3.6.LIB" 
TO ".\output\AcceptanceCtrl" 
PRINT(".\list\AcceptanceCtrl.m51") RAMSIZE(256) 
XDATA( 0X0000-0X06FF )


*** WARNING L16: UNCALLED SEGMENT, IGNORED FOR OVERLAY PROCESS
    SEGMENT: ?PR?_RECORDSTORE_SAVE?RECORDS

*** WARNING L16: UNCALLED SEGMENT, IGNORED FOR OVERLAY PROCESS
    SEGMENT: ?PR?_RECORDSTORE_READCHUNK?RECORDS

*** WARNING L16: UNCALLED SEGMENT, IGNORED FOR OVERLAY PROCESS
    SEGMENT: ?PR?GETULTRASONIC?SYS

*** WARNING L16: UNCALLED SEGMENT, IGNORED FOR OVERLAY PROCESS
    SEGMENT: ?PR?GETBEEPTIMER?SYS

*** WARNING L16: UNCALLED SEGMENT, IGNORED FOR OVERLAY PROCESS
    SEGMENT: ?PR?_SETBEEPTIMER?SYS

*** WARNING L16: UNCALLED SEGMENT, IGNORED FOR OVERLAY PROCESS
    SEGMENT: ?PR?_SETCCP0?SYS

*** WARNING L16: UNCALLED SEGMENT, IGNORED FOR OVERLAY PROCESS
    SEGMENT: ?PR?CLRBEEPPIN?SYS

******************************************************************************
* RESTRICTED VERSION WITH 0800H BYTE CODE SIZE LIMIT; USED: 10F7H BYTE (212%) *
******************************************************************************

Program Size: data=94.7 xdata=539 code=9487
LINK/LOCATE RUN COMPLETE.  7 WARNING(S),  0 ERROR(S)

*** WARNING L16: UNCALLED SEGMENT, IGNORED FOR OVERLAY PROCESS
    SEGMENT: ?PR?_RECORDSTORE_SAVE?RECORDS

*** WARNING L16: UNCALLED SEGMENT, IGNORED FOR OVERLAY PROCESS
    SEGMENT: ?PR?_RECORDSTORE_READCHUNK?RECORDS

*** WARNING L16: UNCALLED SEGMENT, IGNORED FOR OVERLAY PROCESS
    SEGMENT: ?PR?GETULTRASONIC?SYS

*** WARNING L16: UNCALLED SEGMENT, IGNORED FOR OVERLAY PROCESS
    SEGMENT: ?PR?GETBEEPTIMER?SYS

*** WARNING L16: UNCALLED SEGMENT, IGNORED FOR OVERLAY PROCESS
    SEGMENT: ?PR?_SETBEEPTIMER?SYS

*** WARNING L16: UNCALLED SEGMENT, IGNORED FOR OVERLAY PROCESS
    SEGMENT: ?PR?_SETCCP0?SYS

*** WARNING L16: UNCALLED SEGMENT, IGNORED FOR OVERLAY PROCESS
    SEGMENT: ?PR?CLRBEEPPIN?SYS

*** FATAL ERROR L250: CODE SIZE LIMIT IN RESTRICTED VERSION EXCEEDED
    MODULE:  D:\PROGRAM FILES (X86)\SYSTEM_PROGRAMMING\C51\LIB\C51S.LIB (-----)
    LIMIT:   0800H BYTES
Target not created
