BL51 BANKED LINKER/LOCATER V6.22                                                        09/09/2026  12:06:27  PAGE 1


BL51 BANKED LINKER/LOCATER V6.22, INVOKED BY:
D:\PROGRAM FILES (X86)\SYSTEM_PROGRAMMING\C51\BIN\BL51.EXE .\output\main.obj, .\output\firmware_app.obj, .\output\protoc
>> ol.obj, .\output\session.obj, .\output\records.obj, .\output\test_engine.obj, .\source\STCBSP_V3.6.LIB TO .\output\Ac
>> ceptanceCtrl PRINT (.\list\AcceptanceCtrl.m51) RAMSIZE (256) XDATA (0X0000-0X06FF)


MEMORY MODEL: SMALL


INPUT MODULES INCLUDED:
  .\output\main.obj (MAIN)
  .\output\firmware_app.obj (FIRMWARE_APP)
  .\output\protocol.obj (PROTOCOL)
  .\output\session.obj (SESSION)
  .\output\records.obj (RECORDS)
  .\output\test_engine.obj (TEST_ENGINE)
  .\source\STCBSP_V3.6.LIB (DISPLAYER)
  .\source\STCBSP_V3.6.LIB (KEY)
  .\source\STCBSP_V3.6.LIB (SYS)
  .\source\STCBSP_V3.6.LIB (UART2)
  .\source\STCBSP_V3.6.LIB (UART1)
  D:\PROGRAM FILES (X86)\SYSTEM_PROGRAMMING\C51\LIB\C51S.LIB (?C_STARTUP)
  D:\PROGRAM FILES (X86)\SYSTEM_PROGRAMMING\C51\LIB\C51S.LIB (?C?COPY)
  D:\PROGRAM FILES (X86)\SYSTEM_PROGRAMMING\C51\LIB\C51S.LIB (?C?CLDPTR)
  D:\PROGRAM FILES (X86)\SYSTEM_PROGRAMMING\C51\LIB\C51S.LIB (?C?CLDOPTR)
  D:\PROGRAM FILES (X86)\SYSTEM_PROGRAMMING\C51\LIB\C51S.LIB (?C?CSTPTR)
  D:\PROGRAM FILES (X86)\SYSTEM_PROGRAMMING\C51\LIB\C51S.LIB (?C?CSTOPTR)
  D:\PROGRAM FILES (X86)\SYSTEM_PROGRAMMING\C51\LIB\C51S.LIB (?C?UIDIV)
  D:\PROGRAM FILES (X86)\SYSTEM_PROGRAMMING\C51\LIB\C51S.LIB (?C?ILDIX)
  D:\PROGRAM FILES (X86)\SYSTEM_PROGRAMMING\C51\LIB\C51S.LIB (?C?ILDPTR)
  D:\PROGRAM FILES (X86)\SYSTEM_PROGRAMMING\C51\LIB\C51S.LIB (?C?ILDOPTR)
  D:\PROGRAM FILES (X86)\SYSTEM_PROGRAMMING\C51\LIB\C51S.LIB (?C?IILDPTR)
  D:\PROGRAM FILES (X86)\SYSTEM_PROGRAMMING\C51\LIB\C51S.LIB (?C?IILDOPTR)
  D:\PROGRAM FILES (X86)\SYSTEM_PROGRAMMING\C51\LIB\C51S.LIB (?C?ISTPTR)
  D:\PROGRAM FILES (X86)\SYSTEM_PROGRAMMING\C51\LIB\C51S.LIB (?C?ISTOPTR)
  D:\PROGRAM FILES (X86)\SYSTEM_PROGRAMMING\C51\LIB\C51S.LIB (?C?LMUL)
  D:\PROGRAM FILES (X86)\SYSTEM_PROGRAMMING\C51\LIB\C51S.LIB (?C?ULDIV)
  D:\PROGRAM FILES (X86)\SYSTEM_PROGRAMMING\C51\LIB\C51S.LIB (?C?SLDIV)
  D:\PROGRAM FILES (X86)\SYSTEM_PROGRAMMING\C51\LIB\C51S.LIB (?C?ULSHR)
  D:\PROGRAM FILES (X86)\SYSTEM_PROGRAMMING\C51\LIB\C51S.LIB (?C?SLSHR)
  D:\PROGRAM FILES (X86)\SYSTEM_PROGRAMMING\C51\LIB\C51S.LIB (?C?LSHL)
  D:\PROGRAM FILES (X86)\SYSTEM_PROGRAMMING\C51\LIB\C51S.LIB (?C?LSTOPTR)
  D:\PROGRAM FILES (X86)\SYSTEM_PROGRAMMING\C51\LIB\C51S.LIB (?C?LLDCODE)
  D:\PROGRAM FILES (X86)\SYSTEM_PROGRAMMING\C51\LIB\C51S.LIB (?C?LSTXDATA)
  D:\PROGRAM FILES (X86)\SYSTEM_PROGRAMMING\C51\LIB\C51S.LIB (?C?LSTKOPTR)
  D:\PROGRAM FILES (X86)\SYSTEM_PROGRAMMING\C51\LIB\C51S.LIB (?C?OFFXADD)
  D:\PROGRAM FILES (X86)\SYSTEM_PROGRAMMING\C51\LIB\C51S.LIB (?C?CCASE)
  D:\PROGRAM FILES (X86)\SYSTEM_PROGRAMMING\C51\LIB\C51S.LIB (?C?ICALL)
  D:\PROGRAM FILES (X86)\SYSTEM_PROGRAMMING\C51\LIB\C51S.LIB (?C_IBP)
  D:\PROGRAM FILES (X86)\SYSTEM_PROGRAMMING\C51\LIB\C51S.LIB (?C?LIMUL)
  D:\PROGRAM FILES (X86)\SYSTEM_PROGRAMMING\C51\LIB\C51S.LIB (?C_INIT)
  D:\PROGRAM FILES (X86)\SYSTEM_PROGRAMMING\C51\LIB\C51S.LIB (?C?IILDX)
  D:\PROGRAM FILES (X86)\SYSTEM_PROGRAMMING\C51\LIB\C51S.LIB (?C?LSTIDATA)
  D:\PROGRAM FILES (X86)\SYSTEM_PROGRAMMING\C51\LIB\C51S.LIB (?C?LSTPDATA)
  D:\PROGRAM FILES (X86)\SYSTEM_PROGRAMMING\C51\LIB\C51S.LIB (?C?LSTKIDATA)
  D:\PROGRAM FILES (X86)\SYSTEM_PROGRAMMING\C51\LIB\C51S.LIB (?C?LSTKXDATA)
  D:\PROGRAM FILES (X86)\SYSTEM_PROGRAMMING\C51\LIB\C51S.LIB (?C?LSTKPDATA)

BL51 BANKED LINKER/LOCATER V6.22                                                      09/09/2026  12:06:27  PAGE 2



LINK MAP OF MODULE:  .\output\AcceptanceCtrl (MAIN)


            TYPE    BASE      LENGTH    RELOCATION   SEGMENT NAME
            -----------------------------------------------------

            * * * * * * *   D A T A   M E M O R Y   * * * * * * *
            REG     0000H     0008H     ABSOLUTE     "REG BANK 0"
            DATA    0008H     0012H     UNIT         ?DT?SYS
            DATA    001AH     0002H     UNIT         ?DT?GETULTRASONIC?SYS
            DATA    001CH     0002H     UNIT         ?DT?UART2
            DATA    001EH     0001H     UNIT         ?DT?KEY
            DATA    001FH     0001H     UNIT         ?C?LIB_DATA
            BIT     0020H.0   0001H.7   UNIT         ?BI?SYS
                    0021H.7   0000H.1                *** GAP ***
            DATA    0022H     004BH     UNIT         _DATA_GROUP_
            DATA    006DH     000DH     UNIT         ?DT?FIRMWARE_APP
            IDATA   007AH     0001H     UNIT         ?STACK

            * * * * * * *  X D A T A   M E M O R Y  * * * * * * *
            XDATA   0000H     0175H     UNIT         ?XD?FIRMWARE_APP
            XDATA   0175H     006EH     UNIT         ?XD?SYS
            XDATA   01E3H     0015H     UNIT         ?XD?UART2
            XDATA   01F8H     0015H     UNIT         ?XD?UART1
            XDATA   020DH     000CH     UNIT         ?XD?DISPLAYER
            XDATA   0219H     000AH     UNIT         ?XD?KEY

            * * * * * * *   C O D E   M E M O R Y   * * * * * * *
            CODE    0000H     0003H     ABSOLUTE     
                    0003H     0008H                  *** GAP ***
            CODE    000BH     0003H     ABSOLUTE     
                    000EH     0015H                  *** GAP ***
            CODE    0023H     0003H     ABSOLUTE     
                    0026H     0015H                  *** GAP ***
            CODE    003BH     0003H     ABSOLUTE     
                    003EH     0005H                  *** GAP ***
            CODE    0043H     0003H     ABSOLUTE     
                    0046H     07BAH                  *** GAP ***
            CODE    0800H     072EH     UNIT         ?PR?_HANDLE_NEW?TEST_ENGINE
            CODE    0F2EH     05C0H     UNIT         ?C?LIB_CODE
            CODE    14EEH     021FH     UNIT         ?PR?_ENRICH_RESPONSE?TEST_ENGINE
            CODE    170DH     01D2H     UNIT         ?PR?UART2_ISR?UART2
            CODE    18DFH     01C8H     UNIT         ?PR?_PROTO_DECODE?PROTOCOL
            CODE    1AA7H     01C5H     UNIT         ?PR?_PROTO_ENCODE?PROTOCOL
            CODE    1C6CH     0198H     UNIT         ?PR?_ENGINE_HANDLEFRAME?TEST_ENGINE
            CODE    1E04H     0146H     UNIT         ?PR?_RECORDSTORE_READCHUNK?RECORDS
            CODE    1F4AH     0130H     UNIT         ?PR?UART1_ISR?UART1
            CODE    207AH     0123H     UNIT         ?PR?_MAKE_RESPONSE?TEST_ENGINE
            CODE    219DH     0123H     UNIT         ?PR?_?SYS_KEY_DRV?KEY
            CODE    22C0H     00EDH     UNIT         ?PR?SYS_TASK_1MS?SYS
            CODE    23ADH     00E9H     UNIT         ?PR?_?SYS_DISPLAY_DRV?DISPLAYER
            CODE    2496H     00DFH     UNIT         ?PR?_ENGINE_COMPLETEATTEMPT?TEST_ENGINE
            CODE    2575H     00D2H     UNIT         ?C_INITSEG
            CODE    2647H     00B5H     UNIT         ?PR?_UART2INIT?UART2
            CODE    26FCH     00B1H     UNIT         ?PR?ON_10MS?FIRMWARE_APP
            CODE    27ADH     00A8H     UNIT         ?PR?SYS_CCP_ISR?SYS
BL51 BANKED LINKER/LOCATER V6.22                                                      09/09/2026  12:06:27  PAGE 3


            CODE    2855H     00A4H     UNIT         ?PR?_ENGINE_INIT?TEST_ENGINE
            CODE    28F9H     009EH     UNIT         ?PR?_RECORDSTORE_SAVE?RECORDS
            CODE    2997H     0096H     UNIT         ?PR?_READ_U32?TEST_ENGINE
            CODE    2A2DH     0093H     UNIT         ?PR?SYS_TASK_10MS?SYS
            CODE    2AC0H     008CH     UNIT         ?C_C51STARTUP
            CODE    2B4CH     008BH     UNIT         ?PR?SYS_TASK_IR?SYS
            CODE    2BD7H     008AH     UNIT         ?PR?_ENGINE_TICK10MS?TEST_ENGINE
            CODE    2C61H     0089H     UNIT         ?PR?APP_INIT?FIRMWARE_APP
            CODE    2CEAH     0081H     UNIT         ?PR?_PROCESS_ONE?FIRMWARE_APP
            CODE    2D6BH     007FH     UNIT         ?PR?_ENRICH_HELLO?FIRMWARE_APP
            CODE    2DEAH     007DH     UNIT         ?PR?_SETEVENTCALLBACK?SYS
            CODE    2E67H     0077H     UNIT         ?PR?_UART1INIT?UART1
            CODE    2EDEH     0073H     UNIT         ?PR?ON_1S?FIRMWARE_APP
            CODE    2F51H     0062H     UNIT         ?PR?_PROTO_CRC16?PROTOCOL
            CODE    2FB3H     0058H     UNIT         ?PR?_PROMOTE_SLOT?FIRMWARE_APP
            CODE    300BH     0053H     UNIT         ?PR?GETULTRASONIC?SYS
            CODE    305EH     0052H     UNIT         ?PR?SYS_TIMER0_ISR?SYS
            CODE    30B0H     0051H     UNIT         ?PR?APP_STARTUART?FIRMWARE_APP
            CODE    3101H     0048H     UNIT         ?PR?_QUEUE_FRAME?FIRMWARE_APP
            CODE    3149H     0048H     UNIT         ?PR?_PUT_U32?TEST_ENGINE
            CODE    3191H     0047H     UNIT         ?PR?SYS_TIMER0_INIT?SYS
            CODE    31D8H     0044H     UNIT         ?PR?FLUSH_UART1?FIRMWARE_APP
            CODE    321CH     0044H     UNIT         ?PR?FLUSH_UART2?FIRMWARE_APP
            CODE    3260H     0044H     UNIT         ?C?LDIV
            CODE    32A4H     0040H     UNIT         ?PR?_GETKEYACT?KEY
            CODE    32E4H     003FH     UNIT         ?PR?SYS_TASK_100MS?SYS
            CODE    3323H     003EH     UNIT         ?PR?MYSTC_OS?SYS
            CODE    3361H     0037H     UNIT         ?PR?_SESSION_RESET?SESSION
            CODE    3398H     0032H     UNIT         ?PR?_COPY24?FIRMWARE_APP
            CODE    33CAH     0032H     UNIT         ?PR?_CRC_UPDATE?TEST_ENGINE
            CODE    33FCH     0031H     UNIT         ?PR?_SETUART2RXD?UART2
            CODE    342DH     0031H     UNIT         ?PR?_SETUART1RXD?UART1
            CODE    345EH     002FH     UNIT         ?PR?_UART2PRINT?UART2
            CODE    348DH     002EH     UNIT         ?PR?_RECORDSTORE_RESET?RECORDS
            CODE    34BBH     002BH     UNIT         ?PR?SYS_TASK_1S?SYS
            CODE    34E6H     0029H     UNIT         ?PR?_RECORDSTORE_RELEASE?RECORDS
            CODE    350FH     0028H     UNIT         ?PR?_UART1PRINT?UART1
            CODE    3537H     0023H     UNIT         ?PR?ON_UART1?FIRMWARE_APP
            CODE    355AH     0023H     UNIT         ?PR?ON_UART2?FIRMWARE_APP
            CODE    357DH     0023H     UNIT         ?PR?ON_KEY?FIRMWARE_APP
            CODE    35A0H     0020H     UNIT         ?PR?_SEG7PRINT?DISPLAYER
            CODE    35C0H     001EH     UNIT         ?CO?MAIN
            CODE    35DEH     001DH     UNIT         ?PR?KEYINIT?KEY
            CODE    35FBH     001CH     UNIT         ?PR?_RECORDSTORE_WIRELENGTH?RECORDS
            CODE    3617H     001BH     UNIT         ?PR?DISPLAYERINIT?DISPLAYER
            CODE    3632H     0018H     UNIT         ?PR?_SESSION_MATCHES?SESSION
            CODE    364AH     0015H     UNIT         ?PR?_READ_U16?TEST_ENGINE
            CODE    365FH     0013H     UNIT         ?PR?_READ_U16?PROTOCOL
            CODE    3672H     0011H     UNIT         ?PR?_SETCCP0?SYS
            CODE    3683H     000FH     UNIT         ?PR?_?SYS_GET_UART2RXDEVENT?UART2
            CODE    3692H     000FH     UNIT         ?PR?_?SYS_GET_UART1RXDEVENT?UART1
            CODE    36A1H     000EH     UNIT         ?PR?MAIN?MAIN
            CODE    36AFH     000EH     UNIT         ?PR?_?SYS_GET_KEYEVENT?KEY
            CODE    36BDH     000BH     UNIT         ?PR?_WRITE_U16?PROTOCOL
            CODE    36C8H     000BH     UNIT         ?PR?_PUT_U16?TEST_ENGINE
            CODE    36D3H     000BH     UNIT         ?PR?GETUART2TXSTATUS?UART2
            CODE    36DEH     000BH     UNIT         ?PR?GETUART1TXSTATUS?UART1
BL51 BANKED LINKER/LOCATER V6.22                                                      09/09/2026  12:06:27  PAGE 4


            CODE    36E9H     0009H     UNIT         ?PR?_SETDISPLAYERAREA?DISPLAYER
            CODE    36F2H     0009H     UNIT         ?PR?GETBEEPTIMER?SYS
            CODE    36FBH     0009H     UNIT         ?PR?_SETBEEPTIMER?SYS
            CODE    3704H     0007H     UNIT         ?PR?GETSYSPERFORMANCE?SYS
            CODE    370BH     0006H     UNIT         ?PR?_LEDPRINT?DISPLAYER
            CODE    3711H     0006H     UNIT         ?PR?MYSTC_INIT?SYS
            CODE    3717H     0003H     UNIT         ?PR?_?RET0FUNC?SYS
            CODE    371AH     0003H     UNIT         ?PR?CLRBEEPPIN?SYS
            CODE    371DH     0001H     UNIT         ?PR?_?NULLFUNC?SYS
            CODE    371EH     0001H     UNIT         ?PR?_?NULLFUNC0?UART2



OVERLAY MAP OF MODULE:   .\output\AcceptanceCtrl (MAIN)


SEGMENT                                           DATA_GROUP 
  +--> CALLED SEGMENT                           START    LENGTH
---------------------------------------------------------------
?C_C51STARTUP                                   -----    -----
  +--> ?PR?MAIN?MAIN
  +--> ?C_INITSEG

?PR?MAIN?MAIN                                   -----    -----
  +--> ?PR?APP_INIT?FIRMWARE_APP
  +--> ?PR?MYSTC_INIT?SYS
  +--> ?PR?APP_STARTUART?FIRMWARE_APP
  +--> ?PR?MYSTC_OS?SYS

?PR?APP_INIT?FIRMWARE_APP                       -----    -----
  +--> ?PR?_ENGINE_INIT?TEST_ENGINE
  +--> ?PR?DISPLAYERINIT?DISPLAYER
  +--> ?PR?_SETDISPLAYERAREA?DISPLAYER
  +--> ?PR?_SEG7PRINT?DISPLAYER
  +--> ?PR?_LEDPRINT?DISPLAYER
  +--> ?PR?KEYINIT?KEY
  +--> ?PR?ON_UART1?FIRMWARE_APP
  +--> ?PR?_SETEVENTCALLBACK?SYS
  +--> ?PR?ON_UART2?FIRMWARE_APP
  +--> ?PR?ON_10MS?FIRMWARE_APP
  +--> ?PR?ON_1S?FIRMWARE_APP
  +--> ?PR?ON_KEY?FIRMWARE_APP

?PR?_ENGINE_INIT?TEST_ENGINE                    0022H    0004H
  +--> ?PR?_SESSION_RESET?SESSION
  +--> ?PR?_RECORDSTORE_RESET?RECORDS

?PR?DISPLAYERINIT?DISPLAYER                     -----    -----
  +--> ?PR?_?SYS_DISPLAY_DRV?DISPLAYER

?PR?_?SYS_DISPLAY_DRV?DISPLAYER                 -----    -----
  +--> ?CO?MAIN

?PR?_SEG7PRINT?DISPLAYER                        0022H    0008H

?PR?KEYINIT?KEY                                 -----    -----
  +--> ?PR?_?SYS_GET_KEYEVENT?KEY
BL51 BANKED LINKER/LOCATER V6.22                                                      09/09/2026  12:06:27  PAGE 5


  +--> ?PR?_?SYS_KEY_DRV?KEY

?PR?ON_UART1?FIRMWARE_APP                       -----    -----
  +--> ?PR?_COPY24?FIRMWARE_APP

?PR?_COPY24?FIRMWARE_APP                        0034H    0006H

?PR?_SETEVENTCALLBACK?SYS                       0022H    0003H

?PR?ON_UART2?FIRMWARE_APP                       -----    -----
  +--> ?PR?_COPY24?FIRMWARE_APP

?PR?ON_10MS?FIRMWARE_APP                        -----    -----
  +--> ?PR?_PROCESS_ONE?FIRMWARE_APP
  +--> ?PR?_ENGINE_TICK10MS?TEST_ENGINE
  +--> ?PR?_ENGINE_COMPLETEATTEMPT?TEST_ENGINE
  +--> ?PR?FLUSH_UART1?FIRMWARE_APP
  +--> ?PR?FLUSH_UART2?FIRMWARE_APP

?PR?_PROCESS_ONE?FIRMWARE_APP                   0022H    0009H
  +--> ?PR?_PROTO_DECODE?PROTOCOL
  +--> ?PR?_ENGINE_HANDLEFRAME?TEST_ENGINE
  +--> ?PR?_ENRICH_HELLO?FIRMWARE_APP
  +--> ?PR?_PROTO_ENCODE?PROTOCOL
  +--> ?PR?_QUEUE_FRAME?FIRMWARE_APP

?PR?_PROTO_DECODE?PROTOCOL                      002BH    000AH
  +--> ?PR?_PROTO_CRC16?PROTOCOL
  +--> ?PR?_READ_U16?PROTOCOL

?PR?_PROTO_CRC16?PROTOCOL                       0066H    0007H

?PR?_ENGINE_HANDLEFRAME?TEST_ENGINE             002BH    000AH
  +--> ?PR?_MAKE_RESPONSE?TEST_ENGINE
  +--> ?PR?_ENRICH_RESPONSE?TEST_ENGINE
  +--> ?PR?_HANDLE_NEW?TEST_ENGINE

?PR?_MAKE_RESPONSE?TEST_ENGINE                  0035H    000AH

?PR?_ENRICH_RESPONSE?TEST_ENGINE                0035H    000EH
  +--> ?PR?_PUT_U16?TEST_ENGINE
  +--> ?PR?_RECORDSTORE_READCHUNK?RECORDS

?PR?_RECORDSTORE_READCHUNK?RECORDS              0043H    000DH

?PR?_HANDLE_NEW?TEST_ENGINE                     0035H    000CH
  +--> ?PR?_SESSION_RESET?SESSION
  +--> ?PR?_READ_U32?TEST_ENGINE
  +--> ?PR?_READ_U16?TEST_ENGINE
  +--> ?PR?_SESSION_MATCHES?SESSION
  +--> ?PR?_CRC_UPDATE?TEST_ENGINE
  +--> ?PR?_RECORDSTORE_READCHUNK?RECORDS
  +--> ?PR?_RECORDSTORE_RELEASE?RECORDS
  +--> ?PR?_ENGINE_COMPLETEATTEMPT?TEST_ENGINE

?PR?_READ_U32?TEST_ENGINE                       0041H    0003H

BL51 BANKED LINKER/LOCATER V6.22                                                      09/09/2026  12:06:27  PAGE 6


?PR?_ENGINE_COMPLETEATTEMPT?TEST_ENGINE         0041H    001CH
  +--> ?PR?_PUT_U16?TEST_ENGINE
  +--> ?PR?_PUT_U32?TEST_ENGINE
  +--> ?PR?_RECORDSTORE_SAVE?RECORDS

?PR?_PUT_U32?TEST_ENGINE                        005DH    0004H

?PR?_RECORDSTORE_SAVE?RECORDS                   005DH    0009H
  +--> ?PR?_PROTO_CRC16?PROTOCOL

?PR?_ENRICH_HELLO?FIRMWARE_APP                  002BH    0006H

?PR?_PROTO_ENCODE?PROTOCOL                      002BH    0007H
  +--> ?PR?_WRITE_U16?PROTOCOL
  +--> ?PR?_PROTO_CRC16?PROTOCOL

?PR?_QUEUE_FRAME?FIRMWARE_APP                   002BH    0009H
  +--> ?PR?_COPY24?FIRMWARE_APP

?PR?_ENGINE_TICK10MS?TEST_ENGINE                0022H    0004H
  +--> ?PR?_ENGINE_COMPLETEATTEMPT?TEST_ENGINE

?PR?FLUSH_UART1?FIRMWARE_APP                    -----    -----
  +--> ?PR?GETUART1TXSTATUS?UART1
  +--> ?PR?_PROMOTE_SLOT?FIRMWARE_APP
  +--> ?PR?_UART1PRINT?UART1

?PR?_PROMOTE_SLOT?FIRMWARE_APP                  0022H    0006H
  +--> ?PR?_COPY24?FIRMWARE_APP

?PR?FLUSH_UART2?FIRMWARE_APP                    -----    -----
  +--> ?PR?GETUART2TXSTATUS?UART2
  +--> ?PR?_PROMOTE_SLOT?FIRMWARE_APP
  +--> ?PR?_UART2PRINT?UART2

?PR?ON_1S?FIRMWARE_APP                          -----    -----
  +--> ?PR?GETSYSPERFORMANCE?SYS
  +--> ?PR?_SEG7PRINT?DISPLAYER

?PR?ON_KEY?FIRMWARE_APP                         0022H    0002H
  +--> ?PR?_GETKEYACT?KEY
  +--> ?PR?_LEDPRINT?DISPLAYER

?PR?MYSTC_INIT?SYS                              -----    -----
  +--> ?PR?SYS_TIMER0_INIT?SYS

?PR?SYS_TIMER0_INIT?SYS                         -----    -----
  +--> ?CO?MAIN

?PR?APP_STARTUART?FIRMWARE_APP                  -----    -----
  +--> ?PR?_UART1INIT?UART1
  +--> ?PR?_UART2INIT?UART2
  +--> ?PR?_SETUART1RXD?UART1
  +--> ?PR?_SETUART2RXD?UART2

?PR?_UART1INIT?UART1                            0022H    0004H
  +--> ?CO?MAIN
BL51 BANKED LINKER/LOCATER V6.22                                                      09/09/2026  12:06:27  PAGE 7


  +--> ?PR?_?SYS_GET_UART1RXDEVENT?UART1

?PR?_UART2INIT?UART2                            0022H    0005H
  +--> ?PR?_?NULLFUNC0?UART2
  +--> ?CO?MAIN
  +--> ?PR?_?SYS_GET_UART2RXDEVENT?UART2

?PR?_SETUART1RXD?UART1                          0022H    000AH

?PR?_SETUART2RXD?UART2                          0022H    000AH

?PR?MYSTC_OS?SYS                                -----    -----
  +--> ?PR?SYS_TASK_IR?SYS
  +--> ?PR?SYS_TASK_1MS?SYS
  +--> ?PR?SYS_TASK_10MS?SYS
  +--> ?PR?SYS_TASK_100MS?SYS
  +--> ?PR?SYS_TASK_1S?SYS

?C_INITSEG                                      -----    -----
  +--> ?PR?_?NULLFUNC?SYS
  +--> ?PR?_?RET0FUNC?SYS



SYMBOL TABLE OF MODULE:  .\output\AcceptanceCtrl (MAIN)

  VALUE           TYPE          NAME
  ----------------------------------

  -------         MODULE        MAIN
  C:0000H         SYMBOL        _ICE_DUMMY_
  D:0080H         PUBLIC        P0
  D:0090H         PUBLIC        P1
  D:00A0H         PUBLIC        P2
  D:00B0H         PUBLIC        P3
  D:00C0H         PUBLIC        P4
  D:00C8H         PUBLIC        P5
  D:00E8H         PUBLIC        P6
  D:00F8H         PUBLIC        P7
  D:00A8H         PUBLIC        IE
  D:00B8H         PUBLIC        IP
  D:00D8H         PUBLIC        CCON
  C:36A1H         PUBLIC        main
  C:35C0H         PUBLIC        SysClock
  D:0098H         PUBLIC        SCON
  D:0088H         PUBLIC        TCON
  C:35C4H         PUBLIC        decode_table
  D:00D0H         PUBLIC        PSW
  -------         PROC          MAIN
  C:36A1H         LINE#         13
  C:36A1H         LINE#         14
  C:36A1H         LINE#         15
  C:36A4H         LINE#         16
  C:36A7H         LINE#         17
  C:36AAH         LINE#         18
  -------         ENDPROC       MAIN
  -------         ENDMOD        MAIN
BL51 BANKED LINKER/LOCATER V6.22                                                      09/09/2026  12:06:27  PAGE 8



  -------         MODULE        FIRMWARE_APP
  C:0000H         SYMBOL        _ICE_DUMMY_
  C:26FCH         SYMBOL        on_10ms
  D:006DH         SYMBOL        frame_head
  D:006FH         SYMBOL        attempt_ticks
  C:357DH         SYMBOL        on_key
  C:3101H         SYMBOL        _queue_frame
  C:2C61H         PUBLIC        App_Init
  D:0071H         SYMBOL        performance
  C:33A1H         SYMBOL        _copy24
  C:2CEAH         SYMBOL        _process_one
  C:3537H         SYMBOL        on_uart1
  C:355AH         SYMBOL        on_uart2
  C:2FB3H         SYMBOL        _promote_slot
  C:30B0H         PUBLIC        App_StartUart
  X:0000H         SYMBOL        uart1_pending
  X:0018H         SYMBOL        uart2_pending
  X:0030H         SYMBOL        uart1_rx
  X:0048H         SYMBOL        uart2_rx
  D:0076H         SYMBOL        rx_overflow
  X:0060H         SYMBOL        encoded_frame
  X:0078H         SYMBOL        uart1_waiting
  X:0092H         SYMBOL        uart2_waiting
  X:00ACH         SYMBOL        uart1_active
  X:00C6H         SYMBOL        uart2_active
  D:0078H         SYMBOL        uart1_has_pending
  D:0079H         SYMBOL        uart2_has_pending
  C:2EDEH         SYMBOL        on_1s
  X:00E0H         SYMBOL        response_frame
  C:2D6BH         SYMBOL        _enrich_hello
  C:31D8H         SYMBOL        flush_uart1
  C:321CH         SYMBOL        flush_uart2
  X:00F4H         SYMBOL        engine
  X:0161H         SYMBOL        request_frame
  -------         PROC          L?0061
  -------         ENDPROC       L?0061
  -------         PROC          _COPY24
  D:0034H         SYMBOL        dst
  D:0037H         SYMBOL        src
  -------         DO            
  D:0007H         SYMBOL        i
  -------         ENDDO         
  C:33A1H         LINE#         36
  C:33A7H         LINE#         37
  C:33A7H         LINE#         39
  C:33C9H         LINE#         40
  -------         ENDPROC       _COPY24
  -------         PROC          _QUEUE_FRAME
  D:002BH         SYMBOL        active
  D:002EH         SYMBOL        waiting
  D:0031H         SYMBOL        wire
  C:3101H         LINE#         42
  C:3107H         LINE#         43
  C:3107H         LINE#         44
  C:310FH         LINE#         45
  C:3112H         LINE#         46
BL51 BANKED LINKER/LOCATER V6.22                                                      09/09/2026  12:06:27  PAGE 9


  C:3118H         LINE#         47
  C:3118H         LINE#         48
  C:3128H         LINE#         49
  C:312BH         LINE#         50
  C:3139H         LINE#         51
  C:3140H         LINE#         52
  C:3140H         LINE#         53
  C:3148H         LINE#         54
  C:3148H         LINE#         55
  -------         ENDPROC       _QUEUE_FRAME
  -------         PROC          _PROMOTE_SLOT
  D:0022H         SYMBOL        active
  D:0025H         SYMBOL        waiting
  C:2FB3H         LINE#         57
  C:2FB9H         LINE#         58
  C:2FB9H         LINE#         59
  C:2FC7H         LINE#         60
  C:2FD6H         LINE#         61
  C:2FE4H         LINE#         62
  C:2FEBH         LINE#         63
  C:2FF4H         LINE#         64
  C:2FF6H         LINE#         65
  C:3003H         LINE#         66
  C:300AH         LINE#         67
  C:300AH         LINE#         68
  -------         ENDPROC       _PROMOTE_SLOT
  -------         PROC          FLUSH_UART1
  C:31D8H         LINE#         70
  C:31D8H         LINE#         71
  C:31D8H         LINE#         72
  C:31E4H         LINE#         73
  C:31FCH         LINE#         74
  C:3215H         LINE#         76
  C:321BH         LINE#         77
  -------         ENDPROC       FLUSH_UART1
  -------         PROC          FLUSH_UART2
  C:321CH         LINE#         79
  C:321CH         LINE#         80
  C:321CH         LINE#         81
  C:3228H         LINE#         82
  C:3240H         LINE#         83
  C:3259H         LINE#         85
  C:325FH         LINE#         86
  -------         ENDPROC       FLUSH_UART2
  -------         PROC          ON_UART1
  C:3537H         LINE#         88
  C:3537H         LINE#         89
  C:3537H         LINE#         90
  C:3544H         LINE#         91
  C:3544H         LINE#         92
  C:3556H         LINE#         93
  C:3559H         LINE#         94
  C:3559H         LINE#         95
  -------         ENDPROC       ON_UART1
  -------         PROC          ON_UART2
  C:355AH         LINE#         97
  C:355AH         LINE#         98
BL51 BANKED LINKER/LOCATER V6.22                                                      09/09/2026  12:06:27  PAGE 10


  C:355AH         LINE#         99
  C:3567H         LINE#         100
  C:3567H         LINE#         101
  C:3579H         LINE#         102
  C:357CH         LINE#         103
  C:357CH         LINE#         104
  -------         ENDPROC       ON_UART2
  -------         PROC          _ENRICH_HELLO
  D:002BH         SYMBOL        request
  D:002EH         SYMBOL        response
  C:2D6BH         LINE#         106
  C:2D71H         LINE#         107
  C:2D71H         LINE#         108
  C:2D7FH         LINE#         109
  C:2D86H         LINE#         110
  C:2D8EH         LINE#         111
  C:2D96H         LINE#         112
  C:2DB8H         LINE#         113
  C:2DD3H         LINE#         114
  C:2DDBH         LINE#         115
  C:2DE3H         LINE#         116
  -------         ENDPROC       _ENRICH_HELLO
  -------         PROC          _PROCESS_ONE
  D:0001H         SYMBOL        wire
  D:0025H         SYMBOL        active
  D:0028H         SYMBOL        waiting
  C:2CEAH         LINE#         119
  C:2CEAH         LINE#         120
  C:2CEAH         LINE#         121
  C:2D00H         LINE#         122
  C:2D1BH         LINE#         123
  C:2D28H         LINE#         124
  C:2D3AH         LINE#         125
  C:2D4FH         LINE#         126
  C:2D6AH         LINE#         127
  -------         ENDPROC       _PROCESS_ONE
  -------         PROC          ON_10MS
  C:26FCH         LINE#         129
  C:26FCH         LINE#         130
  C:26FCH         LINE#         131
  C:2700H         LINE#         132
  C:2703H         LINE#         133
  C:271EH         LINE#         134
  C:271EH         LINE#         135
  C:2722H         LINE#         136
  C:2725H         LINE#         137
  C:2740H         LINE#         138
  C:2740H         LINE#         139
  C:2749H         LINE#         140
  C:275DH         LINE#         141
  C:2765H         LINE#         142
  C:276EH         LINE#         144
  C:2798H         LINE#         145
  C:27A7H         LINE#         146
  C:27AAH         LINE#         147
  -------         ENDPROC       ON_10MS
  -------         PROC          ON_KEY
BL51 BANKED LINKER/LOCATER V6.22                                                      09/09/2026  12:06:27  PAGE 11


  -------         DO            
  D:0022H         SYMBOL        k1
  D:0023H         SYMBOL        k2
  -------         ENDDO         
  C:357DH         LINE#         150
  C:357DH         LINE#         151
  C:357DH         LINE#         152
  C:3584H         LINE#         153
  C:358BH         LINE#         154
  C:3595H         LINE#         155
  C:359FH         LINE#         156
  -------         ENDPROC       ON_KEY
  -------         PROC          ON_1S
  C:2EDEH         LINE#         158
  C:2EDEH         LINE#         159
  C:2EDEH         LINE#         160
  C:2EEEH         LINE#         166
  -------         ENDPROC       ON_1S
  -------         PROC          APP_INIT
  C:2C61H         LINE#         169
  C:2C61H         LINE#         170
  C:2C61H         LINE#         171
  C:2C64H         LINE#         172
  C:2C66H         LINE#         173
  C:2C6EH         LINE#         174
  C:2C76H         LINE#         175
  C:2C7AH         LINE#         176
  C:2C7EH         LINE#         177
  C:2C89H         LINE#         178
  C:2C8CH         LINE#         179
  C:2C93H         LINE#         180
  C:2CABH         LINE#         181
  C:2CB0H         LINE#         182
  C:2CB3H         LINE#         183
  C:2CBEH         LINE#         184
  C:2CC9H         LINE#         185
  C:2CD4H         LINE#         186
  C:2CDFH         LINE#         187
  -------         ENDPROC       APP_INIT
  -------         PROC          APP_STARTUART
  C:30B0H         LINE#         193
  C:30B0H         LINE#         194
  C:30B0H         LINE#         195
  C:30BBH         LINE#         196
  C:30C9H         LINE#         197
  C:30E5H         LINE#         198
  -------         ENDPROC       APP_STARTUART
  -------         ENDMOD        FIRMWARE_APP

  -------         MODULE        PROTOCOL
  C:0000H         SYMBOL        _ICE_DUMMY_
  C:18DFH         PUBLIC        _Proto_Decode
  C:1AA7H         PUBLIC        _Proto_Encode
  C:3664H         SYMBOL        _read_u16
  C:36BDH         SYMBOL        _write_u16
  C:2F51H         PUBLIC        _Proto_Crc16
  C:365FH         SYMBOL        L?0037
BL51 BANKED LINKER/LOCATER V6.22                                                      09/09/2026  12:06:27  PAGE 12


  -------         PROC          L?0036
  -------         ENDPROC       L?0036
  C:365FH         SYMBOL        L?0037
  -------         PROC          _READ_U16
  D:0001H         SYMBOL        p
  C:3664H         LINE#         3
  C:3664H         LINE#         4
  C:3664H         LINE#         5
  C:3671H         LINE#         6
  -------         ENDPROC       _READ_U16
  -------         PROC          _WRITE_U16
  D:0001H         SYMBOL        p
  D:0004H         SYMBOL        value
  C:36BDH         LINE#         8
  C:36BDH         LINE#         9
  C:36BDH         LINE#         10
  C:36C1H         LINE#         11
  -------         ENDPROC       _WRITE_U16
  -------         PROC          _PROTO_CRC16
  D:0066H         SYMBOL        bytes
  D:0069H         SYMBOL        length
  -------         DO            
  D:006BH         SYMBOL        crc
  D:0004H         SYMBOL        i
  D:0003H         SYMBOL        bit_index
  -------         ENDDO         
  C:2F51H         LINE#         14
  C:2F5BH         LINE#         15
  C:2F5BH         LINE#         20
  C:2F61H         LINE#         21
  C:2F6DH         LINE#         22
  C:2F7DH         LINE#         23
  C:2F7EH         LINE#         24
  C:2F98H         LINE#         25
  C:2FA3H         LINE#         26
  C:2FA7H         LINE#         27
  C:2FAEH         LINE#         28
  C:2FB2H         LINE#         29
  -------         ENDPROC       _PROTO_CRC16
  -------         PROC          _PROTO_ENCODE
  D:002BH         SYMBOL        frame
  D:002EH         SYMBOL        out
  -------         DO            
  D:0031H         SYMBOL        i
  D:0004H         SYMBOL        crc
  -------         ENDDO         
  C:1AA7H         LINE#         31
  C:1AADH         LINE#         32
  C:1AADH         LINE#         41
  C:1AB7H         LINE#         42
  C:1ACBH         LINE#         43
  C:1AD5H         LINE#         44
  C:1AD8H         LINE#         45
  C:1AE3H         LINE#         46
  C:1AF1H         LINE#         47
  C:1B06H         LINE#         48
  C:1B1EH         LINE#         49
BL51 BANKED LINKER/LOCATER V6.22                                                      09/09/2026  12:06:27  PAGE 13


  C:1B36H         LINE#         50
  C:1B4EH         LINE#         51
  C:1B73H         LINE#         52
  C:1B9CH         LINE#         53
  C:1BB4H         LINE#         54
  C:1BCCH         LINE#         55
  C:1BE4H         LINE#         56
  C:1BFCH         LINE#         57
  C:1BFFH         LINE#         58
  C:1C45H         LINE#         59
  C:1C5BH         LINE#         60
  C:1C69H         LINE#         61
  C:1C6BH         LINE#         62
  -------         ENDPROC       _PROTO_ENCODE
  -------         PROC          _PROTO_DECODE
  D:002BH         SYMBOL        wire
  D:002EH         SYMBOL        destination
  D:002FH         SYMBOL        expected_session
  D:0031H         SYMBOL        out
  -------         DO            
  D:0034H         SYMBOL        i
  -------         ENDDO         
  C:18DFH         LINE#         64
  C:18E7H         LINE#         68
  C:18E7H         LINE#         74
  C:18FAH         LINE#         75
  C:1924H         LINE#         76
  C:1937H         LINE#         77
  C:1945H         LINE#         78
  C:194FH         LINE#         79
  C:1952H         LINE#         80
  C:1964H         LINE#         81
  C:197EH         LINE#         82
  C:1981H         LINE#         83
  C:1996H         LINE#         84
  C:19AEH         LINE#         85
  C:19C6H         LINE#         86
  C:19DEH         LINE#         87
  C:19F6H         LINE#         88
  C:1A0EH         LINE#         89
  C:1A26H         LINE#         90
  C:1A3EH         LINE#         91
  C:1A56H         LINE#         92
  C:1A6EH         LINE#         93
  C:1AA4H         LINE#         94
  C:1AA6H         LINE#         95
  -------         ENDPROC       _PROTO_DECODE
  -------         ENDMOD        PROTOCOL

  -------         MODULE        SESSION
  C:0000H         SYMBOL        _ICE_DUMMY_
  C:3632H         PUBLIC        _Session_Matches
  C:3361H         PUBLIC        _Session_Reset
  -------         PROC          _SESSION_RESET
  D:0001H         SYMBOL        session
  C:3361H         LINE#         3
  C:3361H         LINE#         4
BL51 BANKED LINKER/LOCATER V6.22                                                      09/09/2026  12:06:27  PAGE 14


  C:3361H         LINE#         5
  C:3367H         LINE#         6
  C:3370H         LINE#         7
  C:3379H         LINE#         8
  C:3383H         LINE#         9
  C:338AH         LINE#         10
  C:3391H         LINE#         11
  -------         ENDPROC       _SESSION_RESET
  -------         PROC          _SESSION_MATCHES
  D:0001H         SYMBOL        session
  D:0004H         SYMBOL        id
  C:3632H         LINE#         14
  C:3632H         LINE#         15
  C:3632H         LINE#         16
  C:3649H         LINE#         17
  -------         ENDPROC       _SESSION_MATCHES
  -------         ENDMOD        SESSION

  -------         MODULE        RECORDS
  C:0000H         SYMBOL        _ICE_DUMMY_
  C:34E6H         PUBLIC        _RecordStore_Release
  C:1E04H         PUBLIC        _RecordStore_ReadChunk
  C:35FBH         PUBLIC        _RecordStore_WireLength
  C:348DH         PUBLIC        _RecordStore_Reset
  C:28F9H         PUBLIC        _RecordStore_Save
  -------         PROC          _RECORDSTORE_RESET
  D:0001H         SYMBOL        store
  C:348DH         LINE#         4
  C:348DH         LINE#         5
  C:348DH         LINE#         6
  C:3493H         LINE#         7
  C:349CH         LINE#         8
  C:34A5H         LINE#         9
  C:34ADH         LINE#         10
  C:34B4H         LINE#         11
  -------         ENDPROC       _RECORDSTORE_RESET
  -------         PROC          _RECORDSTORE_SAVE
  D:005DH         SYMBOL        store
  D:0005H         SYMBOL        kind
  D:0061H         SYMBOL        body
  D:0064H         SYMBOL        length
  -------         DO            
  D:0006H         SYMBOL        i
  -------         ENDDO         
  C:28F9H         LINE#         14
  C:28FFH         LINE#         16
  C:28FFH         LINE#         18
  C:2915H         LINE#         19
  C:2922H         LINE#         20
  C:292FH         LINE#         21
  C:293AH         LINE#         22
  C:2970H         LINE#         23
  C:298CH         LINE#         24
  C:2994H         LINE#         25
  C:2996H         LINE#         26
  -------         ENDPROC       _RECORDSTORE_SAVE
  -------         PROC          _RECORDSTORE_READCHUNK
BL51 BANKED LINKER/LOCATER V6.22                                                      09/09/2026  12:06:27  PAGE 15


  D:0043H         SYMBOL        store
  D:0005H         SYMBOL        chunk_index
  D:0047H         SYMBOL        out
  -------         DO            
  D:004AH         SYMBOL        offset
  D:0005H         SYMBOL        i
  D:004CH         SYMBOL        total
  -------         DO            
  D:004EH         SYMBOL        index
  -------         ENDDO         
  -------         ENDDO         
  C:1E04H         LINE#         28
  C:1E0AH         LINE#         30
  C:1E0AH         LINE#         31
  C:1E14H         LINE#         33
  C:1E24H         LINE#         34
  C:1E3AH         LINE#         35
  C:1E3CH         LINE#         36
  C:1E48H         LINE#         37
  C:1E62H         LINE#         38
  C:1E82H         LINE#         39
  C:1EA4H         LINE#         40
  C:1EC5H         LINE#         41
  C:1EE8H         LINE#         42
  C:1F09H         LINE#         43
  C:1F21H         LINE#         44
  C:1F3EH         LINE#         45
  C:1F47H         LINE#         46
  C:1F49H         LINE#         47
  -------         ENDPROC       _RECORDSTORE_READCHUNK
  -------         PROC          _RECORDSTORE_RELEASE
  D:0001H         SYMBOL        store
  D:0004H         SYMBOL        record_id
  C:34E6H         LINE#         49
  C:34E6H         LINE#         50
  C:34E6H         LINE#         51
  C:34FCH         LINE#         52
  C:3503H         LINE#         53
  C:350CH         LINE#         54
  C:350EH         LINE#         55
  -------         ENDPROC       _RECORDSTORE_RELEASE
  -------         PROC          _RECORDSTORE_WIRELENGTH
  D:0001H         SYMBOL        store
  C:35FBH         LINE#         57
  C:35FBH         LINE#         58
  C:35FBH         LINE#         59
  C:3616H         LINE#         60
  -------         ENDPROC       _RECORDSTORE_WIRELENGTH
  -------         ENDMOD        RECORDS

  -------         MODULE        TEST_ENGINE
  C:0000H         SYMBOL        _ICE_DUMMY_
  C:2BD7H         PUBLIC        _Engine_Tick10ms
  C:3149H         SYMBOL        _put_u32
  C:36C8H         SYMBOL        _put_u16
  C:0800H         SYMBOL        _handle_new
  C:33CAH         SYMBOL        _crc_update
BL51 BANKED LINKER/LOCATER V6.22                                                      09/09/2026  12:06:27  PAGE 16


  C:2855H         PUBLIC        _Engine_Init
  C:14EEH         SYMBOL        _enrich_response
  C:2997H         SYMBOL        _read_u32
  C:3651H         SYMBOL        _read_u16
  C:2496H         PUBLIC        _Engine_CompleteAttempt
  C:2083H         SYMBOL        _make_response
  C:1C6CH         PUBLIC        _Engine_HandleFrame
  C:364AH         SYMBOL        L?0142
  C:364DH         SYMBOL        L?0143
  -------         PROC          L?0141
  -------         ENDPROC       L?0141
  C:364AH         SYMBOL        L?0142
  C:364DH         SYMBOL        L?0143
  -------         PROC          _READ_U16
  D:0001H         SYMBOL        p
  C:3651H         LINE#         3
  C:3651H         LINE#         4
  C:3651H         LINE#         5
  C:365EH         LINE#         6
  -------         ENDPROC       _READ_U16
  -------         PROC          _READ_U32
  D:0041H         SYMBOL        p
  C:2997H         LINE#         8
  C:299DH         LINE#         9
  C:299DH         LINE#         11
  C:2A2CH         LINE#         12
  -------         ENDPROC       _READ_U32
  -------         PROC          _PUT_U16
  D:0001H         SYMBOL        p
  D:0004H         SYMBOL        value
  C:36C8H         LINE#         14
  C:36C8H         LINE#         15
  C:36C8H         LINE#         16
  C:36CCH         LINE#         17
  -------         ENDPROC       _PUT_U16
  -------         PROC          _PUT_U32
  D:0001H         SYMBOL        p
  D:005DH         SYMBOL        value
  C:3149H         LINE#         20
  C:3151H         LINE#         21
  C:3151H         LINE#         22
  C:3155H         LINE#         23
  C:3169H         LINE#         24
  C:317DH         LINE#         25
  -------         ENDPROC       _PUT_U32
  -------         PROC          _CRC_UPDATE
  D:0002H         SYMBOL        crc
  D:0005H         SYMBOL        value
  -------         DO            
  D:0005H         SYMBOL        bit_index
  -------         ENDDO         
  C:33CAH         LINE#         28
  C:33CEH         LINE#         29
  C:33CEH         LINE#         31
  C:33D2H         LINE#         32
  C:33D3H         LINE#         33
  C:33F7H         LINE#         34
BL51 BANKED LINKER/LOCATER V6.22                                                      09/09/2026  12:06:27  PAGE 17


  C:33FBH         LINE#         35
  -------         ENDPROC       _CRC_UPDATE
  -------         PROC          L?0144
  -------         ENDPROC       L?0144
  -------         PROC          _MAKE_RESPONSE
  D:0035H         SYMBOL        engine
  D:0038H         SYMBOL        request
  D:003BH         SYMBOL        status
  D:003CH         SYMBOL        response
  -------         DO            
  D:0007H         SYMBOL        i
  -------         ENDDO         
  C:2083H         LINE#         37
  C:2089H         LINE#         39
  C:2089H         LINE#         41
  C:2094H         LINE#         42
  C:20B0H         LINE#         43
  C:20C8H         LINE#         44
  C:20E0H         LINE#         45
  C:20FDH         LINE#         46
  C:211AH         LINE#         47
  C:2132H         LINE#         48
  C:214AH         LINE#         49
  C:2152H         LINE#         50
  C:215AH         LINE#         51
  C:2171H         LINE#         52
  C:217FH         LINE#         53
  C:219CH         LINE#         54
  -------         ENDPROC       _MAKE_RESPONSE
  -------         PROC          _ENGINE_INIT
  D:0022H         SYMBOL        engine
  D:0025H         SYMBOL        role
  C:2855H         LINE#         56
  C:285DH         LINE#         57
  C:285DH         LINE#         58
  C:2860H         LINE#         59
  C:286EH         LINE#         60
  C:287BH         LINE#         61
  C:2882H         LINE#         62
  C:288AH         LINE#         63
  C:2891H         LINE#         64
  C:289AH         LINE#         65
  C:28A3H         LINE#         66
  C:28ACH         LINE#         67
  C:28B6H         LINE#         68
  C:28BDH         LINE#         69
  C:28C4H         LINE#         70
  C:28CBH         LINE#         71
  C:28D4H         LINE#         72
  C:28DDH         LINE#         73
  C:28E4H         LINE#         74
  C:28EBH         LINE#         75
  C:28F2H         LINE#         76
  -------         ENDPROC       _ENGINE_INIT
  -------         PROC          _HANDLE_NEW
  D:0035H         SYMBOL        engine
  D:0038H         SYMBOL        request
BL51 BANKED LINKER/LOCATER V6.22                                                      09/09/2026  12:06:27  PAGE 18


  -------         DO            
  D:003BH         SYMBOL        value
  -------         DO            
  D:003DH         SYMBOL        i
  D:003DH         SYMBOL        chunk
  -------         ENDDO         
  -------         DO            
  D:003DH         SYMBOL        chunk
  -------         ENDDO         
  -------         ENDDO         
  C:0800H         LINE#         79
  C:0806H         LINE#         80
  C:0806H         LINE#         82
  C:081BH         LINE#         83
  C:081EH         LINE#         85
  C:082BH         LINE#         86
  C:0842H         LINE#         87
  C:0861H         LINE#         88
  C:0864H         LINE#         89
  C:086DH         LINE#         90
  C:0887H         LINE#         91
  C:08A1H         LINE#         92
  C:08B9H         LINE#         93
  C:08D6H         LINE#         94
  C:08EEH         LINE#         95
  C:08F8H         LINE#         96
  C:08FFH         LINE#         97
  C:0906H         LINE#         98
  C:090BH         LINE#         99
  C:090EH         LINE#         100
  C:090EH         LINE#         102
  C:092CH         LINE#         104
  C:0969H         LINE#         105
  C:0969H         LINE#         106
  C:0988H         LINE#         107
  C:098BH         LINE#         108
  C:0998H         LINE#         109
  C:099BH         LINE#         110
  C:09BBH         LINE#         111
  C:09BBH         LINE#         113
  C:09BEH         LINE#         114
  C:0A00H         LINE#         115
  C:0A00H         LINE#         116
  C:0A18H         LINE#         117
  C:0A43H         LINE#         118
  C:0A46H         LINE#         119
  C:0A46H         LINE#         120
  C:0A65H         LINE#         121
  C:0A68H         LINE#         122
  C:0A6FH         LINE#         123
  C:0A93H         LINE#         124
  C:0A96H         LINE#         125
  C:0AA1H         LINE#         126
  C:0AA9H         LINE#         127
  C:0AAEH         LINE#         128
  C:0AB1H         LINE#         129
  C:0AB1H         LINE#         130
BL51 BANKED LINKER/LOCATER V6.22                                                      09/09/2026  12:06:27  PAGE 19


  C:0AC4H         LINE#         131
  C:0AD8H         LINE#         132
  C:0AEBH         LINE#         133
  C:0AF7H         LINE#         134
  C:0AFAH         LINE#         135
  C:0B15H         LINE#         136
  C:0B18H         LINE#         137
  C:0B35H         LINE#         138
  C:0B38H         LINE#         139
  C:0B50H         LINE#         140
  C:0B58H         LINE#         141
  C:0B62H         LINE#         142
  C:0B7AH         LINE#         143
  C:0BA5H         LINE#         144
  C:0BDBH         LINE#         146
  C:0BDFH         LINE#         147
  C:0BE2H         LINE#         148
  C:0BE2H         LINE#         149
  C:0C01H         LINE#         150
  C:0C04H         LINE#         151
  C:0C0EH         LINE#         152
  C:0C22H         LINE#         153
  C:0C3AH         LINE#         154
  C:0C3AH         LINE#         155
  C:0C3DH         LINE#         156
  C:0C3DH         LINE#         157
  C:0C5CH         LINE#         158
  C:0C5FH         LINE#         159
  C:0C79H         LINE#         160
  C:0C83H         LINE#         161
  C:0C86H         LINE#         162
  C:0C86H         LINE#         163
  C:0C99H         LINE#         164
  C:0CC9H         LINE#         165
  C:0CCCH         LINE#         166
  C:0CCCH         LINE#         168
  C:0CFBH         LINE#         169
  C:0CFEH         LINE#         170
  C:0CFEH         LINE#         171
  C:0D01H         LINE#         172
  C:0D01H         LINE#         173
  C:0D14H         LINE#         174
  C:0D2CH         LINE#         175
  C:0D2FH         LINE#         176
  C:0D3DH         LINE#         177
  C:0D41H         LINE#         178
  C:0D44H         LINE#         179
  C:0D44H         LINE#         180
  C:0D63H         LINE#         181
  C:0D66H         LINE#         182
  C:0D80H         LINE#         183
  C:0D92H         LINE#         184
  C:0DA6H         LINE#         185
  C:0DC2H         LINE#         186
  C:0DC5H         LINE#         187
  C:0DC5H         LINE#         188
  C:0E03H         LINE#         190
BL51 BANKED LINKER/LOCATER V6.22                                                      09/09/2026  12:06:27  PAGE 20


  C:0E06H         LINE#         191
  C:0E15H         LINE#         192
  C:0E33H         LINE#         193
  C:0E42H         LINE#         194
  C:0E61H         LINE#         195
  C:0E70H         LINE#         196
  C:0E8FH         LINE#         197
  C:0E92H         LINE#         198
  C:0E92H         LINE#         199
  C:0EA5H         LINE#         200
  C:0EA8H         LINE#         201
  C:0EA8H         LINE#         202
  C:0EBEH         LINE#         203
  C:0EC1H         LINE#         204
  C:0EC9H         LINE#         205
  C:0ED1H         LINE#         206
  C:0ED7H         LINE#         207
  C:0ED9H         LINE#         208
  C:0ED9H         LINE#         209
  C:0EECH         LINE#         210
  C:0EF1H         LINE#         211
  C:0EF3H         LINE#         212
  C:0EF3H         LINE#         213
  C:0F06H         LINE#         214
  C:0F0EH         LINE#         215
  C:0F11H         LINE#         216
  C:0F11H         LINE#         217
  C:0F1FH         LINE#         218
  C:0F28H         LINE#         219
  C:0F2BH         LINE#         220
  C:0F2BH         LINE#         221
  C:0F2DH         LINE#         222
  C:0F2DH         LINE#         223
  -------         ENDPROC       _HANDLE_NEW
  -------         PROC          _ENRICH_RESPONSE
  D:0035H         SYMBOL        engine
  D:0038H         SYMBOL        request
  D:003BH         SYMBOL        status
  D:003CH         SYMBOL        response
  -------         DO            
  D:003FH         SYMBOL        chunk
  -------         ENDDO         
  C:14EEH         LINE#         225
  C:14F4H         LINE#         227
  C:14F4H         LINE#         229
  C:14FBH         LINE#         230
  C:150EH         LINE#         231
  C:151CH         LINE#         232
  C:1534H         LINE#         233
  C:1559H         LINE#         234
  C:1571H         LINE#         235
  C:1589H         LINE#         236
  C:15BFH         LINE#         237
  C:15D2H         LINE#         238
  C:15E0H         LINE#         239
  C:1605H         LINE#         240
  C:161DH         LINE#         241
BL51 BANKED LINKER/LOCATER V6.22                                                      09/09/2026  12:06:27  PAGE 21


  C:164DH         LINE#         242
  C:1663H         LINE#         243
  C:1670H         LINE#         244
  C:1686H         LINE#         245
  C:1694H         LINE#         246
  C:16C4H         LINE#         247
  C:16F4H         LINE#         248
  C:170CH         LINE#         249
  C:170CH         LINE#         250
  -------         ENDPROC       _ENRICH_RESPONSE
  -------         PROC          _ENGINE_HANDLEFRAME
  D:002BH         SYMBOL        engine
  D:002EH         SYMBOL        request
  D:0031H         SYMBOL        response
  -------         DO            
  D:0034H         SYMBOL        status
  -------         ENDDO         
  C:1C6CH         LINE#         252
  C:1C72H         LINE#         254
  C:1C72H         LINE#         256
  C:1D01H         LINE#         258
  C:1D01H         LINE#         259
  C:1D15H         LINE#         260
  C:1D38H         LINE#         261
  C:1D46H         LINE#         262
  C:1D46H         LINE#         263
  C:1D5AH         LINE#         264
  C:1D77H         LINE#         265
  C:1D94H         LINE#         266
  C:1DACH         LINE#         267
  C:1DC4H         LINE#         268
  C:1DCCH         LINE#         269
  C:1DD4H         LINE#         270
  C:1DE3H         LINE#         271
  C:1E01H         LINE#         272
  C:1E03H         LINE#         273
  -------         ENDPROC       _ENGINE_HANDLEFRAME
  -------         PROC          _ENGINE_COMPLETEATTEMPT
  D:0041H         SYMBOL        engine
  D:0007H         SYMBOL        verdict
  D:0045H         SYMBOL        reason
  D:0046H         SYMBOL        duration_ms
  D:004AH         SYMBOL        valid
  D:004CH         SYMBOL        errors
  -------         DO            
  D:004EH         SYMBOL        body
  -------         ENDDO         
  C:2496H         LINE#         275
  C:249EH         LINE#         278
  C:249EH         LINE#         280
  C:24B1H         LINE#         281
  C:24C2H         LINE#         282
  C:24DAH         LINE#         283
  C:24E8H         LINE#         284
  C:24EAH         LINE#         285
  C:24EDH         LINE#         286
  C:24FDH         LINE#         287
BL51 BANKED LINKER/LOCATER V6.22                                                      09/09/2026  12:06:27  PAGE 22


  C:2500H         LINE#         288
  C:2511H         LINE#         289
  C:251CH         LINE#         290
  C:2527H         LINE#         291
  C:254CH         LINE#         292
  C:255AH         LINE#         293
  C:2561H         LINE#         294
  C:256AH         LINE#         295
  C:2572H         LINE#         296
  C:2574H         LINE#         297
  -------         ENDPROC       _ENGINE_COMPLETEATTEMPT
  -------         PROC          _ENGINE_TICK10MS
  D:0022H         SYMBOL        engine
  -------         DO            
  D:0025H         SYMBOL        verdict
  -------         ENDDO         
  C:2BD7H         LINE#         299
  C:2BDDH         LINE#         300
  C:2BDDH         LINE#         301
  C:2BF2H         LINE#         302
  C:2BFCH         LINE#         303
  C:2C06H         LINE#         304
  C:2C14H         LINE#         305
  C:2C1CH         LINE#         306
  C:2C1CH         LINE#         307
  C:2C2FH         LINE#         308
  C:2C41H         LINE#         309
  C:2C60H         LINE#         310
  C:2C60H         LINE#         311
  -------         ENDPROC       _ENGINE_TICK10MS
  -------         ENDMOD        TEST_ENGINE

  -------         MODULE        DISPLAYER
  C:0000H         SYMBOL        _ICE_DUMMY_
  D:0093H         PUBLIC        P0M1
  D:0096H         PUBLIC        P2M0
  D:0080H         PUBLIC        P0
  D:0095H         PUBLIC        P2M1
  D:0090H         PUBLIC        P1
  D:00A0H         PUBLIC        P2
  D:00B0H         PUBLIC        P3
  D:00C0H         PUBLIC        P4
  D:00C8H         PUBLIC        P5
  D:00E8H         PUBLIC        P6
  D:00F8H         PUBLIC        P7
  D:00A8H         PUBLIC        IE
  D:00B8H         PUBLIC        IP
  D:00D8H         PUBLIC        CCON
  C:370BH         PUBLIC        _LedPrint
  B:00A0H.0       PUBLIC        P20
  B:00A0H.1       PUBLIC        P21
  D:0098H         PUBLIC        SCON
  B:00A0H.2       PUBLIC        P22
  D:0088H         PUBLIC        TCON
  B:00A0H.3       PUBLIC        P23
  C:3617H         PUBLIC        DisplayerInit
  X:020DH         PUBLIC        sys_Disp
BL51 BANKED LINKER/LOCATER V6.22                                                      09/09/2026  12:06:27  PAGE 23


  C:36E9H         PUBLIC        _SetDisplayerArea
  C:35A0H         PUBLIC        _Seg7Print
  C:23ADH         PUBLIC        _?sys_display_drv
  D:00D0H         PUBLIC        PSW
  D:0094H         PUBLIC        P0M0
  -------         PROC          _?SYS_DISPLAY_DRV
  C:23ADH         LINE#         16
  C:23ADH         LINE#         18
  C:23B0H         LINE#         19
  C:23D9H         LINE#         20
  C:23DFH         LINE#         21
  C:23E5H         LINE#         22
  C:23EBH         LINE#         23
  C:23F1H         LINE#         24
  C:23FBH         LINE#         25
  C:2405H         LINE#         26
  C:240FH         LINE#         27
  C:2419H         LINE#         28
  C:241BH         LINE#         29
  C:241BH         LINE#         30
  C:2423H         LINE#         31
  C:244CH         LINE#         33
  C:2467H         LINE#         34
  C:246AH         LINE#         35
  C:246AH         LINE#         36
  C:2481H         LINE#         37
  C:248DH         LINE#         39
  C:2495H         LINE#         40
  -------         ENDPROC       _?SYS_DISPLAY_DRV
  -------         PROC          DISPLAYERINIT
  C:3617H         LINE#         42
  C:3617H         LINE#         43
  C:3617H         LINE#         44
  C:361AH         LINE#         45
  C:361DH         LINE#         46
  C:3620H         LINE#         47
  C:3623H         LINE#         48
  C:3631H         LINE#         49
  -------         ENDPROC       DISPLAYERINIT
  -------         PROC          _SETDISPLAYERAREA
  D:0007H         SYMBOL        Begin_of_scan
  D:0005H         SYMBOL        Ending_of_Scan
  C:36E9H         LINE#         51
  C:36E9H         LINE#         52
  C:36EEH         LINE#         53
  C:36F1H         LINE#         54
  -------         ENDPROC       _SETDISPLAYERAREA
  -------         PROC          _SEG7PRINT
  D:0007H         SYMBOL        d0
  D:0005H         SYMBOL        d1
  D:0003H         SYMBOL        d2
  D:0025H         SYMBOL        d3
  D:0026H         SYMBOL        d4
  D:0027H         SYMBOL        d5
  D:0028H         SYMBOL        d6
  D:0029H         SYMBOL        d7
  C:35A0H         LINE#         56
BL51 BANKED LINKER/LOCATER V6.22                                                      09/09/2026  12:06:27  PAGE 24


  C:35A0H         LINE#         57
  C:35A5H         LINE#         58
  C:35A8H         LINE#         59
  C:35ABH         LINE#         60
  C:35AFH         LINE#         61
  C:35B3H         LINE#         62
  C:35B7H         LINE#         63
  C:35BBH         LINE#         64
  C:35BFH         LINE#         65
  -------         ENDPROC       _SEG7PRINT
  -------         PROC          _LEDPRINT
  D:0007H         SYMBOL        led_val
  C:370BH         LINE#         67
  C:370BH         LINE#         68
  C:3710H         LINE#         69
  -------         ENDPROC       _LEDPRINT
  -------         ENDMOD        DISPLAYER

  -------         MODULE        KEY
  C:0000H         SYMBOL        _ICE_DUMMY_
  D:0080H         PUBLIC        P0
  D:0090H         PUBLIC        P1
  D:00A0H         PUBLIC        P2
  D:00B0H         PUBLIC        P3
  D:00C0H         PUBLIC        P4
  D:00C8H         PUBLIC        P5
  D:00E8H         PUBLIC        P6
  D:00F8H         PUBLIC        P7
  D:00A8H         PUBLIC        IE
  D:001EH         PUBLIC        sys_keyEvent
  D:00B8H         PUBLIC        IP
  D:00D8H         PUBLIC        CCON
  C:36AFH         PUBLIC        _?sys_get_keyEvent
  D:0098H         PUBLIC        SCON
  D:0088H         PUBLIC        TCON
  C:219DH         PUBLIC        _?sys_key_drv
  C:35DEH         PUBLIC        KeyInit
  B:00B0H.2       PUBLIC        IO_Key1
  B:00B0H.3       PUBLIC        IO_Key2
  B:0090H.7       PUBLIC        IO_Key3
  C:32A4H         PUBLIC        _GetKeyAct
  X:021AH         PUBLIC        sys_Key
  D:00D0H         PUBLIC        PSW
  -------         PROC          _?SYS_KEY_DRV
  -------         DO            
  i:0000H         SYMBOL        i
  X:0219H         SYMBOL        counter
  -------         ENDDO         
  C:219DH         LINE#         28
  C:219FH         LINE#         31
  C:21A8H         LINE#         32
  C:21B1H         LINE#         33
  C:21BAH         LINE#         34
  C:21C5H         LINE#         35
  C:21C8H         LINE#         36
  C:21DAH         LINE#         37
  C:21F8H         LINE#         38
BL51 BANKED LINKER/LOCATER V6.22                                                      09/09/2026  12:06:27  PAGE 25


  C:2211H         LINE#         39
  C:222DH         LINE#         40
  C:222FH         LINE#         41
  C:222FH         LINE#         42
  C:2231H         LINE#         44
  C:2252H         LINE#         45
  C:2268H         LINE#         46
  C:226BH         LINE#         47
  C:226BH         LINE#         48
  C:226BH         LINE#         49
  C:229EH         LINE#         50
  C:22B9H         LINE#         51
  C:22BDH         LINE#         52
  C:22BDH         LINE#         53
  -------         ENDPROC       _?SYS_KEY_DRV
  -------         PROC          _?SYS_GET_KEYEVENT
  -------         DO            
  i:0000H         SYMBOL        a
  -------         ENDDO         
  C:36AFH         LINE#         55
  C:36B1H         LINE#         57
  C:36B5H         LINE#         58
  C:36B8H         LINE#         59
  C:36BAH         LINE#         60
  -------         ENDPROC       _?SYS_GET_KEYEVENT
  -------         PROC          KEYINIT
  C:35DEH         LINE#         62
  C:35DEH         LINE#         63
  C:35DEH         LINE#         64
  C:35ECH         LINE#         65
  C:35FAH         LINE#         66
  -------         ENDPROC       KEYINIT
  -------         PROC          _GETKEYACT
  D:0007H         SYMBOL        Key
  -------         DO            
  D:0006H         SYMBOL        a
  -------         ENDDO         
  C:32A4H         LINE#         68
  C:32A4H         LINE#         69
  C:32A4H         LINE#         70
  C:32AEH         LINE#         71
  C:32C9H         LINE#         72
  C:32DEH         LINE#         73
  C:32E1H         LINE#         74
  C:32E1H         LINE#         75
  C:32E3H         LINE#         76
  -------         ENDPROC       _GETKEYACT
  -------         ENDMOD        KEY

  -------         MODULE        SYS
  C:0000H         SYMBOL        _ICE_DUMMY_
  X:0175H         PUBLIC        count_1mS
  B:00D8H.2       PUBLIC        CCF2
  D:0080H         PUBLIC        P0
  B:0020H.1       PUBLIC        flag_1S
  D:0090H         PUBLIC        P1
  D:00A0H         PUBLIC        P2
BL51 BANKED LINKER/LOCATER V6.22                                                      09/09/2026  12:06:27  PAGE 26


  D:00B0H         PUBLIC        P3
  D:00C0H         PUBLIC        P4
  X:0176H         PUBLIC        T1
  D:00C8H         PUBLIC        P5
  X:0178H         PUBLIC        T2
  B:00A8H.7       PUBLIC        EA
  D:00E8H         PUBLIC        P6
  D:00F8H         PUBLIC        P7
  D:0009H         PUBLIC        IrDatNum
  B:00D8H.7       PUBLIC        CF
  B:0020H.2       PUBLIC        Ir_Coder
  B:0020H.3       PUBLIC        Ir_RxBusy
  D:00A8H         PUBLIC        IE
  B:0020H.4       PUBLIC        Ir_TxBusy
  X:017AH         PUBLIC        userfunccall
  D:00FAH         PUBLIC        CCAP0H
  D:00FBH         PUBLIC        CCAP1H
  C:2B4CH         PUBLIC        sys_task_Ir
  D:000AH         PUBLIC        IrCount_j
  D:000BH         PUBLIC        IrRx_count
  D:000CH         PUBLIC        IrProtocol
  D:00EAH         PUBLIC        CCAP0L
  D:000DH         PUBLIC        IrTx_count
  D:00EBH         PUBLIC        CCAP1L
  D:00DAH         PUBLIC        CCAPM0
  D:00DBH         PUBLIC        CCAPM1
  D:000EH         PUBLIC        MainLoops
  D:00B8H         PUBLIC        IP
  B:00D0H.7       PUBLIC        CY
  B:0020H.5       PUBLIC        flag_10mS
  D:00D8H         PUBLIC        CCON
  C:36F2H         PUBLIC        GetBeepTimer
  C:305EH         PUBLIC        sys_Timer0_isr
  C:2DEAH         PUBLIC        _SetEventCallBack
  C:3711H         PUBLIC        MySTC_Init
  C:32E4H         PUBLIC        sys_task_100mS
  D:0012H         PUBLIC        ModBus_interval_time
  C:3717H         PUBLIC        _?ret0func
  C:300BH         PUBLIC        GetUltraSonic
  X:019EH         PUBLIC        count_10mS
  X:019FH         PUBLIC        stcDrivers
  C:36FBH         PUBLIC        _SetBeepTimer
  B:0020H.6       PUBLIC        flag_IrRxFinished
  D:0098H         PUBLIC        SCON
  C:3672H         PUBLIC        _SetCCP0
  C:3323H         PUBLIC        MySTC_OS
  D:0089H         PUBLIC        TMOD
  D:0088H         PUBLIC        TCON
  B:0020H.7       PUBLIC        flag_Ir
  B:00B0H.5       PUBLIC        P35
  D:0013H         PUBLIC        IrRxNum
  X:01D5H         PUBLIC        SysPerformance
  D:008EH         PUBLIC        AUXR
  C:27ADH         PUBLIC        sys_CCP_isr
  C:22C0H         PUBLIC        sys_task_1mS
  B:00A8H.1       PUBLIC        ET0
  C:371AH         PUBLIC        ClrBeepPin
BL51 BANKED LINKER/LOCATER V6.22                                                      09/09/2026  12:06:27  PAGE 27


  D:008CH         PUBLIC        TH0
  B:0021H.0       PUBLIC        flag_100mS
  X:01DAH         PUBLIC        distance
  D:008AH         PUBLIC        TL0
  D:0014H         PUBLIC        PollingMisses
  X:01DCH         PUBLIC        sys_BP
  B:0088H.4       PUBLIC        TR0
  C:34BBH         PUBLIC        sys_task_1S
  C:3704H         PUBLIC        GetSysPerformance
  B:0021H.1       PUBLIC        matchModBus
  X:01E2H         PUBLIC        count_100mS
  B:0021H.2       PUBLIC        Ir_BitBusy
  D:0015H         PUBLIC        IrDat_count
  D:0016H         PUBLIC        IrMute_count
  B:0021H.3       PUBLIC        newFrame1
  C:3191H         PUBLIC        sys_Timer0_Init
  B:0021H.4       PUBLIC        newFrame2
  D:0017H         PUBLIC        IrDataPc
  C:371DH         PUBLIC        _?nullfunc
  B:0021H.5       PUBLIC        flag_1mS
  B:0021H.6       PUBLIC        newUS
  D:008FH         PUBLIC        INT_CLKO
  C:2A2DH         PUBLIC        sys_task_10mS
  D:00D0H         PUBLIC        PSW
  B:00D8H.0       PUBLIC        CCF0
  B:00B0H.4       PUBLIC        Beep
  B:00D8H.1       PUBLIC        CCF1
  -------         PROC          _?NULLFUNC
  C:371DH         LINE#         13
  -------         ENDPROC       _?NULLFUNC
  -------         PROC          _?RET0FUNC
  C:3717H         LINE#         14
  -------         ENDPROC       _?RET0FUNC
  -------         PROC          SYS_TIMER0_INIT
  C:3191H         LINE#         96
  C:3191H         LINE#         97
  C:3194H         LINE#         98
  C:3197H         LINE#         99
  C:31ADH         LINE#         100
  C:31D3H         LINE#         101
  C:31D5H         LINE#         102
  C:31D7H         LINE#         103
  -------         ENDPROC       SYS_TIMER0_INIT
  -------         PROC          SYS_TIMER0_ISR
  -------         DO            
  D:0008H         SYMBOL        i
  -------         ENDDO         
  C:305EH         LINE#         105
  C:3062H         LINE#         107
  C:3065H         LINE#         108
  C:3068H         LINE#         109
  C:306DH         LINE#         110
  C:306FH         LINE#         111
  C:306FH         LINE#         112
  C:3075H         LINE#         113
  C:307BH         LINE#         114
  C:307EH         LINE#         115
BL51 BANKED LINKER/LOCATER V6.22                                                      09/09/2026  12:06:27  PAGE 28


  C:3080H         LINE#         116
  C:3083H         LINE#         117
  C:3087H         LINE#         118
  C:3089H         LINE#         119
  C:308CH         LINE#         120
  C:308EH         LINE#         122
  C:3091H         LINE#         123
  C:3093H         LINE#         124
  C:3098H         LINE#         125
  C:3098H         LINE#         126
  C:309AH         LINE#         128
  C:30A3H         LINE#         129
  C:30A5H         LINE#         130
  C:30ABH         LINE#         131
  C:30ABH         LINE#         132
  C:30ABH         LINE#         133
  C:30ABH         LINE#         134
  -------         ENDPROC       SYS_TIMER0_ISR
  -------         PROC          GETULTRASONIC
  -------         DO            
  D:001AH         SYMBOL        a
  -------         ENDDO         
  C:300BH         LINE#         138
  C:300BH         LINE#         139
  C:300BH         LINE#         140
  C:300EH         LINE#         141
  C:3010H         LINE#         142
  C:301FH         LINE#         143
  C:3055H         LINE#         144
  C:3055H         LINE#         145
  C:305DH         LINE#         146
  -------         ENDPROC       GETULTRASONIC
  -------         PROC          GETBEEPTIMER
  C:36F2H         LINE#         148
  C:36F2H         LINE#         149
  C:36FAH         LINE#         150
  -------         ENDPROC       GETBEEPTIMER
  -------         PROC          _SETBEEPTIMER
  D:0006H         SYMBOL        a
  C:36FBH         LINE#         152
  C:36FBH         LINE#         153
  C:3703H         LINE#         154
  -------         ENDPROC       _SETBEEPTIMER
  -------         PROC          _SETCCP0
  D:0006H         SYMBOL        step
  D:0004H         SYMBOL        next
  C:3672H         LINE#         156
  C:3672H         LINE#         157
  C:367AH         LINE#         158
  C:3682H         LINE#         159
  -------         ENDPROC       _SETCCP0
  -------         PROC          CLRBEEPPIN
  C:371AH         LINE#         161
  C:371AH         LINE#         162
  C:371CH         LINE#         163
  -------         ENDPROC       CLRBEEPPIN
  -------         PROC          SYS_CCP_ISR
BL51 BANKED LINKER/LOCATER V6.22                                                      09/09/2026  12:06:27  PAGE 29


  -------         DO            
  B:0020H.0       SYMBOL        a
  -------         ENDDO         
  C:27ADH         LINE#         165
  C:27C0H         LINE#         167
  C:27C7H         LINE#         168
  C:27CEH         LINE#         169
  C:27D1H         LINE#         170
  C:27D3H         LINE#         171
  C:27E3H         LINE#         172
  C:27EAH         LINE#         173
  C:27EDH         LINE#         174
  C:27EFH         LINE#         175
  C:27F1H         LINE#         177
  C:2805H         LINE#         178
  C:2808H         LINE#         179
  C:280AH         LINE#         180
  C:280CH         LINE#         181
  C:280EH         LINE#         183
  C:280EH         LINE#         184
  C:2811H         LINE#         185
  C:2813H         LINE#         186
  C:281DH         LINE#         187
  C:281FH         LINE#         188
  C:2828H         LINE#         189
  C:282BH         LINE#         190
  C:283DH         LINE#         191
  C:283FH         LINE#         193
  C:2841H         LINE#         194
  C:2844H         LINE#         195
  C:2844H         LINE#         196
  C:2844H         LINE#         197
  -------         ENDPROC       SYS_CCP_ISR
  -------         PROC          MYSTC_INIT
  C:3711H         LINE#         199
  C:3711H         LINE#         200
  C:3714H         LINE#         201
  C:3716H         LINE#         202
  -------         ENDPROC       MYSTC_INIT
  -------         PROC          SYS_TASK_IR
  -------         DO            
  D:0007H         SYMBOL        a
  -------         ENDDO         
  C:2B4CH         LINE#         204
  C:2B4CH         LINE#         205
  C:2B4CH         LINE#         206
  C:2B62H         LINE#         207
  C:2B69H         LINE#         208
  C:2B6CH         LINE#         209
  C:2B6FH         LINE#         210
  C:2B85H         LINE#         211
  C:2B95H         LINE#         212
  C:2B9DH         LINE#         213
  C:2BA0H         LINE#         214
  C:2BA2H         LINE#         216
  C:2BB8H         LINE#         217
  C:2BCCH         LINE#         218
BL51 BANKED LINKER/LOCATER V6.22                                                      09/09/2026  12:06:27  PAGE 30


  C:2BCCH         LINE#         219
  C:2BCEH         LINE#         220
  C:2BD1H         LINE#         222
  C:2BD1H         LINE#         224
  C:2BD3H         LINE#         225
  C:2BD6H         LINE#         226
  C:2BD6H         LINE#         227
  -------         ENDPROC       SYS_TASK_IR
  -------         PROC          SYS_TASK_1MS
  C:22C0H         LINE#         229
  C:22C0H         LINE#         230
  C:22C8H         LINE#         231
  C:22CBH         LINE#         232
  C:22CDH         LINE#         233
  C:22D5H         LINE#         234
  C:22D8H         LINE#         235
  C:22DAH         LINE#         236
  C:22E2H         LINE#         237
  C:22E5H         LINE#         238
  C:22E7H         LINE#         239
  C:22E7H         LINE#         240
  C:22E7H         LINE#         241
  C:22E7H         LINE#         242
  C:22F3H         LINE#         243
  C:22FFH         LINE#         244
  C:230BH         LINE#         245
  C:2317H         LINE#         246
  C:2323H         LINE#         247
  C:232FH         LINE#         248
  C:234AH         LINE#         249
  C:2359H         LINE#         250
  C:2365H         LINE#         251
  C:2367H         LINE#         252
  C:2367H         LINE#         253
  C:236EH         LINE#         254
  C:2371H         LINE#         255
  C:2380H         LINE#         256
  C:2382H         LINE#         257
  C:2382H         LINE#         258
  C:2384H         LINE#         260
  C:2393H         LINE#         261
  C:239FH         LINE#         262
  C:23A1H         LINE#         263
  C:23A1H         LINE#         264
  C:23A1H         LINE#         265
  -------         ENDPROC       SYS_TASK_1MS
  -------         PROC          SYS_TASK_10MS
  C:2A2DH         LINE#         268
  C:2A2DH         LINE#         269
  C:2A39H         LINE#         270
  C:2A45H         LINE#         271
  C:2A51H         LINE#         272
  C:2A5DH         LINE#         273
  C:2A78H         LINE#         274
  C:2A93H         LINE#         275
  C:2AAEH         LINE#         276
  C:2AB1H         LINE#         277
BL51 BANKED LINKER/LOCATER V6.22                                                      09/09/2026  12:06:27  PAGE 31


  C:2AB3H         LINE#         278
  C:2ABFH         LINE#         279
  C:2ABFH         LINE#         280
  -------         ENDPROC       SYS_TASK_10MS
  -------         PROC          SYS_TASK_100MS
  C:32E4H         LINE#         282
  C:32E4H         LINE#         283
  C:32F0H         LINE#         284
  C:330BH         LINE#         285
  C:3317H         LINE#         286
  -------         ENDPROC       SYS_TASK_100MS
  -------         PROC          SYS_TASK_1S
  C:34BBH         LINE#         289
  C:34BBH         LINE#         290
  C:34C9H         LINE#         291
  C:34CFH         LINE#         292
  C:34D8H         LINE#         293
  C:34DAH         LINE#         294
  -------         ENDPROC       SYS_TASK_1S
  -------         PROC          MYSTC_OS
  C:3323H         LINE#         297
  C:3323H         LINE#         298
  C:332BH         LINE#         299
  C:3333H         LINE#         300
  C:333BH         LINE#         301
  C:3343H         LINE#         302
  C:334BH         LINE#         303
  C:3360H         LINE#         306
  -------         ENDPROC       MYSTC_OS
  -------         PROC          _SETEVENTCALLBACK
  D:0007H         SYMBOL        event
  D:0022H         SYMBOL        user_callback
  C:2DEAH         LINE#         308
  C:2DF0H         LINE#         309
  C:2E21H         LINE#         310
  C:2E24H         LINE#         311
  C:2E26H         LINE#         312
  C:2E29H         LINE#         313
  C:2E2BH         LINE#         314
  C:2E2EH         LINE#         315
  C:2E30H         LINE#         316
  C:2E33H         LINE#         317
  C:2E35H         LINE#         318
  C:2E38H         LINE#         319
  C:2E3AH         LINE#         320
  C:2E3DH         LINE#         321
  C:2E3FH         LINE#         322
  C:2E42H         LINE#         323
  C:2E44H         LINE#         324
  C:2E47H         LINE#         325
  C:2E49H         LINE#         326
  C:2E4CH         LINE#         327
  C:2E4EH         LINE#         328
  C:2E51H         LINE#         329
  C:2E53H         LINE#         330
  C:2E56H         LINE#         331
  C:2E58H         LINE#         332
BL51 BANKED LINKER/LOCATER V6.22                                                      09/09/2026  12:06:27  PAGE 32


  C:2E66H         LINE#         333
  C:2E66H         LINE#         334
  C:2E66H         LINE#         335
  C:2E66H         LINE#         336
  -------         ENDPROC       _SETEVENTCALLBACK
  -------         PROC          GETSYSPERFORMANCE
  C:3704H         LINE#         338
  C:3704H         LINE#         339
  C:370AH         LINE#         340
  -------         ENDPROC       GETSYSPERFORMANCE
  -------         ENDMOD        SYS

  -------         MODULE        UART2
  C:0000H         SYMBOL        _ICE_DUMMY_
  D:001CH         PUBLIC        ModBus_Interval_Min
  D:0080H         PUBLIC        P0
  C:170DH         PUBLIC        Uart2_isr
  D:0090H         PUBLIC        P1
  D:00A0H         PUBLIC        P2
  D:00B0H         PUBLIC        P3
  D:00C0H         PUBLIC        P4
  D:00C8H         PUBLIC        P5
  D:00E8H         PUBLIC        P6
  D:00F8H         PUBLIC        P7
  D:00BAH         PUBLIC        P_SW2
  D:00A8H         PUBLIC        IE
  D:00DBH         PUBLIC        CCAPM1
  D:00B8H         PUBLIC        IP
  C:371EH         PUBLIC        _?nullfunc0
  D:00D8H         PUBLIC        CCON
  C:33FCH         PUBLIC        _SetUart2Rxd
  B:0090H.0       PUBLIC        P10
  B:0090H.1       PUBLIC        P11
  D:0098H         PUBLIC        SCON
  D:0088H         PUBLIC        TCON
  D:00AFH         PUBLIC        IE2
  D:008EH         PUBLIC        AUXR
  C:36D3H         PUBLIC        GetUart2TxStatus
  D:00D6H         PUBLIC        T2H
  B:00B0H.7       PUBLIC        M485_TxEn
  D:00D7H         PUBLIC        T2L
  C:345EH         PUBLIC        _Uart2Print
  D:009BH         PUBLIC        S2BUF
  D:009AH         PUBLIC        S2CON
  C:2647H         PUBLIC        _Uart2Init
  D:001DH         PUBLIC        Uart2usage
  C:3683H         PUBLIC        _?sys_get_Uart2RxdEvent
  X:01E3H         PUBLIC        com2
  D:00D0H         PUBLIC        PSW
  -------         PROC          UART2_ISR
  C:170DH         LINE#         19
  C:172AH         LINE#         20
  C:172FH         LINE#         21
  C:1732H         LINE#         22
  C:1766H         LINE#         24
  C:176BH         LINE#         25
  C:1771H         LINE#         26
BL51 BANKED LINKER/LOCATER V6.22                                                      09/09/2026  12:06:27  PAGE 33


  C:1771H         LINE#         27
  C:1771H         LINE#         29
  C:1779H         LINE#         30
  C:177CH         LINE#         31
  C:177FH         LINE#         32
  C:1781H         LINE#         33
  C:1788H         LINE#         34
  C:178AH         LINE#         35
  C:178AH         LINE#         36
  C:1793H         LINE#         37
  C:17A7H         LINE#         38
  C:17BBH         LINE#         39
  C:17CAH         LINE#         40
  C:17D8H         LINE#         41
  C:180AH         LINE#         42
  C:1818H         LINE#         43
  C:1818H         LINE#         44
  C:181BH         LINE#         45
  C:181EH         LINE#         47
  C:1832H         LINE#         48
  C:1846H         LINE#         49
  C:1855H         LINE#         50
  C:1863H         LINE#         51
  C:189BH         LINE#         52
  C:18A9H         LINE#         53
  C:18A9H         LINE#         54
  C:18C4H         LINE#         55
  C:18C4H         LINE#         56
  C:18C4H         LINE#         57
  -------         ENDPROC       UART2_ISR
  -------         PROC          _?SYS_GET_UART2RXDEVENT
  -------         DO            
  i:0000H         SYMBOL        a
  -------         ENDDO         
  C:3683H         LINE#         59
  C:3685H         LINE#         61
  C:368DH         LINE#         62
  C:368FH         LINE#         63
  C:368FH         LINE#         64
  -------         ENDPROC       _?SYS_GET_UART2RXDEVENT
  -------         PROC          _?NULLFUNC0
  C:371EH         LINE#         66
  -------         ENDPROC       _?NULLFUNC0
  -------         PROC          _UART2INIT
  D:0022H         SYMBOL        band
  D:0026H         SYMBOL        Uart2mode
  C:2647H         LINE#         68
  C:264FH         LINE#         69
  C:264FH         LINE#         72
  C:2652H         LINE#         73
  C:2658H         LINE#         74
  C:265BH         LINE#         75
  C:265FH         LINE#         76
  C:266DH         LINE#         77
  C:2670H         LINE#         78
  C:2672H         LINE#         79
  C:2674H         LINE#         80
BL51 BANKED LINKER/LOCATER V6.22                                                      09/09/2026  12:06:27  PAGE 34


  C:2676H         LINE#         82
  C:2678H         LINE#         83
  C:268CH         LINE#         84
  C:2693H         LINE#         85
  C:2696H         LINE#         86
  C:2696H         LINE#         88
  C:2699H         LINE#         89
  C:26B8H         LINE#         90
  C:26E7H         LINE#         91
  C:26EAH         LINE#         92
  C:26EDH         LINE#         93
  C:26FBH         LINE#         94
  -------         ENDPROC       _UART2INIT
  -------         PROC          _SETUART2RXD
  D:0001H         SYMBOL        RxdPt
  D:0004H         SYMBOL        Nmax
  D:0027H         SYMBOL        matchhead
  D:002AH         SYMBOL        matchheadsize
  C:33FCH         LINE#         96
  C:33FCH         LINE#         97
  C:3407H         LINE#         98
  C:340DH         LINE#         99
  C:3417H         LINE#         100
  C:3425H         LINE#         101
  C:3427H         LINE#         102
  C:342CH         LINE#         103
  -------         ENDPROC       _SETUART2RXD
  -------         PROC          _UART2PRINT
  D:0001H         SYMBOL        pt
  D:0004H         SYMBOL        num
  C:345EH         LINE#         105
  C:345EH         LINE#         106
  C:3464H         LINE#         107
  C:346FH         LINE#         108
  C:3474H         LINE#         109
  C:347AH         LINE#         110
  C:347EH         LINE#         112
  C:3484H         LINE#         113
  C:3487H         LINE#         114
  C:348AH         LINE#         115
  C:348AH         LINE#         116
  C:348CH         LINE#         117
  -------         ENDPROC       _UART2PRINT
  -------         PROC          GETUART2TXSTATUS
  C:36D3H         LINE#         119
  C:36D3H         LINE#         120
  C:36DBH         LINE#         121
  C:36DDH         LINE#         122
  -------         ENDPROC       GETUART2TXSTATUS
  -------         ENDMOD        UART2

  -------         MODULE        UART1
  C:0000H         SYMBOL        _ICE_DUMMY_
  C:1F4AH         PUBLIC        Uart1_isr
  D:0080H         PUBLIC        P0
  D:0090H         PUBLIC        P1
  D:00A0H         PUBLIC        P2
BL51 BANKED LINKER/LOCATER V6.22                                                      09/09/2026  12:06:27  PAGE 35


  D:00B0H         PUBLIC        P3
  D:00C0H         PUBLIC        P4
  D:00C8H         PUBLIC        P5
  D:00E8H         PUBLIC        P6
  D:00F8H         PUBLIC        P7
  D:00A8H         PUBLIC        IE
  B:00A8H.4       PUBLIC        ES
  D:00B8H         PUBLIC        IP
  B:0098H.0       PUBLIC        RI
  B:0098H.1       PUBLIC        TI
  D:00D8H         PUBLIC        CCON
  C:342DH         PUBLIC        _SetUart1Rxd
  D:0099H         PUBLIC        SBUF
  D:0098H         PUBLIC        SCON
  D:0089H         PUBLIC        TMOD
  D:0088H         PUBLIC        TCON
  D:008EH         PUBLIC        AUXR
  C:36DEH         PUBLIC        GetUart1TxStatus
  B:00A8H.3       PUBLIC        ET1
  D:008DH         PUBLIC        TH1
  D:008BH         PUBLIC        TL1
  B:0088H.6       PUBLIC        TR1
  C:350FH         PUBLIC        _Uart1Print
  C:2E67H         PUBLIC        _Uart1Init
  C:3692H         PUBLIC        _?sys_get_Uart1RxdEvent
  X:01F8H         PUBLIC        com1
  D:00D0H         PUBLIC        PSW
  -------         PROC          UART1_ISR
  C:1F4AH         LINE#         10
  C:1F67H         LINE#         11
  C:1F6AH         LINE#         12
  C:1F6CH         LINE#         13
  C:1FA0H         LINE#         14
  C:1FA5H         LINE#         15
  C:1FA5H         LINE#         16
  C:1FABH         LINE#         17
  C:1FADH         LINE#         18
  C:1FB0H         LINE#         19
  C:1FB2H         LINE#         20
  C:1FB9H         LINE#         21
  C:1FB9H         LINE#         22
  C:1FCDH         LINE#         23
  C:1FE1H         LINE#         24
  C:1FF0H         LINE#         25
  C:1FFEH         LINE#         26
  C:2036H         LINE#         27
  C:2044H         LINE#         28
  C:2044H         LINE#         29
  C:205FH         LINE#         30
  C:205FH         LINE#         31
  -------         ENDPROC       UART1_ISR
  -------         PROC          _?SYS_GET_UART1RXDEVENT
  -------         DO            
  i:0000H         SYMBOL        a
  -------         ENDDO         
  C:3692H         LINE#         33
  C:3694H         LINE#         35
BL51 BANKED LINKER/LOCATER V6.22                                                      09/09/2026  12:06:27  PAGE 36


  C:369CH         LINE#         36
  C:369EH         LINE#         37
  C:369EH         LINE#         38
  -------         ENDPROC       _?SYS_GET_UART1RXDEVENT
  -------         PROC          _UART1INIT
  D:0022H         SYMBOL        band
  C:2E67H         LINE#         40
  C:2E6FH         LINE#         41
  C:2E6FH         LINE#         43
  C:2E72H         LINE#         44
  C:2E75H         LINE#         45
  C:2E78H         LINE#         46
  C:2E7BH         LINE#         47
  C:2E9AH         LINE#         48
  C:2EC9H         LINE#         49
  C:2ECBH         LINE#         50
  C:2ECDH         LINE#         51
  C:2ECFH         LINE#         52
  C:2EDDH         LINE#         53
  -------         ENDPROC       _UART1INIT
  -------         PROC          _SETUART1RXD
  D:0001H         SYMBOL        RxdPt
  D:0004H         SYMBOL        Nmax
  D:0027H         SYMBOL        matchhead
  D:002AH         SYMBOL        matchheadsize
  C:342DH         LINE#         55
  C:342DH         LINE#         56
  C:3438H         LINE#         57
  C:343EH         LINE#         58
  C:3448H         LINE#         59
  C:3456H         LINE#         60
  C:3458H         LINE#         61
  C:345DH         LINE#         62
  -------         ENDPROC       _SETUART1RXD
  -------         PROC          _UART1PRINT
  D:0001H         SYMBOL        pt
  D:0004H         SYMBOL        num
  C:350FH         LINE#         64
  C:350FH         LINE#         65
  C:3515H         LINE#         66
  C:3520H         LINE#         67
  C:3525H         LINE#         68
  C:352BH         LINE#         69
  C:352FH         LINE#         70
  C:3531H         LINE#         71
  C:3534H         LINE#         72
  C:3534H         LINE#         73
  C:3536H         LINE#         74
  -------         ENDPROC       _UART1PRINT
  -------         PROC          GETUART1TXSTATUS
  C:36DEH         LINE#         76
  C:36DEH         LINE#         77
  C:36E6H         LINE#         78
  C:36E8H         LINE#         79
  -------         ENDPROC       GETUART1TXSTATUS
  -------         ENDMOD        UART1

BL51 BANKED LINKER/LOCATER V6.22                                                      09/09/2026  12:06:27  PAGE 37


  -------         MODULE        ?C?COPY
  C:0FFEH         PUBLIC        ?C?COPY
  -------         ENDMOD        ?C?COPY

  -------         MODULE        ?C?CLDPTR
  C:1024H         PUBLIC        ?C?CLDPTR
  -------         ENDMOD        ?C?CLDPTR

  -------         MODULE        ?C?CLDOPTR
  C:103DH         PUBLIC        ?C?CLDOPTR
  -------         ENDMOD        ?C?CLDOPTR

  -------         MODULE        ?C?CSTPTR
  C:106AH         PUBLIC        ?C?CSTPTR
  -------         ENDMOD        ?C?CSTPTR

  -------         MODULE        ?C?CSTOPTR
  C:107CH         PUBLIC        ?C?CSTOPTR
  -------         ENDMOD        ?C?CSTOPTR

  -------         MODULE        ?C?UIDIV
  C:109EH         PUBLIC        ?C?UIDIV
  -------         ENDMOD        ?C?UIDIV

  -------         MODULE        ?C?ILDIX
  C:10F3H         PUBLIC        ?C?ILDIX
  -------         ENDMOD        ?C?ILDIX

  -------         MODULE        ?C?ILDPTR
  C:1109H         PUBLIC        ?C?ILDPTR
  -------         ENDMOD        ?C?ILDPTR

  -------         MODULE        ?C?ILDOPTR
  C:1134H         PUBLIC        ?C?ILDOPTR
  -------         ENDMOD        ?C?ILDOPTR

  -------         MODULE        ?C?IILDPTR
  C:116CH         PUBLIC        ?C?IILDPTR
  -------         ENDMOD        ?C?IILDPTR

  -------         MODULE        ?C?IILDOPTR
  C:11A4H         PUBLIC        ?C?IILDOPTR
  -------         ENDMOD        ?C?IILDOPTR

  -------         MODULE        ?C?ISTPTR
  C:11F1H         PUBLIC        ?C?ISTPTR
  -------         ENDMOD        ?C?ISTPTR

  -------         MODULE        ?C?ISTOPTR
  C:1210H         PUBLIC        ?C?ISTOPTR
  -------         ENDMOD        ?C?ISTOPTR

  -------         MODULE        ?C?LMUL
  C:123DH         PUBLIC        ?C?LMUL
  -------         ENDMOD        ?C?LMUL

  -------         MODULE        ?C?ULDIV
BL51 BANKED LINKER/LOCATER V6.22                                                      09/09/2026  12:06:27  PAGE 38


  C:12C8H         PUBLIC        ?C?ULDIV
  -------         ENDMOD        ?C?ULDIV

  -------         MODULE        ?C?SLDIV
  C:3260H         PUBLIC        ?C?SLDIV
  -------         ENDMOD        ?C?SLDIV

  -------         MODULE        ?C?ULSHR
  C:135AH         PUBLIC        ?C?ULSHR
  -------         ENDMOD        ?C?ULSHR

  -------         MODULE        ?C?SLSHR
  C:136DH         PUBLIC        ?C?SLSHR
  -------         ENDMOD        ?C?SLSHR

  -------         MODULE        ?C?LSHL
  C:1381H         PUBLIC        ?C?LSHL
  -------         ENDMOD        ?C?LSHL

  -------         MODULE        ?C?LSTOPTR
  C:1394H         PUBLIC        ?C?LSTOPTR
  -------         ENDMOD        ?C?LSTOPTR

  -------         MODULE        ?C?LLDCODE
  C:13B8H         PUBLIC        ?C?LLDCODE
  -------         ENDMOD        ?C?LLDCODE

  -------         MODULE        ?C?LSTXDATA
  C:13C8H         PUBLIC        ?C?LSTXDATA
  -------         ENDMOD        ?C?LSTXDATA

  -------         MODULE        ?C?LSTKOPTR
  C:13D4H         PUBLIC        ?C?LSTKOPTR
  -------         ENDMOD        ?C?LSTKOPTR

  -------         MODULE        ?C?OFFXADD
  C:13F8H         PUBLIC        ?C?OFFXADD
  -------         ENDMOD        ?C?OFFXADD

  -------         MODULE        ?C?CCASE
  C:1404H         PUBLIC        ?C?CCASE
  -------         ENDMOD        ?C?CCASE

  -------         MODULE        ?C?ICALL
  C:142AH         PUBLIC        ?C?ICALL
  C:142EH         PUBLIC        ?C?ICALL2
  -------         ENDMOD        ?C?ICALL

  -------         MODULE        ?C_IBP
  D:001FH         PUBLIC        ?C_IBP
  -------         ENDMOD        ?C_IBP

  -------         MODULE        ?C?LIMUL
  C:1430H         PUBLIC        ?C?LIMUL
  -------         ENDMOD        ?C?LIMUL

  -------         MODULE        ?C?IILDX
BL51 BANKED LINKER/LOCATER V6.22                                                      09/09/2026  12:06:27  PAGE 39


  C:145DH         PUBLIC        ?C?IILDX
  -------         ENDMOD        ?C?IILDX

  -------         MODULE        ?C?LSTIDATA
  C:1473H         PUBLIC        ?C?LSTIDATA
  -------         ENDMOD        ?C?LSTIDATA

  -------         MODULE        ?C?LSTPDATA
  C:147FH         PUBLIC        ?C?LSTPDATA
  -------         ENDMOD        ?C?LSTPDATA

  -------         MODULE        ?C?LSTKIDATA
  C:148BH         PUBLIC        ?C?LSTKIDATA
  -------         ENDMOD        ?C?LSTKIDATA

  -------         MODULE        ?C?LSTKXDATA
  C:14A4H         PUBLIC        ?C?LSTKXDATA
  -------         ENDMOD        ?C?LSTKXDATA

  -------         MODULE        ?C?LSTKPDATA
  C:14D5H         PUBLIC        ?C?LSTKPDATA
  -------         ENDMOD        ?C?LSTKPDATA

*** WARNING L16: UNCALLED SEGMENT, IGNORED FOR OVERLAY PROCESS
    SEGMENT: ?PR?_RECORDSTORE_WIRELENGTH?RECORDS

*** WARNING L16: UNCALLED SEGMENT, IGNORED FOR OVERLAY PROCESS
    SEGMENT: ?PR?GETULTRASONIC?SYS

*** WARNING L16: UNCALLED SEGMENT, IGNORED FOR OVERLAY PROCESS
    SEGMENT: ?PR?GETBEEPTIMER?SYS

*** WARNING L16: UNCALLED SEGMENT, IGNORED FOR OVERLAY PROCESS
    SEGMENT: ?PR?_SETBEEPTIMER?SYS

*** WARNING L16: UNCALLED SEGMENT, IGNORED FOR OVERLAY PROCESS
    SEGMENT: ?PR?_SETCCP0?SYS

*** WARNING L16: UNCALLED SEGMENT, IGNORED FOR OVERLAY PROCESS
    SEGMENT: ?PR?CLRBEEPPIN?SYS

******************************************************************************
* RESTRICTED VERSION WITH 0800H BYTE CODE SIZE LIMIT; USED: 1AE9H BYTE (336%) *
******************************************************************************

Program Size: data=122.7 xdata=547 code=12078
LINK/LOCATE RUN COMPLETE.  6 WARNING(S),  0 ERROR(S)

*** WARNING L16: UNCALLED SEGMENT, IGNORED FOR OVERLAY PROCESS
    SEGMENT: ?PR?_RECORDSTORE_WIRELENGTH?RECORDS

*** WARNING L16: UNCALLED SEGMENT, IGNORED FOR OVERLAY PROCESS
    SEGMENT: ?PR?GETULTRASONIC?SYS

*** WARNING L16: UNCALLED SEGMENT, IGNORED FOR OVERLAY PROCESS
    SEGMENT: ?PR?GETBEEPTIMER?SYS

BL51 BANKED LINKER/LOCATER V6.22                                                      09/09/2026  12:06:27  PAGE 40


*** WARNING L16: UNCALLED SEGMENT, IGNORED FOR OVERLAY PROCESS
    SEGMENT: ?PR?_SETBEEPTIMER?SYS

*** WARNING L16: UNCALLED SEGMENT, IGNORED FOR OVERLAY PROCESS
    SEGMENT: ?PR?_SETCCP0?SYS

*** WARNING L16: UNCALLED SEGMENT, IGNORED FOR OVERLAY PROCESS
    SEGMENT: ?PR?CLRBEEPPIN?SYS

*** FATAL ERROR L250: CODE SIZE LIMIT IN RESTRICTED VERSION EXCEEDED
    MODULE:  D:\PROGRAM FILES (X86)\SYSTEM_PROGRAMMING\C51\LIB\C51S.LIB (-----)
    LIMIT:   0800H BYTES