BL51 BANKED LINKER/LOCATER V6.22                                                        09/08/2026  22:10:19  PAGE 1


BL51 BANKED LINKER/LOCATER V6.22, INVOKED BY:
D:\DIGITAL_ELECTRONIC_CIRCUITS\KEIL\C51\BIN\BL51.EXE .\output\main.obj, .\output\firmware_app.obj, .\output\protocol.obj
>> , .\output\session.obj, .\output\records.obj, .\output\test_engine.obj, .\source\STCBSP_V3.6.LIB TO .\output\Acceptan
>> ceRef PRINT (.\list\AcceptanceRef.m51) RAMSIZE (256) XDATA (0X0000-0X06FF)


MEMORY MODEL: SMALL


INPUT MODULES INCLUDED:
  .\output\main.obj (MAIN)
  .\output\firmware_app.obj (FIRMWARE_APP)
  .\output\protocol.obj (PROTOCOL)
  .\output\session.obj (SESSION)
  .\output\records.obj (RECORDS)
  .\output\test_engine.obj (TEST_ENGINE)
  .\source\STCBSP_V3.6.LIB (DISPLAYER)
  .\source\STCBSP_V3.6.LIB (KEY)
  .\source\STCBSP_V3.6.LIB (SYS)
  .\source\STCBSP_V3.6.LIB (UART2)
  .\source\STCBSP_V3.6.LIB (UART1)
  D:\DIGITAL_ELECTRONIC_CIRCUITS\KEIL\C51\LIB\C51S.LIB (?C_STARTUP)
  D:\DIGITAL_ELECTRONIC_CIRCUITS\KEIL\C51\LIB\C51S.LIB (?C?COPY)
  D:\DIGITAL_ELECTRONIC_CIRCUITS\KEIL\C51\LIB\C51S.LIB (?C?CLDPTR)
  D:\DIGITAL_ELECTRONIC_CIRCUITS\KEIL\C51\LIB\C51S.LIB (?C?CLDOPTR)
  D:\DIGITAL_ELECTRONIC_CIRCUITS\KEIL\C51\LIB\C51S.LIB (?C?CSTPTR)
  D:\DIGITAL_ELECTRONIC_CIRCUITS\KEIL\C51\LIB\C51S.LIB (?C?CSTOPTR)
  D:\DIGITAL_ELECTRONIC_CIRCUITS\KEIL\C51\LIB\C51S.LIB (?C?UIDIV)
  D:\DIGITAL_ELECTRONIC_CIRCUITS\KEIL\C51\LIB\C51S.LIB (?C?ILDIX)
  D:\DIGITAL_ELECTRONIC_CIRCUITS\KEIL\C51\LIB\C51S.LIB (?C?ILDPTR)
  D:\DIGITAL_ELECTRONIC_CIRCUITS\KEIL\C51\LIB\C51S.LIB (?C?ILDOPTR)
  D:\DIGITAL_ELECTRONIC_CIRCUITS\KEIL\C51\LIB\C51S.LIB (?C?IILDPTR)
  D:\DIGITAL_ELECTRONIC_CIRCUITS\KEIL\C51\LIB\C51S.LIB (?C?IILDOPTR)
  D:\DIGITAL_ELECTRONIC_CIRCUITS\KEIL\C51\LIB\C51S.LIB (?C?ISTPTR)
  D:\DIGITAL_ELECTRONIC_CIRCUITS\KEIL\C51\LIB\C51S.LIB (?C?ISTOPTR)
  D:\DIGITAL_ELECTRONIC_CIRCUITS\KEIL\C51\LIB\C51S.LIB (?C?LMUL)
  D:\DIGITAL_ELECTRONIC_CIRCUITS\KEIL\C51\LIB\C51S.LIB (?C?ULDIV)
  D:\DIGITAL_ELECTRONIC_CIRCUITS\KEIL\C51\LIB\C51S.LIB (?C?SLDIV)
  D:\DIGITAL_ELECTRONIC_CIRCUITS\KEIL\C51\LIB\C51S.LIB (?C?ULSHR)
  D:\DIGITAL_ELECTRONIC_CIRCUITS\KEIL\C51\LIB\C51S.LIB (?C?SLSHR)
  D:\DIGITAL_ELECTRONIC_CIRCUITS\KEIL\C51\LIB\C51S.LIB (?C?LSHL)
  D:\DIGITAL_ELECTRONIC_CIRCUITS\KEIL\C51\LIB\C51S.LIB (?C?LSTOPTR)
  D:\DIGITAL_ELECTRONIC_CIRCUITS\KEIL\C51\LIB\C51S.LIB (?C?LLDCODE)
  D:\DIGITAL_ELECTRONIC_CIRCUITS\KEIL\C51\LIB\C51S.LIB (?C?LSTXDATA)
  D:\DIGITAL_ELECTRONIC_CIRCUITS\KEIL\C51\LIB\C51S.LIB (?C?LSTKOPTR)
  D:\DIGITAL_ELECTRONIC_CIRCUITS\KEIL\C51\LIB\C51S.LIB (?C?OFFXADD)
  D:\DIGITAL_ELECTRONIC_CIRCUITS\KEIL\C51\LIB\C51S.LIB (?C?CCASE)
  D:\DIGITAL_ELECTRONIC_CIRCUITS\KEIL\C51\LIB\C51S.LIB (?C?ICALL)
  D:\DIGITAL_ELECTRONIC_CIRCUITS\KEIL\C51\LIB\C51S.LIB (?C_IBP)
  D:\DIGITAL_ELECTRONIC_CIRCUITS\KEIL\C51\LIB\C51S.LIB (?C_INIT)
  D:\DIGITAL_ELECTRONIC_CIRCUITS\KEIL\C51\LIB\C51S.LIB (?C?IILDX)
  D:\DIGITAL_ELECTRONIC_CIRCUITS\KEIL\C51\LIB\C51S.LIB (?C?LSTIDATA)
  D:\DIGITAL_ELECTRONIC_CIRCUITS\KEIL\C51\LIB\C51S.LIB (?C?LSTPDATA)
  D:\DIGITAL_ELECTRONIC_CIRCUITS\KEIL\C51\LIB\C51S.LIB (?C?LSTKIDATA)
  D:\DIGITAL_ELECTRONIC_CIRCUITS\KEIL\C51\LIB\C51S.LIB (?C?LSTKXDATA)
  D:\DIGITAL_ELECTRONIC_CIRCUITS\KEIL\C51\LIB\C51S.LIB (?C?LSTKPDATA)


BL51 BANKED LINKER/LOCATER V6.22                                                      09/08/2026  22:10:19  PAGE 2


LINK MAP OF MODULE:  .\output\AcceptanceRef (MAIN)


            TYPE    BASE      LENGTH    RELOCATION   SEGMENT NAME
            -----------------------------------------------------

            * * * * * * *   D A T A   M E M O R Y   * * * * * * *
            REG     0000H     0008H     ABSOLUTE     "REG BANK 0"
            DATA    0008H     0012H     UNIT         ?DT?SYS
            DATA    001AH     0002H     UNIT         ?DT?GETULTRASONIC?SYS
            DATA    001CH     0002H     UNIT         ?DT?UART2
            DATA    001EH     0001H     UNIT         ?DT?KEY
            DATA    001FH     0001H     UNIT         ?C?LIB_DATA
            BIT     0020H.0   0001H.7   UNIT         ?BI?SYS
                    0021H.7   0000H.1                *** GAP ***
            DATA    0022H     001DH     UNIT         _DATA_GROUP_
            DATA    003FH     000BH     UNIT         ?DT?FIRMWARE_APP
            DATA    004AH     000BH     UNIT         ?DT?_RECORDSTORE_READCHUNK?RECORDS
            DATA    0055H     0009H     UNIT         ?DT?_RECORDSTORE_SAVE?RECORDS
            IDATA   005EH     0001H     UNIT         ?STACK

            * * * * * * *  X D A T A   M E M O R Y  * * * * * * *
            XDATA   0000H     016DH     UNIT         ?XD?FIRMWARE_APP
            XDATA   016DH     006EH     UNIT         ?XD?SYS
            XDATA   01DBH     0015H     UNIT         ?XD?UART2
            XDATA   01F0H     0015H     UNIT         ?XD?UART1
            XDATA   0205H     000CH     UNIT         ?XD?DISPLAYER
            XDATA   0211H     000AH     UNIT         ?XD?KEY

            * * * * * * *   C O D E   M E M O R Y   * * * * * * *
            CODE    0000H     0003H     ABSOLUTE     
            CODE    0003H     0007H     UNIT         ?PR?GETSYSPERFORMANCE?SYS
            CODE    000AH     0001H     UNIT         ?PR?_?NULLFUNC?SYS
            CODE    000BH     0003H     ABSOLUTE     
            CODE    000EH     0015H     UNIT         ?PR?_READ_U16?TEST_ENGINE
            CODE    0023H     0003H     ABSOLUTE     
            CODE    0026H     0013H     UNIT         ?PR?_READ_U16?PROTOCOL
            CODE    0039H     0001H     UNIT         ?PR?_?NULLFUNC0?UART2
                    003AH     0001H                  *** GAP ***
            CODE    003BH     0003H     ABSOLUTE     
            CODE    003EH     0003H     UNIT         ?PR?_?RET0FUNC?SYS
                    0041H     0002H                  *** GAP ***
            CODE    0043H     0003H     ABSOLUTE     
            CODE    0046H     0593H     UNIT         ?C?LIB_CODE
            CODE    05D9H     038CH     UNIT         ?PR?_HANDLE_NEW?TEST_ENGINE
            CODE    0965H     01D2H     UNIT         ?PR?UART2_ISR?UART2
            CODE    0B37H     01C8H     UNIT         ?PR?_PROTO_DECODE?PROTOCOL
            CODE    0CFFH     01C5H     UNIT         ?PR?_PROTO_ENCODE?PROTOCOL
            CODE    0EC4H     0130H     UNIT         ?PR?UART1_ISR?UART1
            CODE    0FF4H     0123H     UNIT         ?PR?_MAKE_RESPONSE?TEST_ENGINE
            CODE    1117H     0123H     UNIT         ?PR?_?SYS_KEY_DRV?KEY
            CODE    123AH     00EDH     UNIT         ?PR?SYS_TASK_1MS?SYS
            CODE    1327H     00E9H     UNIT         ?PR?_?SYS_DISPLAY_DRV?DISPLAYER
            CODE    1410H     00D8H     UNIT         ?PR?_ENGINE_HANDLEFRAME?TEST_ENGINE
            CODE    14E8H     00D2H     UNIT         ?C_INITSEG
            CODE    15BAH     00B5H     UNIT         ?PR?_UART2INIT?UART2
            CODE    166FH     00A8H     UNIT         ?PR?SYS_CCP_ISR?SYS
BL51 BANKED LINKER/LOCATER V6.22                                                      09/08/2026  22:10:19  PAGE 3


            CODE    1717H     009EH     UNIT         ?PR?_RECORDSTORE_SAVE?RECORDS
            CODE    17B5H     0096H     UNIT         ?PR?_READ_U32?TEST_ENGINE
            CODE    184BH     0093H     UNIT         ?PR?SYS_TASK_10MS?SYS
            CODE    18DEH     008CH     UNIT         ?C_C51STARTUP
            CODE    196AH     008BH     UNIT         ?PR?SYS_TASK_IR?SYS
            CODE    19F5H     0085H     UNIT         ?PR?APP_INIT?FIRMWARE_APP
            CODE    1A7AH     007EH     UNIT         ?PR?_RECORDSTORE_READCHUNK?RECORDS
            CODE    1AF8H     007DH     UNIT         ?PR?_SETEVENTCALLBACK?SYS
            CODE    1B75H     0078H     UNIT         ?PR?_PROCESS_ONE?FIRMWARE_APP
            CODE    1BEDH     0077H     UNIT         ?PR?_UART1INIT?UART1
            CODE    1C64H     0075H     UNIT         ?PR?_ENGINE_INIT?TEST_ENGINE
            CODE    1CD9H     0073H     UNIT         ?PR?ON_1S?FIRMWARE_APP
            CODE    1D4CH     0062H     UNIT         ?PR?_PROTO_CRC16?PROTOCOL
            CODE    1DAEH     0058H     UNIT         ?PR?_PROMOTE_SLOT?FIRMWARE_APP
            CODE    1E06H     0053H     UNIT         ?PR?ON_10MS?FIRMWARE_APP
            CODE    1E59H     0053H     UNIT         ?PR?GETULTRASONIC?SYS
            CODE    1EACH     0052H     UNIT         ?PR?SYS_TIMER0_ISR?SYS
            CODE    1EFEH     0051H     UNIT         ?PR?APP_STARTUART?FIRMWARE_APP
            CODE    1F4FH     0048H     UNIT         ?PR?_QUEUE_FRAME?FIRMWARE_APP
            CODE    1F97H     0047H     UNIT         ?PR?SYS_TIMER0_INIT?SYS
            CODE    1FDEH     0045H     UNIT         ?PR?_ENRICH_HELLO?FIRMWARE_APP
            CODE    2023H     0044H     UNIT         ?PR?FLUSH_UART1?FIRMWARE_APP
            CODE    2067H     0044H     UNIT         ?PR?FLUSH_UART2?FIRMWARE_APP
            CODE    20ABH     0044H     UNIT         ?C?LDIV
            CODE    20EFH     0040H     UNIT         ?PR?_GETKEYACT?KEY
            CODE    212FH     003FH     UNIT         ?PR?SYS_TASK_100MS?SYS
            CODE    216EH     003EH     UNIT         ?PR?MYSTC_OS?SYS
            CODE    21ACH     0039H     UNIT         ?PR?_ENGINE_TICK10MS?TEST_ENGINE
            CODE    21E5H     0037H     UNIT         ?PR?_SESSION_RESET?SESSION
            CODE    221CH     0032H     UNIT         ?PR?_COPY24?FIRMWARE_APP
            CODE    224EH     0031H     UNIT         ?PR?_SETUART2RXD?UART2
            CODE    227FH     0031H     UNIT         ?PR?_SETUART1RXD?UART1
            CODE    22B0H     002FH     UNIT         ?PR?_UART2PRINT?UART2
            CODE    22DFH     002EH     UNIT         ?PR?_RECORDSTORE_RESET?RECORDS
            CODE    230DH     002BH     UNIT         ?PR?SYS_TASK_1S?SYS
            CODE    2338H     0028H     UNIT         ?PR?_UART1PRINT?UART1
            CODE    2360H     0023H     UNIT         ?PR?ON_UART1?FIRMWARE_APP
            CODE    2383H     0023H     UNIT         ?PR?ON_UART2?FIRMWARE_APP
            CODE    23A6H     0023H     UNIT         ?PR?ON_KEY?FIRMWARE_APP
            CODE    23C9H     0020H     UNIT         ?PR?_SEG7PRINT?DISPLAYER
            CODE    23E9H     001EH     UNIT         ?CO?MAIN
            CODE    2407H     001DH     UNIT         ?PR?KEYINIT?KEY
            CODE    2424H     001BH     UNIT         ?PR?DISPLAYERINIT?DISPLAYER
            CODE    243FH     0018H     UNIT         ?PR?_SESSION_MATCHES?SESSION
            CODE    2457H     0011H     UNIT         ?PR?_SETCCP0?SYS
            CODE    2468H     000FH     UNIT         ?PR?_?SYS_GET_UART2RXDEVENT?UART2
            CODE    2477H     000FH     UNIT         ?PR?_?SYS_GET_UART1RXDEVENT?UART1
            CODE    2486H     000EH     UNIT         ?PR?MAIN?MAIN
            CODE    2494H     000EH     UNIT         ?PR?_?SYS_GET_KEYEVENT?KEY
            CODE    24A2H     000BH     UNIT         ?PR?_WRITE_U16?PROTOCOL
            CODE    24ADH     000BH     UNIT         ?PR?GETUART2TXSTATUS?UART2
            CODE    24B8H     000BH     UNIT         ?PR?GETUART1TXSTATUS?UART1
            CODE    24C3H     0009H     UNIT         ?PR?_SETDISPLAYERAREA?DISPLAYER
            CODE    24CCH     0009H     UNIT         ?PR?GETBEEPTIMER?SYS
            CODE    24D5H     0009H     UNIT         ?PR?_SETBEEPTIMER?SYS
            CODE    24DEH     0006H     UNIT         ?PR?_LEDPRINT?DISPLAYER
            CODE    24E4H     0006H     UNIT         ?PR?MYSTC_INIT?SYS
BL51 BANKED LINKER/LOCATER V6.22                                                      09/08/2026  22:10:19  PAGE 4


            CODE    24EAH     0003H     UNIT         ?PR?CLRBEEPPIN?SYS



OVERLAY MAP OF MODULE:   .\output\AcceptanceRef (MAIN)


SEGMENT                                       DATA_GROUP 
  +--> CALLED SEGMENT                       START    LENGTH
-----------------------------------------------------------
?C_C51STARTUP                               -----    -----
  +--> ?PR?MAIN?MAIN
  +--> ?C_INITSEG

?PR?MAIN?MAIN                               -----    -----
  +--> ?PR?APP_INIT?FIRMWARE_APP
  +--> ?PR?MYSTC_INIT?SYS
  +--> ?PR?APP_STARTUART?FIRMWARE_APP
  +--> ?PR?MYSTC_OS?SYS

?PR?APP_INIT?FIRMWARE_APP                   -----    -----
  +--> ?PR?_ENGINE_INIT?TEST_ENGINE
  +--> ?PR?DISPLAYERINIT?DISPLAYER
  +--> ?PR?_SETDISPLAYERAREA?DISPLAYER
  +--> ?PR?_SEG7PRINT?DISPLAYER
  +--> ?PR?_LEDPRINT?DISPLAYER
  +--> ?PR?KEYINIT?KEY
  +--> ?PR?ON_UART1?FIRMWARE_APP
  +--> ?PR?_SETEVENTCALLBACK?SYS
  +--> ?PR?ON_UART2?FIRMWARE_APP
  +--> ?PR?ON_10MS?FIRMWARE_APP
  +--> ?PR?ON_1S?FIRMWARE_APP
  +--> ?PR?ON_KEY?FIRMWARE_APP

?PR?_ENGINE_INIT?TEST_ENGINE                0022H    0004H
  +--> ?PR?_SESSION_RESET?SESSION
  +--> ?PR?_RECORDSTORE_RESET?RECORDS

?PR?DISPLAYERINIT?DISPLAYER                 -----    -----
  +--> ?PR?_?SYS_DISPLAY_DRV?DISPLAYER

?PR?_?SYS_DISPLAY_DRV?DISPLAYER             -----    -----
  +--> ?CO?MAIN

?PR?_SEG7PRINT?DISPLAYER                    0022H    0008H

?PR?KEYINIT?KEY                             -----    -----
  +--> ?PR?_?SYS_GET_KEYEVENT?KEY
  +--> ?PR?_?SYS_KEY_DRV?KEY

?PR?ON_UART1?FIRMWARE_APP                   -----    -----
  +--> ?PR?_COPY24?FIRMWARE_APP

?PR?_COPY24?FIRMWARE_APP                    0034H    0006H

?PR?_SETEVENTCALLBACK?SYS                   0022H    0003H

BL51 BANKED LINKER/LOCATER V6.22                                                      09/08/2026  22:10:19  PAGE 5


?PR?ON_UART2?FIRMWARE_APP                   -----    -----
  +--> ?PR?_COPY24?FIRMWARE_APP

?PR?ON_10MS?FIRMWARE_APP                    -----    -----
  +--> ?PR?_PROCESS_ONE?FIRMWARE_APP
  +--> ?PR?_ENGINE_TICK10MS?TEST_ENGINE
  +--> ?PR?FLUSH_UART1?FIRMWARE_APP
  +--> ?PR?FLUSH_UART2?FIRMWARE_APP

?PR?_PROCESS_ONE?FIRMWARE_APP               0022H    0009H
  +--> ?PR?_PROTO_DECODE?PROTOCOL
  +--> ?PR?_ENGINE_HANDLEFRAME?TEST_ENGINE
  +--> ?PR?_ENRICH_HELLO?FIRMWARE_APP
  +--> ?PR?_PROTO_ENCODE?PROTOCOL
  +--> ?PR?_QUEUE_FRAME?FIRMWARE_APP

?PR?_PROTO_DECODE?PROTOCOL                  002BH    000AH
  +--> ?PR?_PROTO_CRC16?PROTOCOL
  +--> ?PR?_READ_U16?PROTOCOL

?PR?_PROTO_CRC16?PROTOCOL                   0035H    0007H

?PR?_ENGINE_HANDLEFRAME?TEST_ENGINE         002BH    0009H
  +--> ?PR?_MAKE_RESPONSE?TEST_ENGINE
  +--> ?PR?_HANDLE_NEW?TEST_ENGINE

?PR?_MAKE_RESPONSE?TEST_ENGINE              0034H    000AH

?PR?_HANDLE_NEW?TEST_ENGINE                 0034H    0008H
  +--> ?PR?_SESSION_RESET?SESSION
  +--> ?PR?_READ_U32?TEST_ENGINE
  +--> ?PR?_READ_U16?TEST_ENGINE
  +--> ?PR?_SESSION_MATCHES?SESSION

?PR?_READ_U32?TEST_ENGINE                   003CH    0003H

?PR?_PROTO_ENCODE?PROTOCOL                  002BH    0007H
  +--> ?PR?_WRITE_U16?PROTOCOL
  +--> ?PR?_PROTO_CRC16?PROTOCOL

?PR?_QUEUE_FRAME?FIRMWARE_APP               002BH    0009H
  +--> ?PR?_COPY24?FIRMWARE_APP

?PR?FLUSH_UART1?FIRMWARE_APP                -----    -----
  +--> ?PR?GETUART1TXSTATUS?UART1
  +--> ?PR?_PROMOTE_SLOT?FIRMWARE_APP
  +--> ?PR?_UART1PRINT?UART1

?PR?_PROMOTE_SLOT?FIRMWARE_APP              0022H    0006H
  +--> ?PR?_COPY24?FIRMWARE_APP

?PR?FLUSH_UART2?FIRMWARE_APP                -----    -----
  +--> ?PR?GETUART2TXSTATUS?UART2
  +--> ?PR?_PROMOTE_SLOT?FIRMWARE_APP
  +--> ?PR?_UART2PRINT?UART2

?PR?ON_1S?FIRMWARE_APP                      -----    -----
BL51 BANKED LINKER/LOCATER V6.22                                                      09/08/2026  22:10:19  PAGE 6


  +--> ?PR?GETSYSPERFORMANCE?SYS
  +--> ?PR?_SEG7PRINT?DISPLAYER

?PR?ON_KEY?FIRMWARE_APP                     0022H    0002H
  +--> ?PR?_GETKEYACT?KEY
  +--> ?PR?_LEDPRINT?DISPLAYER

?PR?MYSTC_INIT?SYS                          -----    -----
  +--> ?PR?SYS_TIMER0_INIT?SYS

?PR?SYS_TIMER0_INIT?SYS                     -----    -----
  +--> ?CO?MAIN

?PR?APP_STARTUART?FIRMWARE_APP              -----    -----
  +--> ?PR?_UART1INIT?UART1
  +--> ?PR?_UART2INIT?UART2
  +--> ?PR?_SETUART1RXD?UART1
  +--> ?PR?_SETUART2RXD?UART2

?PR?_UART1INIT?UART1                        0022H    0004H
  +--> ?CO?MAIN
  +--> ?PR?_?SYS_GET_UART1RXDEVENT?UART1

?PR?_UART2INIT?UART2                        0022H    0005H
  +--> ?PR?_?NULLFUNC0?UART2
  +--> ?CO?MAIN
  +--> ?PR?_?SYS_GET_UART2RXDEVENT?UART2

?PR?_SETUART1RXD?UART1                      0022H    000AH

?PR?_SETUART2RXD?UART2                      0022H    000AH

?PR?MYSTC_OS?SYS                            -----    -----
  +--> ?PR?SYS_TASK_IR?SYS
  +--> ?PR?SYS_TASK_1MS?SYS
  +--> ?PR?SYS_TASK_10MS?SYS
  +--> ?PR?SYS_TASK_100MS?SYS
  +--> ?PR?SYS_TASK_1S?SYS

?C_INITSEG                                  -----    -----
  +--> ?PR?_?NULLFUNC?SYS
  +--> ?PR?_?RET0FUNC?SYS



SYMBOL TABLE OF MODULE:  .\output\AcceptanceRef (MAIN)

  VALUE           TYPE          NAME
  ----------------------------------

  -------         MODULE        MAIN
  C:0000H         SYMBOL        _ICE_DUMMY_
  D:0080H         PUBLIC        P0
  D:0090H         PUBLIC        P1
  D:00A0H         PUBLIC        P2
  D:00B0H         PUBLIC        P3
  D:00C0H         PUBLIC        P4
BL51 BANKED LINKER/LOCATER V6.22                                                      09/08/2026  22:10:19  PAGE 7


  D:00C8H         PUBLIC        P5
  D:00E8H         PUBLIC        P6
  D:00F8H         PUBLIC        P7
  D:00A8H         PUBLIC        IE
  D:00B8H         PUBLIC        IP
  D:00D8H         PUBLIC        CCON
  C:2486H         PUBLIC        main
  C:23E9H         PUBLIC        SysClock
  D:0098H         PUBLIC        SCON
  D:0088H         PUBLIC        TCON
  C:23EDH         PUBLIC        decode_table
  D:00D0H         PUBLIC        PSW
  -------         PROC          MAIN
  C:2486H         LINE#         13
  C:2486H         LINE#         14
  C:2486H         LINE#         15
  C:2489H         LINE#         16
  C:248CH         LINE#         17
  C:248FH         LINE#         18
  -------         ENDPROC       MAIN
  -------         ENDMOD        MAIN

  -------         MODULE        FIRMWARE_APP
  C:0000H         SYMBOL        _ICE_DUMMY_
  C:1E06H         SYMBOL        on_10ms
  D:003FH         SYMBOL        frame_head
  C:23A6H         SYMBOL        on_key
  C:1F4FH         SYMBOL        _queue_frame
  C:19F5H         PUBLIC        App_Init
  D:0041H         SYMBOL        performance
  C:2225H         SYMBOL        _copy24
  C:1B75H         SYMBOL        _process_one
  C:2360H         SYMBOL        on_uart1
  C:2383H         SYMBOL        on_uart2
  C:1DAEH         SYMBOL        _promote_slot
  C:1EFEH         PUBLIC        App_StartUart
  X:0000H         SYMBOL        uart1_pending
  X:0018H         SYMBOL        uart2_pending
  X:0030H         SYMBOL        uart1_rx
  X:0048H         SYMBOL        uart2_rx
  D:0046H         SYMBOL        rx_overflow
  X:0060H         SYMBOL        encoded_frame
  X:0078H         SYMBOL        uart1_waiting
  X:0092H         SYMBOL        uart2_waiting
  X:00ACH         SYMBOL        uart1_active
  X:00C6H         SYMBOL        uart2_active
  D:0048H         SYMBOL        uart1_has_pending
  D:0049H         SYMBOL        uart2_has_pending
  C:1CD9H         SYMBOL        on_1s
  X:00E0H         SYMBOL        response_frame
  C:1FDEH         SYMBOL        _enrich_hello
  C:2023H         SYMBOL        flush_uart1
  C:2067H         SYMBOL        flush_uart2
  X:00F4H         SYMBOL        engine
  X:0159H         SYMBOL        request_frame
  -------         PROC          L?0052
  -------         ENDPROC       L?0052
BL51 BANKED LINKER/LOCATER V6.22                                                      09/08/2026  22:10:19  PAGE 8


  -------         PROC          _COPY24
  D:0034H         SYMBOL        dst
  D:0037H         SYMBOL        src
  -------         DO            
  D:0007H         SYMBOL        i
  -------         ENDDO         
  C:2225H         LINE#         35
  C:222BH         LINE#         36
  C:222BH         LINE#         38
  C:224DH         LINE#         39
  -------         ENDPROC       _COPY24
  -------         PROC          _QUEUE_FRAME
  D:002BH         SYMBOL        active
  D:002EH         SYMBOL        waiting
  D:0031H         SYMBOL        wire
  C:1F4FH         LINE#         41
  C:1F55H         LINE#         42
  C:1F55H         LINE#         43
  C:1F5DH         LINE#         44
  C:1F60H         LINE#         45
  C:1F66H         LINE#         46
  C:1F66H         LINE#         47
  C:1F76H         LINE#         48
  C:1F79H         LINE#         49
  C:1F87H         LINE#         50
  C:1F8EH         LINE#         51
  C:1F8EH         LINE#         52
  C:1F96H         LINE#         53
  C:1F96H         LINE#         54
  -------         ENDPROC       _QUEUE_FRAME
  -------         PROC          _PROMOTE_SLOT
  D:0022H         SYMBOL        active
  D:0025H         SYMBOL        waiting
  C:1DAEH         LINE#         56
  C:1DB4H         LINE#         57
  C:1DB4H         LINE#         58
  C:1DC2H         LINE#         59
  C:1DD1H         LINE#         60
  C:1DDFH         LINE#         61
  C:1DE6H         LINE#         62
  C:1DEFH         LINE#         63
  C:1DF1H         LINE#         64
  C:1DFEH         LINE#         65
  C:1E05H         LINE#         66
  C:1E05H         LINE#         67
  -------         ENDPROC       _PROMOTE_SLOT
  -------         PROC          FLUSH_UART1
  C:2023H         LINE#         69
  C:2023H         LINE#         70
  C:2023H         LINE#         71
  C:202FH         LINE#         72
  C:2047H         LINE#         73
  C:2060H         LINE#         75
  C:2066H         LINE#         76
  -------         ENDPROC       FLUSH_UART1
  -------         PROC          FLUSH_UART2
  C:2067H         LINE#         78
BL51 BANKED LINKER/LOCATER V6.22                                                      09/08/2026  22:10:19  PAGE 9


  C:2067H         LINE#         79
  C:2067H         LINE#         80
  C:2073H         LINE#         81
  C:208BH         LINE#         82
  C:20A4H         LINE#         84
  C:20AAH         LINE#         85
  -------         ENDPROC       FLUSH_UART2
  -------         PROC          ON_UART1
  C:2360H         LINE#         87
  C:2360H         LINE#         88
  C:2360H         LINE#         89
  C:236DH         LINE#         90
  C:236DH         LINE#         91
  C:237FH         LINE#         92
  C:2382H         LINE#         93
  C:2382H         LINE#         94
  -------         ENDPROC       ON_UART1
  -------         PROC          ON_UART2
  C:2383H         LINE#         96
  C:2383H         LINE#         97
  C:2383H         LINE#         98
  C:2390H         LINE#         99
  C:2390H         LINE#         100
  C:23A2H         LINE#         101
  C:23A5H         LINE#         102
  C:23A5H         LINE#         103
  -------         ENDPROC       ON_UART2
  -------         PROC          _ENRICH_HELLO
  D:0001H         SYMBOL        response
  C:1FDEH         LINE#         105
  C:1FDEH         LINE#         106
  C:1FDEH         LINE#         107
  C:1FE6H         LINE#         108
  C:1FEDH         LINE#         109
  C:1FF5H         LINE#         110
  C:1FFDH         LINE#         111
  C:2005H         LINE#         112
  C:200CH         LINE#         113
  C:2014H         LINE#         114
  C:201BH         LINE#         115
  -------         ENDPROC       _ENRICH_HELLO
  -------         PROC          _PROCESS_ONE
  D:0001H         SYMBOL        wire
  D:0025H         SYMBOL        active
  D:0028H         SYMBOL        waiting
  C:1B75H         LINE#         118
  C:1B75H         LINE#         119
  C:1B75H         LINE#         120
  C:1B8BH         LINE#         121
  C:1BA6H         LINE#         122
  C:1BB3H         LINE#         123
  C:1BBCH         LINE#         124
  C:1BD1H         LINE#         125
  C:1BECH         LINE#         126
  -------         ENDPROC       _PROCESS_ONE
  -------         PROC          ON_10MS
  C:1E06H         LINE#         128
BL51 BANKED LINKER/LOCATER V6.22                                                      09/08/2026  22:10:19  PAGE 10


  C:1E06H         LINE#         129
  C:1E06H         LINE#         130
  C:1E0AH         LINE#         131
  C:1E0DH         LINE#         132
  C:1E28H         LINE#         133
  C:1E28H         LINE#         134
  C:1E2CH         LINE#         135
  C:1E2FH         LINE#         136
  C:1E4AH         LINE#         137
  C:1E4AH         LINE#         138
  C:1E53H         LINE#         139
  C:1E56H         LINE#         140
  -------         ENDPROC       ON_10MS
  -------         PROC          ON_KEY
  -------         DO            
  D:0022H         SYMBOL        k1
  D:0023H         SYMBOL        k2
  -------         ENDDO         
  C:23A6H         LINE#         143
  C:23A6H         LINE#         144
  C:23A6H         LINE#         145
  C:23ADH         LINE#         146
  C:23B4H         LINE#         147
  C:23BEH         LINE#         148
  C:23C8H         LINE#         149
  -------         ENDPROC       ON_KEY
  -------         PROC          ON_1S
  C:1CD9H         LINE#         151
  C:1CD9H         LINE#         152
  C:1CD9H         LINE#         153
  C:1CE9H         LINE#         159
  -------         ENDPROC       ON_1S
  -------         PROC          APP_INIT
  C:19F5H         LINE#         162
  C:19F5H         LINE#         163
  C:19F5H         LINE#         164
  C:19F8H         LINE#         165
  C:19FAH         LINE#         166
  C:1A02H         LINE#         167
  C:1A0AH         LINE#         168
  C:1A0EH         LINE#         169
  C:1A19H         LINE#         170
  C:1A1CH         LINE#         171
  C:1A23H         LINE#         172
  C:1A3BH         LINE#         173
  C:1A40H         LINE#         174
  C:1A43H         LINE#         175
  C:1A4EH         LINE#         176
  C:1A59H         LINE#         177
  C:1A64H         LINE#         178
  C:1A6FH         LINE#         179
  -------         ENDPROC       APP_INIT
  -------         PROC          APP_STARTUART
  C:1EFEH         LINE#         185
  C:1EFEH         LINE#         186
  C:1EFEH         LINE#         187
  C:1F09H         LINE#         188
BL51 BANKED LINKER/LOCATER V6.22                                                      09/08/2026  22:10:19  PAGE 11


  C:1F17H         LINE#         189
  C:1F33H         LINE#         190
  -------         ENDPROC       APP_STARTUART
  -------         ENDMOD        FIRMWARE_APP

  -------         MODULE        PROTOCOL
  C:0000H         SYMBOL        _ICE_DUMMY_
  C:0B37H         PUBLIC        _Proto_Decode
  C:0CFFH         PUBLIC        _Proto_Encode
  C:002BH         SYMBOL        _read_u16
  C:24A2H         SYMBOL        _write_u16
  C:1D4CH         PUBLIC        _Proto_Crc16
  C:0026H         SYMBOL        L?0037
  -------         PROC          L?0036
  -------         ENDPROC       L?0036
  C:0026H         SYMBOL        L?0037
  -------         PROC          _READ_U16
  D:0001H         SYMBOL        p
  C:002BH         LINE#         3
  C:002BH         LINE#         4
  C:002BH         LINE#         5
  C:0038H         LINE#         6
  -------         ENDPROC       _READ_U16
  -------         PROC          _WRITE_U16
  D:0001H         SYMBOL        p
  D:0004H         SYMBOL        value
  C:24A2H         LINE#         8
  C:24A2H         LINE#         9
  C:24A2H         LINE#         10
  C:24A6H         LINE#         11
  -------         ENDPROC       _WRITE_U16
  -------         PROC          _PROTO_CRC16
  D:0035H         SYMBOL        bytes
  D:0038H         SYMBOL        length
  -------         DO            
  D:003AH         SYMBOL        crc
  D:0004H         SYMBOL        i
  D:0003H         SYMBOL        bit_index
  -------         ENDDO         
  C:1D4CH         LINE#         14
  C:1D56H         LINE#         15
  C:1D56H         LINE#         20
  C:1D5CH         LINE#         21
  C:1D68H         LINE#         22
  C:1D78H         LINE#         23
  C:1D79H         LINE#         24
  C:1D93H         LINE#         25
  C:1D9EH         LINE#         26
  C:1DA2H         LINE#         27
  C:1DA9H         LINE#         28
  C:1DADH         LINE#         29
  -------         ENDPROC       _PROTO_CRC16
  -------         PROC          _PROTO_ENCODE
  D:002BH         SYMBOL        frame
  D:002EH         SYMBOL        out
  -------         DO            
  D:0031H         SYMBOL        i
BL51 BANKED LINKER/LOCATER V6.22                                                      09/08/2026  22:10:19  PAGE 12


  D:0004H         SYMBOL        crc
  -------         ENDDO         
  C:0CFFH         LINE#         31
  C:0D05H         LINE#         32
  C:0D05H         LINE#         41
  C:0D0FH         LINE#         42
  C:0D23H         LINE#         43
  C:0D2DH         LINE#         44
  C:0D30H         LINE#         45
  C:0D3BH         LINE#         46
  C:0D49H         LINE#         47
  C:0D5EH         LINE#         48
  C:0D76H         LINE#         49
  C:0D8EH         LINE#         50
  C:0DA6H         LINE#         51
  C:0DCBH         LINE#         52
  C:0DF4H         LINE#         53
  C:0E0CH         LINE#         54
  C:0E24H         LINE#         55
  C:0E3CH         LINE#         56
  C:0E54H         LINE#         57
  C:0E57H         LINE#         58
  C:0E9DH         LINE#         59
  C:0EB3H         LINE#         60
  C:0EC1H         LINE#         61
  C:0EC3H         LINE#         62
  -------         ENDPROC       _PROTO_ENCODE
  -------         PROC          _PROTO_DECODE
  D:002BH         SYMBOL        wire
  D:002EH         SYMBOL        destination
  D:002FH         SYMBOL        expected_session
  D:0031H         SYMBOL        out
  -------         DO            
  D:0034H         SYMBOL        i
  -------         ENDDO         
  C:0B37H         LINE#         64
  C:0B3FH         LINE#         68
  C:0B3FH         LINE#         74
  C:0B52H         LINE#         75
  C:0B7CH         LINE#         76
  C:0B8FH         LINE#         77
  C:0B9DH         LINE#         78
  C:0BA7H         LINE#         79
  C:0BAAH         LINE#         80
  C:0BBCH         LINE#         81
  C:0BD6H         LINE#         82
  C:0BD9H         LINE#         83
  C:0BEEH         LINE#         84
  C:0C06H         LINE#         85
  C:0C1EH         LINE#         86
  C:0C36H         LINE#         87
  C:0C4EH         LINE#         88
  C:0C66H         LINE#         89
  C:0C7EH         LINE#         90
  C:0C96H         LINE#         91
  C:0CAEH         LINE#         92
  C:0CC6H         LINE#         93
BL51 BANKED LINKER/LOCATER V6.22                                                      09/08/2026  22:10:19  PAGE 13


  C:0CFCH         LINE#         94
  C:0CFEH         LINE#         95
  -------         ENDPROC       _PROTO_DECODE
  -------         ENDMOD        PROTOCOL

  -------         MODULE        SESSION
  C:0000H         SYMBOL        _ICE_DUMMY_
  C:243FH         PUBLIC        _Session_Matches
  C:21E5H         PUBLIC        _Session_Reset
  -------         PROC          _SESSION_RESET
  D:0001H         SYMBOL        session
  C:21E5H         LINE#         3
  C:21E5H         LINE#         4
  C:21E5H         LINE#         5
  C:21EBH         LINE#         6
  C:21F4H         LINE#         7
  C:21FDH         LINE#         8
  C:2207H         LINE#         9
  C:220EH         LINE#         10
  C:2215H         LINE#         11
  -------         ENDPROC       _SESSION_RESET
  -------         PROC          _SESSION_MATCHES
  D:0001H         SYMBOL        session
  D:0004H         SYMBOL        id
  C:243FH         LINE#         14
  C:243FH         LINE#         15
  C:243FH         LINE#         16
  C:2456H         LINE#         17
  -------         ENDPROC       _SESSION_MATCHES
  -------         ENDMOD        SESSION

  -------         MODULE        RECORDS
  C:0000H         SYMBOL        _ICE_DUMMY_
  C:1A7AH         PUBLIC        _RecordStore_ReadChunk
  C:22DFH         PUBLIC        _RecordStore_Reset
  C:1717H         PUBLIC        _RecordStore_Save
  -------         PROC          _RECORDSTORE_RESET
  D:0001H         SYMBOL        store
  C:22DFH         LINE#         4
  C:22DFH         LINE#         5
  C:22DFH         LINE#         6
  C:22E5H         LINE#         7
  C:22EEH         LINE#         8
  C:22F7H         LINE#         9
  C:22FFH         LINE#         10
  C:2306H         LINE#         11
  -------         ENDPROC       _RECORDSTORE_RESET
  -------         PROC          _RECORDSTORE_SAVE
  D:0055H         SYMBOL        store
  D:0005H         SYMBOL        kind
  D:0059H         SYMBOL        body
  D:005CH         SYMBOL        length
  -------         DO            
  D:0006H         SYMBOL        i
  -------         ENDDO         
  C:1717H         LINE#         14
  C:171DH         LINE#         16
BL51 BANKED LINKER/LOCATER V6.22                                                      09/08/2026  22:10:19  PAGE 14


  C:171DH         LINE#         18
  C:1733H         LINE#         19
  C:1740H         LINE#         20
  C:174DH         LINE#         21
  C:1758H         LINE#         22
  C:178EH         LINE#         23
  C:17AAH         LINE#         24
  C:17B2H         LINE#         25
  C:17B4H         LINE#         26
  -------         ENDPROC       _RECORDSTORE_SAVE
  -------         PROC          _RECORDSTORE_READCHUNK
  D:004AH         SYMBOL        store
  D:0005H         SYMBOL        chunk_index
  D:004EH         SYMBOL        out
  -------         DO            
  D:0051H         SYMBOL        offset
  D:0007H         SYMBOL        i
  -------         DO            
  D:0053H         SYMBOL        index
  -------         ENDDO         
  -------         ENDDO         
  C:1A7AH         LINE#         28
  C:1A80H         LINE#         30
  C:1A80H         LINE#         31
  C:1A8AH         LINE#         33
  C:1AA6H         LINE#         34
  C:1AA8H         LINE#         35
  C:1AB4H         LINE#         36
  C:1AF1H         LINE#         37
  C:1AF5H         LINE#         38
  C:1AF7H         LINE#         39
  -------         ENDPROC       _RECORDSTORE_READCHUNK
  -------         ENDMOD        RECORDS

  -------         MODULE        TEST_ENGINE
  C:0000H         SYMBOL        _ICE_DUMMY_
  C:21ACH         PUBLIC        _Engine_Tick10ms
  C:05D9H         SYMBOL        _handle_new
  C:1C64H         PUBLIC        _Engine_Init
  C:17B5H         SYMBOL        _read_u32
  C:0015H         SYMBOL        _read_u16
  C:0FFDH         SYMBOL        _make_response
  C:1410H         PUBLIC        _Engine_HandleFrame
  C:0011H         SYMBOL        L?0066
  -------         PROC          L?0065
  -------         ENDPROC       L?0065
  C:0011H         SYMBOL        L?0066
  -------         PROC          _READ_U16
  D:0001H         SYMBOL        p
  C:0015H         LINE#         3
  C:0015H         LINE#         4
  C:0015H         LINE#         5
  C:0022H         LINE#         6
  -------         ENDPROC       _READ_U16
  -------         PROC          _READ_U32
  D:003CH         SYMBOL        p
  C:17B5H         LINE#         8
BL51 BANKED LINKER/LOCATER V6.22                                                      09/08/2026  22:10:19  PAGE 15


  C:17BBH         LINE#         9
  C:17BBH         LINE#         11
  C:184AH         LINE#         12
  -------         ENDPROC       _READ_U32
  -------         PROC          L?0067
  -------         ENDPROC       L?0067
  -------         PROC          _MAKE_RESPONSE
  D:0034H         SYMBOL        engine
  D:0037H         SYMBOL        request
  D:003AH         SYMBOL        status
  D:003BH         SYMBOL        response
  -------         DO            
  D:0007H         SYMBOL        i
  -------         ENDDO         
  C:0FFDH         LINE#         14
  C:1003H         LINE#         16
  C:1003H         LINE#         18
  C:100EH         LINE#         19
  C:102AH         LINE#         20
  C:1042H         LINE#         21
  C:105AH         LINE#         22
  C:1077H         LINE#         23
  C:1094H         LINE#         24
  C:10ACH         LINE#         25
  C:10C4H         LINE#         26
  C:10CCH         LINE#         27
  C:10D4H         LINE#         28
  C:10EBH         LINE#         29
  C:10F9H         LINE#         30
  C:1116H         LINE#         31
  -------         ENDPROC       _MAKE_RESPONSE
  -------         PROC          _ENGINE_INIT
  D:0022H         SYMBOL        engine
  D:0025H         SYMBOL        role
  C:1C64H         LINE#         33
  C:1C6CH         LINE#         34
  C:1C6CH         LINE#         35
  C:1C6FH         LINE#         36
  C:1C7DH         LINE#         37
  C:1C8AH         LINE#         38
  C:1C91H         LINE#         39
  C:1C99H         LINE#         40
  C:1CA0H         LINE#         41
  C:1CA9H         LINE#         42
  C:1CB2H         LINE#         43
  C:1CBBH         LINE#         44
  C:1CC4H         LINE#         45
  C:1CCBH         LINE#         46
  C:1CD2H         LINE#         47
  -------         ENDPROC       _ENGINE_INIT
  -------         PROC          _HANDLE_NEW
  D:0034H         SYMBOL        engine
  D:0037H         SYMBOL        request
  -------         DO            
  D:003AH         SYMBOL        value
  -------         ENDDO         
  C:05D9H         LINE#         50
BL51 BANKED LINKER/LOCATER V6.22                                                      09/08/2026  22:10:19  PAGE 16


  C:05DFH         LINE#         51
  C:05DFH         LINE#         53
  C:05F4H         LINE#         54
  C:05F7H         LINE#         56
  C:0604H         LINE#         57
  C:061BH         LINE#         58
  C:0631H         LINE#         59
  C:063AH         LINE#         60
  C:0654H         LINE#         61
  C:066EH         LINE#         62
  C:0686H         LINE#         63
  C:06A3H         LINE#         64
  C:06BBH         LINE#         65
  C:06C0H         LINE#         66
  C:06C3H         LINE#         67
  C:06C3H         LINE#         69
  C:06E1H         LINE#         71
  C:070FH         LINE#         72
  C:070FH         LINE#         73
  C:072EH         LINE#         74
  C:0731H         LINE#         75
  C:073EH         LINE#         76
  C:0741H         LINE#         77
  C:0744H         LINE#         78
  C:0744H         LINE#         79
  C:0763H         LINE#         80
  C:0766H         LINE#         81
  C:076DH         LINE#         82
  C:0786H         LINE#         83
  C:0791H         LINE#         84
  C:0799H         LINE#         85
  C:079EH         LINE#         86
  C:07A1H         LINE#         87
  C:07A1H         LINE#         88
  C:07B4H         LINE#         89
  C:07C1H         LINE#         90
  C:07CDH         LINE#         91
  C:07D0H         LINE#         92
  C:07EBH         LINE#         93
  C:07EEH         LINE#         94
  C:0806H         LINE#         95
  C:080EH         LINE#         96
  C:0818H         LINE#         97
  C:081CH         LINE#         98
  C:081FH         LINE#         99
  C:081FH         LINE#         100
  C:083EH         LINE#         101
  C:0841H         LINE#         102
  C:084BH         LINE#         103
  C:085FH         LINE#         104
  C:0877H         LINE#         105
  C:0893H         LINE#         106
  C:0896H         LINE#         107
  C:0896H         LINE#         108
  C:08B5H         LINE#         109
  C:08B8H         LINE#         110
  C:08D2H         LINE#         111
BL51 BANKED LINKER/LOCATER V6.22                                                      09/08/2026  22:10:19  PAGE 17


  C:08DCH         LINE#         112
  C:08DFH         LINE#         113
  C:08DFH         LINE#         114
  C:08F5H         LINE#         115
  C:08F8H         LINE#         116
  C:0900H         LINE#         117
  C:0908H         LINE#         118
  C:090EH         LINE#         119
  C:0910H         LINE#         120
  C:0910H         LINE#         121
  C:0923H         LINE#         122
  C:0928H         LINE#         123
  C:092AH         LINE#         124
  C:092AH         LINE#         125
  C:093DH         LINE#         126
  C:0945H         LINE#         127
  C:0948H         LINE#         128
  C:0948H         LINE#         129
  C:0956H         LINE#         130
  C:095FH         LINE#         131
  C:0962H         LINE#         132
  C:0962H         LINE#         133
  C:0964H         LINE#         134
  C:0964H         LINE#         135
  -------         ENDPROC       _HANDLE_NEW
  -------         PROC          _ENGINE_HANDLEFRAME
  D:002BH         SYMBOL        engine
  D:002EH         SYMBOL        request
  D:0031H         SYMBOL        response
  -------         DO            
  D:0006H         SYMBOL        status
  -------         ENDDO         
  C:1410H         LINE#         137
  C:1416H         LINE#         139
  C:1416H         LINE#         141
  C:145DH         LINE#         142
  C:145DH         LINE#         143
  C:1471H         LINE#         144
  C:147FH         LINE#         145
  C:147FH         LINE#         146
  C:1493H         LINE#         147
  C:14B0H         LINE#         148
  C:14C8H         LINE#         149
  C:14CFH         LINE#         150
  C:14D7H         LINE#         151
  C:14E5H         LINE#         152
  C:14E7H         LINE#         153
  -------         ENDPROC       _ENGINE_HANDLEFRAME
  -------         PROC          _ENGINE_TICK10MS
  D:0001H         SYMBOL        engine
  C:21ACH         LINE#         155
  C:21ACH         LINE#         156
  C:21ACH         LINE#         157
  C:21C0H         LINE#         158
  C:21CAH         LINE#         159
  C:21D4H         LINE#         160
  C:21DCH         LINE#         161
BL51 BANKED LINKER/LOCATER V6.22                                                      09/08/2026  22:10:19  PAGE 18


  C:21E4H         LINE#         162
  C:21E4H         LINE#         163
  C:21E4H         LINE#         164
  -------         ENDPROC       _ENGINE_TICK10MS
  -------         ENDMOD        TEST_ENGINE

  -------         MODULE        DISPLAYER
  C:0000H         SYMBOL        _ICE_DUMMY_
  D:0093H         PUBLIC        P0M1
  D:0096H         PUBLIC        P2M0
  D:0080H         PUBLIC        P0
  D:0095H         PUBLIC        P2M1
  D:0090H         PUBLIC        P1
  D:00A0H         PUBLIC        P2
  D:00B0H         PUBLIC        P3
  D:00C0H         PUBLIC        P4
  D:00C8H         PUBLIC        P5
  D:00E8H         PUBLIC        P6
  D:00F8H         PUBLIC        P7
  D:00A8H         PUBLIC        IE
  D:00B8H         PUBLIC        IP
  D:00D8H         PUBLIC        CCON
  C:24DEH         PUBLIC        _LedPrint
  B:00A0H.0       PUBLIC        P20
  B:00A0H.1       PUBLIC        P21
  D:0098H         PUBLIC        SCON
  B:00A0H.2       PUBLIC        P22
  D:0088H         PUBLIC        TCON
  B:00A0H.3       PUBLIC        P23
  C:2424H         PUBLIC        DisplayerInit
  X:0205H         PUBLIC        sys_Disp
  C:24C3H         PUBLIC        _SetDisplayerArea
  C:23C9H         PUBLIC        _Seg7Print
  C:1327H         PUBLIC        _?sys_display_drv
  D:00D0H         PUBLIC        PSW
  D:0094H         PUBLIC        P0M0
  -------         PROC          _?SYS_DISPLAY_DRV
  C:1327H         LINE#         16
  C:1327H         LINE#         18
  C:132AH         LINE#         19
  C:1353H         LINE#         20
  C:1359H         LINE#         21
  C:135FH         LINE#         22
  C:1365H         LINE#         23
  C:136BH         LINE#         24
  C:1375H         LINE#         25
  C:137FH         LINE#         26
  C:1389H         LINE#         27
  C:1393H         LINE#         28
  C:1395H         LINE#         29
  C:1395H         LINE#         30
  C:139DH         LINE#         31
  C:13C6H         LINE#         33
  C:13E1H         LINE#         34
  C:13E4H         LINE#         35
  C:13E4H         LINE#         36
  C:13FBH         LINE#         37
BL51 BANKED LINKER/LOCATER V6.22                                                      09/08/2026  22:10:19  PAGE 19


  C:1407H         LINE#         39
  C:140FH         LINE#         40
  -------         ENDPROC       _?SYS_DISPLAY_DRV
  -------         PROC          DISPLAYERINIT
  C:2424H         LINE#         42
  C:2424H         LINE#         43
  C:2424H         LINE#         44
  C:2427H         LINE#         45
  C:242AH         LINE#         46
  C:242DH         LINE#         47
  C:2430H         LINE#         48
  C:243EH         LINE#         49
  -------         ENDPROC       DISPLAYERINIT
  -------         PROC          _SETDISPLAYERAREA
  D:0007H         SYMBOL        Begin_of_scan
  D:0005H         SYMBOL        Ending_of_Scan
  C:24C3H         LINE#         51
  C:24C3H         LINE#         52
  C:24C8H         LINE#         53
  C:24CBH         LINE#         54
  -------         ENDPROC       _SETDISPLAYERAREA
  -------         PROC          _SEG7PRINT
  D:0007H         SYMBOL        d0
  D:0005H         SYMBOL        d1
  D:0003H         SYMBOL        d2
  D:0025H         SYMBOL        d3
  D:0026H         SYMBOL        d4
  D:0027H         SYMBOL        d5
  D:0028H         SYMBOL        d6
  D:0029H         SYMBOL        d7
  C:23C9H         LINE#         56
  C:23C9H         LINE#         57
  C:23CEH         LINE#         58
  C:23D1H         LINE#         59
  C:23D4H         LINE#         60
  C:23D8H         LINE#         61
  C:23DCH         LINE#         62
  C:23E0H         LINE#         63
  C:23E4H         LINE#         64
  C:23E8H         LINE#         65
  -------         ENDPROC       _SEG7PRINT
  -------         PROC          _LEDPRINT
  D:0007H         SYMBOL        led_val
  C:24DEH         LINE#         67
  C:24DEH         LINE#         68
  C:24E3H         LINE#         69
  -------         ENDPROC       _LEDPRINT
  -------         ENDMOD        DISPLAYER

  -------         MODULE        KEY
  C:0000H         SYMBOL        _ICE_DUMMY_
  D:0080H         PUBLIC        P0
  D:0090H         PUBLIC        P1
  D:00A0H         PUBLIC        P2
  D:00B0H         PUBLIC        P3
  D:00C0H         PUBLIC        P4
  D:00C8H         PUBLIC        P5
BL51 BANKED LINKER/LOCATER V6.22                                                      09/08/2026  22:10:19  PAGE 20


  D:00E8H         PUBLIC        P6
  D:00F8H         PUBLIC        P7
  D:00A8H         PUBLIC        IE
  D:001EH         PUBLIC        sys_keyEvent
  D:00B8H         PUBLIC        IP
  D:00D8H         PUBLIC        CCON
  C:2494H         PUBLIC        _?sys_get_keyEvent
  D:0098H         PUBLIC        SCON
  D:0088H         PUBLIC        TCON
  C:1117H         PUBLIC        _?sys_key_drv
  C:2407H         PUBLIC        KeyInit
  B:00B0H.2       PUBLIC        IO_Key1
  B:00B0H.3       PUBLIC        IO_Key2
  B:0090H.7       PUBLIC        IO_Key3
  C:20EFH         PUBLIC        _GetKeyAct
  X:0212H         PUBLIC        sys_Key
  D:00D0H         PUBLIC        PSW
  -------         PROC          _?SYS_KEY_DRV
  -------         DO            
  i:0000H         SYMBOL        i
  X:0211H         SYMBOL        counter
  -------         ENDDO         
  C:1117H         LINE#         28
  C:1119H         LINE#         31
  C:1122H         LINE#         32
  C:112BH         LINE#         33
  C:1134H         LINE#         34
  C:113FH         LINE#         35
  C:1142H         LINE#         36
  C:1154H         LINE#         37
  C:1172H         LINE#         38
  C:118BH         LINE#         39
  C:11A7H         LINE#         40
  C:11A9H         LINE#         41
  C:11A9H         LINE#         42
  C:11ABH         LINE#         44
  C:11CCH         LINE#         45
  C:11E2H         LINE#         46
  C:11E5H         LINE#         47
  C:11E5H         LINE#         48
  C:11E5H         LINE#         49
  C:1218H         LINE#         50
  C:1233H         LINE#         51
  C:1237H         LINE#         52
  C:1237H         LINE#         53
  -------         ENDPROC       _?SYS_KEY_DRV
  -------         PROC          _?SYS_GET_KEYEVENT
  -------         DO            
  i:0000H         SYMBOL        a
  -------         ENDDO         
  C:2494H         LINE#         55
  C:2496H         LINE#         57
  C:249AH         LINE#         58
  C:249DH         LINE#         59
  C:249FH         LINE#         60
  -------         ENDPROC       _?SYS_GET_KEYEVENT
  -------         PROC          KEYINIT
BL51 BANKED LINKER/LOCATER V6.22                                                      09/08/2026  22:10:19  PAGE 21


  C:2407H         LINE#         62
  C:2407H         LINE#         63
  C:2407H         LINE#         64
  C:2415H         LINE#         65
  C:2423H         LINE#         66
  -------         ENDPROC       KEYINIT
  -------         PROC          _GETKEYACT
  D:0007H         SYMBOL        Key
  -------         DO            
  D:0006H         SYMBOL        a
  -------         ENDDO         
  C:20EFH         LINE#         68
  C:20EFH         LINE#         69
  C:20EFH         LINE#         70
  C:20F9H         LINE#         71
  C:2114H         LINE#         72
  C:2129H         LINE#         73
  C:212CH         LINE#         74
  C:212CH         LINE#         75
  C:212EH         LINE#         76
  -------         ENDPROC       _GETKEYACT
  -------         ENDMOD        KEY

  -------         MODULE        SYS
  C:0000H         SYMBOL        _ICE_DUMMY_
  X:016DH         PUBLIC        count_1mS
  B:00D8H.2       PUBLIC        CCF2
  D:0080H         PUBLIC        P0
  B:0020H.1       PUBLIC        flag_1S
  D:0090H         PUBLIC        P1
  D:00A0H         PUBLIC        P2
  D:00B0H         PUBLIC        P3
  D:00C0H         PUBLIC        P4
  X:016EH         PUBLIC        T1
  D:00C8H         PUBLIC        P5
  X:0170H         PUBLIC        T2
  B:00A8H.7       PUBLIC        EA
  D:00E8H         PUBLIC        P6
  D:00F8H         PUBLIC        P7
  D:0009H         PUBLIC        IrDatNum
  B:00D8H.7       PUBLIC        CF
  B:0020H.2       PUBLIC        Ir_Coder
  B:0020H.3       PUBLIC        Ir_RxBusy
  D:00A8H         PUBLIC        IE
  B:0020H.4       PUBLIC        Ir_TxBusy
  X:0172H         PUBLIC        userfunccall
  D:00FAH         PUBLIC        CCAP0H
  D:00FBH         PUBLIC        CCAP1H
  C:196AH         PUBLIC        sys_task_Ir
  D:000AH         PUBLIC        IrCount_j
  D:000BH         PUBLIC        IrRx_count
  D:000CH         PUBLIC        IrProtocol
  D:00EAH         PUBLIC        CCAP0L
  D:000DH         PUBLIC        IrTx_count
  D:00EBH         PUBLIC        CCAP1L
  D:00DAH         PUBLIC        CCAPM0
  D:00DBH         PUBLIC        CCAPM1
BL51 BANKED LINKER/LOCATER V6.22                                                      09/08/2026  22:10:19  PAGE 22


  D:000EH         PUBLIC        MainLoops
  D:00B8H         PUBLIC        IP
  B:00D0H.7       PUBLIC        CY
  B:0020H.5       PUBLIC        flag_10mS
  D:00D8H         PUBLIC        CCON
  C:24CCH         PUBLIC        GetBeepTimer
  C:1EACH         PUBLIC        sys_Timer0_isr
  C:1AF8H         PUBLIC        _SetEventCallBack
  C:24E4H         PUBLIC        MySTC_Init
  C:212FH         PUBLIC        sys_task_100mS
  D:0012H         PUBLIC        ModBus_interval_time
  C:003EH         PUBLIC        _?ret0func
  C:1E59H         PUBLIC        GetUltraSonic
  X:0196H         PUBLIC        count_10mS
  X:0197H         PUBLIC        stcDrivers
  C:24D5H         PUBLIC        _SetBeepTimer
  B:0020H.6       PUBLIC        flag_IrRxFinished
  D:0098H         PUBLIC        SCON
  C:2457H         PUBLIC        _SetCCP0
  C:216EH         PUBLIC        MySTC_OS
  D:0089H         PUBLIC        TMOD
  D:0088H         PUBLIC        TCON
  B:0020H.7       PUBLIC        flag_Ir
  B:00B0H.5       PUBLIC        P35
  D:0013H         PUBLIC        IrRxNum
  X:01CDH         PUBLIC        SysPerformance
  D:008EH         PUBLIC        AUXR
  C:166FH         PUBLIC        sys_CCP_isr
  C:123AH         PUBLIC        sys_task_1mS
  B:00A8H.1       PUBLIC        ET0
  C:24EAH         PUBLIC        ClrBeepPin
  D:008CH         PUBLIC        TH0
  B:0021H.0       PUBLIC        flag_100mS
  X:01D2H         PUBLIC        distance
  D:008AH         PUBLIC        TL0
  D:0014H         PUBLIC        PollingMisses
  X:01D4H         PUBLIC        sys_BP
  B:0088H.4       PUBLIC        TR0
  C:230DH         PUBLIC        sys_task_1S
  C:0003H         PUBLIC        GetSysPerformance
  B:0021H.1       PUBLIC        matchModBus
  X:01DAH         PUBLIC        count_100mS
  B:0021H.2       PUBLIC        Ir_BitBusy
  D:0015H         PUBLIC        IrDat_count
  D:0016H         PUBLIC        IrMute_count
  B:0021H.3       PUBLIC        newFrame1
  C:1F97H         PUBLIC        sys_Timer0_Init
  B:0021H.4       PUBLIC        newFrame2
  D:0017H         PUBLIC        IrDataPc
  C:000AH         PUBLIC        _?nullfunc
  B:0021H.5       PUBLIC        flag_1mS
  B:0021H.6       PUBLIC        newUS
  D:008FH         PUBLIC        INT_CLKO
  C:184BH         PUBLIC        sys_task_10mS
  D:00D0H         PUBLIC        PSW
  B:00D8H.0       PUBLIC        CCF0
  B:00B0H.4       PUBLIC        Beep
BL51 BANKED LINKER/LOCATER V6.22                                                      09/08/2026  22:10:19  PAGE 23


  B:00D8H.1       PUBLIC        CCF1
  -------         PROC          _?NULLFUNC
  C:000AH         LINE#         13
  -------         ENDPROC       _?NULLFUNC
  -------         PROC          _?RET0FUNC
  C:003EH         LINE#         14
  -------         ENDPROC       _?RET0FUNC
  -------         PROC          SYS_TIMER0_INIT
  C:1F97H         LINE#         96
  C:1F97H         LINE#         97
  C:1F9AH         LINE#         98
  C:1F9DH         LINE#         99
  C:1FB3H         LINE#         100
  C:1FD9H         LINE#         101
  C:1FDBH         LINE#         102
  C:1FDDH         LINE#         103
  -------         ENDPROC       SYS_TIMER0_INIT
  -------         PROC          SYS_TIMER0_ISR
  -------         DO            
  D:0008H         SYMBOL        i
  -------         ENDDO         
  C:1EACH         LINE#         105
  C:1EB0H         LINE#         107
  C:1EB3H         LINE#         108
  C:1EB6H         LINE#         109
  C:1EBBH         LINE#         110
  C:1EBDH         LINE#         111
  C:1EBDH         LINE#         112
  C:1EC3H         LINE#         113
  C:1EC9H         LINE#         114
  C:1ECCH         LINE#         115
  C:1ECEH         LINE#         116
  C:1ED1H         LINE#         117
  C:1ED5H         LINE#         118
  C:1ED7H         LINE#         119
  C:1EDAH         LINE#         120
  C:1EDCH         LINE#         122
  C:1EDFH         LINE#         123
  C:1EE1H         LINE#         124
  C:1EE6H         LINE#         125
  C:1EE6H         LINE#         126
  C:1EE8H         LINE#         128
  C:1EF1H         LINE#         129
  C:1EF3H         LINE#         130
  C:1EF9H         LINE#         131
  C:1EF9H         LINE#         132
  C:1EF9H         LINE#         133
  C:1EF9H         LINE#         134
  -------         ENDPROC       SYS_TIMER0_ISR
  -------         PROC          GETULTRASONIC
  -------         DO            
  D:001AH         SYMBOL        a
  -------         ENDDO         
  C:1E59H         LINE#         138
  C:1E59H         LINE#         139
  C:1E59H         LINE#         140
  C:1E5CH         LINE#         141
BL51 BANKED LINKER/LOCATER V6.22                                                      09/08/2026  22:10:19  PAGE 24


  C:1E5EH         LINE#         142
  C:1E6DH         LINE#         143
  C:1EA3H         LINE#         144
  C:1EA3H         LINE#         145
  C:1EABH         LINE#         146
  -------         ENDPROC       GETULTRASONIC
  -------         PROC          GETBEEPTIMER
  C:24CCH         LINE#         148
  C:24CCH         LINE#         149
  C:24D4H         LINE#         150
  -------         ENDPROC       GETBEEPTIMER
  -------         PROC          _SETBEEPTIMER
  D:0006H         SYMBOL        a
  C:24D5H         LINE#         152
  C:24D5H         LINE#         153
  C:24DDH         LINE#         154
  -------         ENDPROC       _SETBEEPTIMER
  -------         PROC          _SETCCP0
  D:0006H         SYMBOL        step
  D:0004H         SYMBOL        next
  C:2457H         LINE#         156
  C:2457H         LINE#         157
  C:245FH         LINE#         158
  C:2467H         LINE#         159
  -------         ENDPROC       _SETCCP0
  -------         PROC          CLRBEEPPIN
  C:24EAH         LINE#         161
  C:24EAH         LINE#         162
  C:24ECH         LINE#         163
  -------         ENDPROC       CLRBEEPPIN
  -------         PROC          SYS_CCP_ISR
  -------         DO            
  B:0020H.0       SYMBOL        a
  -------         ENDDO         
  C:166FH         LINE#         165
  C:1682H         LINE#         167
  C:1689H         LINE#         168
  C:1690H         LINE#         169
  C:1693H         LINE#         170
  C:1695H         LINE#         171
  C:16A5H         LINE#         172
  C:16ACH         LINE#         173
  C:16AFH         LINE#         174
  C:16B1H         LINE#         175
  C:16B3H         LINE#         177
  C:16C7H         LINE#         178
  C:16CAH         LINE#         179
  C:16CCH         LINE#         180
  C:16CEH         LINE#         181
  C:16D0H         LINE#         183
  C:16D0H         LINE#         184
  C:16D3H         LINE#         185
  C:16D5H         LINE#         186
  C:16DFH         LINE#         187
  C:16E1H         LINE#         188
  C:16EAH         LINE#         189
  C:16EDH         LINE#         190
BL51 BANKED LINKER/LOCATER V6.22                                                      09/08/2026  22:10:19  PAGE 25


  C:16FFH         LINE#         191
  C:1701H         LINE#         193
  C:1703H         LINE#         194
  C:1706H         LINE#         195
  C:1706H         LINE#         196
  C:1706H         LINE#         197
  -------         ENDPROC       SYS_CCP_ISR
  -------         PROC          MYSTC_INIT
  C:24E4H         LINE#         199
  C:24E4H         LINE#         200
  C:24E7H         LINE#         201
  C:24E9H         LINE#         202
  -------         ENDPROC       MYSTC_INIT
  -------         PROC          SYS_TASK_IR
  -------         DO            
  D:0007H         SYMBOL        a
  -------         ENDDO         
  C:196AH         LINE#         204
  C:196AH         LINE#         205
  C:196AH         LINE#         206
  C:1980H         LINE#         207
  C:1987H         LINE#         208
  C:198AH         LINE#         209
  C:198DH         LINE#         210
  C:19A3H         LINE#         211
  C:19B3H         LINE#         212
  C:19BBH         LINE#         213
  C:19BEH         LINE#         214
  C:19C0H         LINE#         216
  C:19D6H         LINE#         217
  C:19EAH         LINE#         218
  C:19EAH         LINE#         219
  C:19ECH         LINE#         220
  C:19EFH         LINE#         222
  C:19EFH         LINE#         224
  C:19F1H         LINE#         225
  C:19F4H         LINE#         226
  C:19F4H         LINE#         227
  -------         ENDPROC       SYS_TASK_IR
  -------         PROC          SYS_TASK_1MS
  C:123AH         LINE#         229
  C:123AH         LINE#         230
  C:1242H         LINE#         231
  C:1245H         LINE#         232
  C:1247H         LINE#         233
  C:124FH         LINE#         234
  C:1252H         LINE#         235
  C:1254H         LINE#         236
  C:125CH         LINE#         237
  C:125FH         LINE#         238
  C:1261H         LINE#         239
  C:1261H         LINE#         240
  C:1261H         LINE#         241
  C:1261H         LINE#         242
  C:126DH         LINE#         243
  C:1279H         LINE#         244
  C:1285H         LINE#         245
BL51 BANKED LINKER/LOCATER V6.22                                                      09/08/2026  22:10:19  PAGE 26


  C:1291H         LINE#         246
  C:129DH         LINE#         247
  C:12A9H         LINE#         248
  C:12C4H         LINE#         249
  C:12D3H         LINE#         250
  C:12DFH         LINE#         251
  C:12E1H         LINE#         252
  C:12E1H         LINE#         253
  C:12E8H         LINE#         254
  C:12EBH         LINE#         255
  C:12FAH         LINE#         256
  C:12FCH         LINE#         257
  C:12FCH         LINE#         258
  C:12FEH         LINE#         260
  C:130DH         LINE#         261
  C:1319H         LINE#         262
  C:131BH         LINE#         263
  C:131BH         LINE#         264
  C:131BH         LINE#         265
  -------         ENDPROC       SYS_TASK_1MS
  -------         PROC          SYS_TASK_10MS
  C:184BH         LINE#         268
  C:184BH         LINE#         269
  C:1857H         LINE#         270
  C:1863H         LINE#         271
  C:186FH         LINE#         272
  C:187BH         LINE#         273
  C:1896H         LINE#         274
  C:18B1H         LINE#         275
  C:18CCH         LINE#         276
  C:18CFH         LINE#         277
  C:18D1H         LINE#         278
  C:18DDH         LINE#         279
  C:18DDH         LINE#         280
  -------         ENDPROC       SYS_TASK_10MS
  -------         PROC          SYS_TASK_100MS
  C:212FH         LINE#         282
  C:212FH         LINE#         283
  C:213BH         LINE#         284
  C:2156H         LINE#         285
  C:2162H         LINE#         286
  -------         ENDPROC       SYS_TASK_100MS
  -------         PROC          SYS_TASK_1S
  C:230DH         LINE#         289
  C:230DH         LINE#         290
  C:231BH         LINE#         291
  C:2321H         LINE#         292
  C:232AH         LINE#         293
  C:232CH         LINE#         294
  -------         ENDPROC       SYS_TASK_1S
  -------         PROC          MYSTC_OS
  C:216EH         LINE#         297
  C:216EH         LINE#         298
  C:2176H         LINE#         299
  C:217EH         LINE#         300
  C:2186H         LINE#         301
  C:218EH         LINE#         302
BL51 BANKED LINKER/LOCATER V6.22                                                      09/08/2026  22:10:19  PAGE 27


  C:2196H         LINE#         303
  C:21ABH         LINE#         306
  -------         ENDPROC       MYSTC_OS
  -------         PROC          _SETEVENTCALLBACK
  D:0007H         SYMBOL        event
  D:0022H         SYMBOL        user_callback
  C:1AF8H         LINE#         308
  C:1AFEH         LINE#         309
  C:1B2FH         LINE#         310
  C:1B32H         LINE#         311
  C:1B34H         LINE#         312
  C:1B37H         LINE#         313
  C:1B39H         LINE#         314
  C:1B3CH         LINE#         315
  C:1B3EH         LINE#         316
  C:1B41H         LINE#         317
  C:1B43H         LINE#         318
  C:1B46H         LINE#         319
  C:1B48H         LINE#         320
  C:1B4BH         LINE#         321
  C:1B4DH         LINE#         322
  C:1B50H         LINE#         323
  C:1B52H         LINE#         324
  C:1B55H         LINE#         325
  C:1B57H         LINE#         326
  C:1B5AH         LINE#         327
  C:1B5CH         LINE#         328
  C:1B5FH         LINE#         329
  C:1B61H         LINE#         330
  C:1B64H         LINE#         331
  C:1B66H         LINE#         332
  C:1B74H         LINE#         333
  C:1B74H         LINE#         334
  C:1B74H         LINE#         335
  C:1B74H         LINE#         336
  -------         ENDPROC       _SETEVENTCALLBACK
  -------         PROC          GETSYSPERFORMANCE
  C:0003H         LINE#         338
  C:0003H         LINE#         339
  C:0009H         LINE#         340
  -------         ENDPROC       GETSYSPERFORMANCE
  -------         ENDMOD        SYS

  -------         MODULE        UART2
  C:0000H         SYMBOL        _ICE_DUMMY_
  D:001CH         PUBLIC        ModBus_Interval_Min
  D:0080H         PUBLIC        P0
  C:0965H         PUBLIC        Uart2_isr
  D:0090H         PUBLIC        P1
  D:00A0H         PUBLIC        P2
  D:00B0H         PUBLIC        P3
  D:00C0H         PUBLIC        P4
  D:00C8H         PUBLIC        P5
  D:00E8H         PUBLIC        P6
  D:00F8H         PUBLIC        P7
  D:00BAH         PUBLIC        P_SW2
  D:00A8H         PUBLIC        IE
BL51 BANKED LINKER/LOCATER V6.22                                                      09/08/2026  22:10:19  PAGE 28


  D:00DBH         PUBLIC        CCAPM1
  D:00B8H         PUBLIC        IP
  C:0039H         PUBLIC        _?nullfunc0
  D:00D8H         PUBLIC        CCON
  C:224EH         PUBLIC        _SetUart2Rxd
  B:0090H.0       PUBLIC        P10
  B:0090H.1       PUBLIC        P11
  D:0098H         PUBLIC        SCON
  D:0088H         PUBLIC        TCON
  D:00AFH         PUBLIC        IE2
  D:008EH         PUBLIC        AUXR
  C:24ADH         PUBLIC        GetUart2TxStatus
  D:00D6H         PUBLIC        T2H
  B:00B0H.7       PUBLIC        M485_TxEn
  D:00D7H         PUBLIC        T2L
  C:22B0H         PUBLIC        _Uart2Print
  D:009BH         PUBLIC        S2BUF
  D:009AH         PUBLIC        S2CON
  C:15BAH         PUBLIC        _Uart2Init
  D:001DH         PUBLIC        Uart2usage
  C:2468H         PUBLIC        _?sys_get_Uart2RxdEvent
  X:01DBH         PUBLIC        com2
  D:00D0H         PUBLIC        PSW
  -------         PROC          UART2_ISR
  C:0965H         LINE#         19
  C:0982H         LINE#         20
  C:0987H         LINE#         21
  C:098AH         LINE#         22
  C:09BEH         LINE#         24
  C:09C3H         LINE#         25
  C:09C9H         LINE#         26
  C:09C9H         LINE#         27
  C:09C9H         LINE#         29
  C:09D1H         LINE#         30
  C:09D4H         LINE#         31
  C:09D7H         LINE#         32
  C:09D9H         LINE#         33
  C:09E0H         LINE#         34
  C:09E2H         LINE#         35
  C:09E2H         LINE#         36
  C:09EBH         LINE#         37
  C:09FFH         LINE#         38
  C:0A13H         LINE#         39
  C:0A22H         LINE#         40
  C:0A30H         LINE#         41
  C:0A62H         LINE#         42
  C:0A70H         LINE#         43
  C:0A70H         LINE#         44
  C:0A73H         LINE#         45
  C:0A76H         LINE#         47
  C:0A8AH         LINE#         48
  C:0A9EH         LINE#         49
  C:0AADH         LINE#         50
  C:0ABBH         LINE#         51
  C:0AF3H         LINE#         52
  C:0B01H         LINE#         53
  C:0B01H         LINE#         54
BL51 BANKED LINKER/LOCATER V6.22                                                      09/08/2026  22:10:19  PAGE 29


  C:0B1CH         LINE#         55
  C:0B1CH         LINE#         56
  C:0B1CH         LINE#         57
  -------         ENDPROC       UART2_ISR
  -------         PROC          _?SYS_GET_UART2RXDEVENT
  -------         DO            
  i:0000H         SYMBOL        a
  -------         ENDDO         
  C:2468H         LINE#         59
  C:246AH         LINE#         61
  C:2472H         LINE#         62
  C:2474H         LINE#         63
  C:2474H         LINE#         64
  -------         ENDPROC       _?SYS_GET_UART2RXDEVENT
  -------         PROC          _?NULLFUNC0
  C:0039H         LINE#         66
  -------         ENDPROC       _?NULLFUNC0
  -------         PROC          _UART2INIT
  D:0022H         SYMBOL        band
  D:0026H         SYMBOL        Uart2mode
  C:15BAH         LINE#         68
  C:15C2H         LINE#         69
  C:15C2H         LINE#         72
  C:15C5H         LINE#         73
  C:15CBH         LINE#         74
  C:15CEH         LINE#         75
  C:15D2H         LINE#         76
  C:15E0H         LINE#         77
  C:15E3H         LINE#         78
  C:15E5H         LINE#         79
  C:15E7H         LINE#         80
  C:15E9H         LINE#         82
  C:15EBH         LINE#         83
  C:15FFH         LINE#         84
  C:1606H         LINE#         85
  C:1609H         LINE#         86
  C:1609H         LINE#         88
  C:160CH         LINE#         89
  C:162BH         LINE#         90
  C:165AH         LINE#         91
  C:165DH         LINE#         92
  C:1660H         LINE#         93
  C:166EH         LINE#         94
  -------         ENDPROC       _UART2INIT
  -------         PROC          _SETUART2RXD
  D:0001H         SYMBOL        RxdPt
  D:0004H         SYMBOL        Nmax
  D:0027H         SYMBOL        matchhead
  D:002AH         SYMBOL        matchheadsize
  C:224EH         LINE#         96
  C:224EH         LINE#         97
  C:2259H         LINE#         98
  C:225FH         LINE#         99
  C:2269H         LINE#         100
  C:2277H         LINE#         101
  C:2279H         LINE#         102
  C:227EH         LINE#         103
BL51 BANKED LINKER/LOCATER V6.22                                                      09/08/2026  22:10:19  PAGE 30


  -------         ENDPROC       _SETUART2RXD
  -------         PROC          _UART2PRINT
  D:0001H         SYMBOL        pt
  D:0004H         SYMBOL        num
  C:22B0H         LINE#         105
  C:22B0H         LINE#         106
  C:22B6H         LINE#         107
  C:22C1H         LINE#         108
  C:22C6H         LINE#         109
  C:22CCH         LINE#         110
  C:22D0H         LINE#         112
  C:22D6H         LINE#         113
  C:22D9H         LINE#         114
  C:22DCH         LINE#         115
  C:22DCH         LINE#         116
  C:22DEH         LINE#         117
  -------         ENDPROC       _UART2PRINT
  -------         PROC          GETUART2TXSTATUS
  C:24ADH         LINE#         119
  C:24ADH         LINE#         120
  C:24B5H         LINE#         121
  C:24B7H         LINE#         122
  -------         ENDPROC       GETUART2TXSTATUS
  -------         ENDMOD        UART2

  -------         MODULE        UART1
  C:0000H         SYMBOL        _ICE_DUMMY_
  C:0EC4H         PUBLIC        Uart1_isr
  D:0080H         PUBLIC        P0
  D:0090H         PUBLIC        P1
  D:00A0H         PUBLIC        P2
  D:00B0H         PUBLIC        P3
  D:00C0H         PUBLIC        P4
  D:00C8H         PUBLIC        P5
  D:00E8H         PUBLIC        P6
  D:00F8H         PUBLIC        P7
  D:00A8H         PUBLIC        IE
  B:00A8H.4       PUBLIC        ES
  D:00B8H         PUBLIC        IP
  B:0098H.0       PUBLIC        RI
  B:0098H.1       PUBLIC        TI
  D:00D8H         PUBLIC        CCON
  C:227FH         PUBLIC        _SetUart1Rxd
  D:0099H         PUBLIC        SBUF
  D:0098H         PUBLIC        SCON
  D:0089H         PUBLIC        TMOD
  D:0088H         PUBLIC        TCON
  D:008EH         PUBLIC        AUXR
  C:24B8H         PUBLIC        GetUart1TxStatus
  B:00A8H.3       PUBLIC        ET1
  D:008DH         PUBLIC        TH1
  D:008BH         PUBLIC        TL1
  B:0088H.6       PUBLIC        TR1
  C:2338H         PUBLIC        _Uart1Print
  C:1BEDH         PUBLIC        _Uart1Init
  C:2477H         PUBLIC        _?sys_get_Uart1RxdEvent
  X:01F0H         PUBLIC        com1
BL51 BANKED LINKER/LOCATER V6.22                                                      09/08/2026  22:10:19  PAGE 31


  D:00D0H         PUBLIC        PSW
  -------         PROC          UART1_ISR
  C:0EC4H         LINE#         10
  C:0EE1H         LINE#         11
  C:0EE4H         LINE#         12
  C:0EE6H         LINE#         13
  C:0F1AH         LINE#         14
  C:0F1FH         LINE#         15
  C:0F1FH         LINE#         16
  C:0F25H         LINE#         17
  C:0F27H         LINE#         18
  C:0F2AH         LINE#         19
  C:0F2CH         LINE#         20
  C:0F33H         LINE#         21
  C:0F33H         LINE#         22
  C:0F47H         LINE#         23
  C:0F5BH         LINE#         24
  C:0F6AH         LINE#         25
  C:0F78H         LINE#         26
  C:0FB0H         LINE#         27
  C:0FBEH         LINE#         28
  C:0FBEH         LINE#         29
  C:0FD9H         LINE#         30
  C:0FD9H         LINE#         31
  -------         ENDPROC       UART1_ISR
  -------         PROC          _?SYS_GET_UART1RXDEVENT
  -------         DO            
  i:0000H         SYMBOL        a
  -------         ENDDO         
  C:2477H         LINE#         33
  C:2479H         LINE#         35
  C:2481H         LINE#         36
  C:2483H         LINE#         37
  C:2483H         LINE#         38
  -------         ENDPROC       _?SYS_GET_UART1RXDEVENT
  -------         PROC          _UART1INIT
  D:0022H         SYMBOL        band
  C:1BEDH         LINE#         40
  C:1BF5H         LINE#         41
  C:1BF5H         LINE#         43
  C:1BF8H         LINE#         44
  C:1BFBH         LINE#         45
  C:1BFEH         LINE#         46
  C:1C01H         LINE#         47
  C:1C20H         LINE#         48
  C:1C4FH         LINE#         49
  C:1C51H         LINE#         50
  C:1C53H         LINE#         51
  C:1C55H         LINE#         52
  C:1C63H         LINE#         53
  -------         ENDPROC       _UART1INIT
  -------         PROC          _SETUART1RXD
  D:0001H         SYMBOL        RxdPt
  D:0004H         SYMBOL        Nmax
  D:0027H         SYMBOL        matchhead
  D:002AH         SYMBOL        matchheadsize
  C:227FH         LINE#         55
BL51 BANKED LINKER/LOCATER V6.22                                                      09/08/2026  22:10:19  PAGE 32


  C:227FH         LINE#         56
  C:228AH         LINE#         57
  C:2290H         LINE#         58
  C:229AH         LINE#         59
  C:22A8H         LINE#         60
  C:22AAH         LINE#         61
  C:22AFH         LINE#         62
  -------         ENDPROC       _SETUART1RXD
  -------         PROC          _UART1PRINT
  D:0001H         SYMBOL        pt
  D:0004H         SYMBOL        num
  C:2338H         LINE#         64
  C:2338H         LINE#         65
  C:233EH         LINE#         66
  C:2349H         LINE#         67
  C:234EH         LINE#         68
  C:2354H         LINE#         69
  C:2358H         LINE#         70
  C:235AH         LINE#         71
  C:235DH         LINE#         72
  C:235DH         LINE#         73
  C:235FH         LINE#         74
  -------         ENDPROC       _UART1PRINT
  -------         PROC          GETUART1TXSTATUS
  C:24B8H         LINE#         76
  C:24B8H         LINE#         77
  C:24C0H         LINE#         78
  C:24C2H         LINE#         79
  -------         ENDPROC       GETUART1TXSTATUS
  -------         ENDMOD        UART1

  -------         MODULE        ?C?COPY
  C:0116H         PUBLIC        ?C?COPY
  -------         ENDMOD        ?C?COPY

  -------         MODULE        ?C?CLDPTR
  C:013CH         PUBLIC        ?C?CLDPTR
  -------         ENDMOD        ?C?CLDPTR

  -------         MODULE        ?C?CLDOPTR
  C:0155H         PUBLIC        ?C?CLDOPTR
  -------         ENDMOD        ?C?CLDOPTR

  -------         MODULE        ?C?CSTPTR
  C:0182H         PUBLIC        ?C?CSTPTR
  -------         ENDMOD        ?C?CSTPTR

  -------         MODULE        ?C?CSTOPTR
  C:0194H         PUBLIC        ?C?CSTOPTR
  -------         ENDMOD        ?C?CSTOPTR

  -------         MODULE        ?C?UIDIV
  C:01B6H         PUBLIC        ?C?UIDIV
  -------         ENDMOD        ?C?UIDIV

  -------         MODULE        ?C?ILDIX
  C:020BH         PUBLIC        ?C?ILDIX
BL51 BANKED LINKER/LOCATER V6.22                                                      09/08/2026  22:10:19  PAGE 33


  -------         ENDMOD        ?C?ILDIX

  -------         MODULE        ?C?ILDPTR
  C:0221H         PUBLIC        ?C?ILDPTR
  -------         ENDMOD        ?C?ILDPTR

  -------         MODULE        ?C?ILDOPTR
  C:024CH         PUBLIC        ?C?ILDOPTR
  -------         ENDMOD        ?C?ILDOPTR

  -------         MODULE        ?C?IILDPTR
  C:0284H         PUBLIC        ?C?IILDPTR
  -------         ENDMOD        ?C?IILDPTR

  -------         MODULE        ?C?IILDOPTR
  C:02BCH         PUBLIC        ?C?IILDOPTR
  -------         ENDMOD        ?C?IILDOPTR

  -------         MODULE        ?C?ISTPTR
  C:0309H         PUBLIC        ?C?ISTPTR
  -------         ENDMOD        ?C?ISTPTR

  -------         MODULE        ?C?ISTOPTR
  C:0328H         PUBLIC        ?C?ISTOPTR
  -------         ENDMOD        ?C?ISTOPTR

  -------         MODULE        ?C?LMUL
  C:0355H         PUBLIC        ?C?LMUL
  -------         ENDMOD        ?C?LMUL

  -------         MODULE        ?C?ULDIV
  C:03E0H         PUBLIC        ?C?ULDIV
  -------         ENDMOD        ?C?ULDIV

  -------         MODULE        ?C?SLDIV
  C:20ABH         PUBLIC        ?C?SLDIV
  -------         ENDMOD        ?C?SLDIV

  -------         MODULE        ?C?ULSHR
  C:0472H         PUBLIC        ?C?ULSHR
  -------         ENDMOD        ?C?ULSHR

  -------         MODULE        ?C?SLSHR
  C:0485H         PUBLIC        ?C?SLSHR
  -------         ENDMOD        ?C?SLSHR

  -------         MODULE        ?C?LSHL
  C:0499H         PUBLIC        ?C?LSHL
  -------         ENDMOD        ?C?LSHL

  -------         MODULE        ?C?LSTOPTR
  C:04ACH         PUBLIC        ?C?LSTOPTR
  -------         ENDMOD        ?C?LSTOPTR

  -------         MODULE        ?C?LLDCODE
  C:04D0H         PUBLIC        ?C?LLDCODE
  -------         ENDMOD        ?C?LLDCODE
BL51 BANKED LINKER/LOCATER V6.22                                                      09/08/2026  22:10:19  PAGE 34



  -------         MODULE        ?C?LSTXDATA
  C:04E0H         PUBLIC        ?C?LSTXDATA
  -------         ENDMOD        ?C?LSTXDATA

  -------         MODULE        ?C?LSTKOPTR
  C:04ECH         PUBLIC        ?C?LSTKOPTR
  -------         ENDMOD        ?C?LSTKOPTR

  -------         MODULE        ?C?OFFXADD
  C:0510H         PUBLIC        ?C?OFFXADD
  -------         ENDMOD        ?C?OFFXADD

  -------         MODULE        ?C?CCASE
  C:051CH         PUBLIC        ?C?CCASE
  -------         ENDMOD        ?C?CCASE

  -------         MODULE        ?C?ICALL
  C:0542H         PUBLIC        ?C?ICALL
  C:0546H         PUBLIC        ?C?ICALL2
  -------         ENDMOD        ?C?ICALL

  -------         MODULE        ?C_IBP
  D:001FH         PUBLIC        ?C_IBP
  -------         ENDMOD        ?C_IBP

  -------         MODULE        ?C?IILDX
  C:0548H         PUBLIC        ?C?IILDX
  -------         ENDMOD        ?C?IILDX

  -------         MODULE        ?C?LSTIDATA
  C:055EH         PUBLIC        ?C?LSTIDATA
  -------         ENDMOD        ?C?LSTIDATA

  -------         MODULE        ?C?LSTPDATA
  C:056AH         PUBLIC        ?C?LSTPDATA
  -------         ENDMOD        ?C?LSTPDATA

  -------         MODULE        ?C?LSTKIDATA
  C:0576H         PUBLIC        ?C?LSTKIDATA
  -------         ENDMOD        ?C?LSTKIDATA

  -------         MODULE        ?C?LSTKXDATA
  C:058FH         PUBLIC        ?C?LSTKXDATA
  -------         ENDMOD        ?C?LSTKXDATA

  -------         MODULE        ?C?LSTKPDATA
  C:05C0H         PUBLIC        ?C?LSTKPDATA
  -------         ENDMOD        ?C?LSTKPDATA

*** WARNING L16: UNCALLED SEGMENT, IGNORED FOR OVERLAY PROCESS
    SEGMENT: ?PR?_RECORDSTORE_SAVE?RECORDS

*** WARNING L16: UNCALLED SEGMENT, IGNORED FOR OVERLAY PROCESS
    SEGMENT: ?PR?_RECORDSTORE_READCHUNK?RECORDS

*** WARNING L16: UNCALLED SEGMENT, IGNORED FOR OVERLAY PROCESS
BL51 BANKED LINKER/LOCATER V6.22                                                      09/08/2026  22:10:19  PAGE 35


    SEGMENT: ?PR?GETULTRASONIC?SYS

*** WARNING L16: UNCALLED SEGMENT, IGNORED FOR OVERLAY PROCESS
    SEGMENT: ?PR?GETBEEPTIMER?SYS

*** WARNING L16: UNCALLED SEGMENT, IGNORED FOR OVERLAY PROCESS
    SEGMENT: ?PR?_SETBEEPTIMER?SYS

*** WARNING L16: UNCALLED SEGMENT, IGNORED FOR OVERLAY PROCESS
    SEGMENT: ?PR?_SETCCP0?SYS

*** WARNING L16: UNCALLED SEGMENT, IGNORED FOR OVERLAY PROCESS
    SEGMENT: ?PR?CLRBEEPPIN?SYS

Program Size: data=94.7 xdata=539 code=9450
LINK/LOCATE RUN COMPLETE.  7 WARNING(S),  0 ERROR(S)
