BL51 BANKED LINKER/LOCATER V6.22                                                        09/08/2026  18:55:57  PAGE 1


BL51 BANKED LINKER/LOCATER V6.22, INVOKED BY:
D:\PROGRAM FILES (X86)\SYSTEM_PROGRAMMING\C51\BIN\BL51.EXE .\output\main.obj, .\output\compact_app.obj, .\output\compact
>> _protocol.obj TO .\output\AcceptanceRefCompact PRINT (.\list\AcceptanceRefCompact.m51) RAMSIZE (256) XDATA (0X0000-0X
>> 06FF)


MEMORY MODEL: SMALL


INPUT MODULES INCLUDED:
  .\output\main.obj (MAIN)
  .\output\compact_app.obj (COMPACT_APP)
  .\output\compact_protocol.obj (COMPACT_PROTOCOL)
  D:\PROGRAM FILES (X86)\SYSTEM_PROGRAMMING\C51\LIB\C51S.LIB (?C_STARTUP)
  D:\PROGRAM FILES (X86)\SYSTEM_PROGRAMMING\C51\LIB\C51S.LIB (?C?CLDPTR)
  D:\PROGRAM FILES (X86)\SYSTEM_PROGRAMMING\C51\LIB\C51S.LIB (?C?CLDOPTR)
  D:\PROGRAM FILES (X86)\SYSTEM_PROGRAMMING\C51\LIB\C51S.LIB (?C?CSTOPTR)


LINK MAP OF MODULE:  .\output\AcceptanceRefCompact (MAIN)


            TYPE    BASE      LENGTH    RELOCATION   SEGMENT NAME
            -----------------------------------------------------

            * * * * * * *   D A T A   M E M O R Y   * * * * * * *
            REG     0000H     0008H     ABSOLUTE     "REG BANK 0"
            DATA    0008H     000CH     UNIT         _DATA_GROUP_
            DATA    0014H     0001H     UNIT         ?DT?COMPACT_APP
            IDATA   0015H     0001H     UNIT         ?STACK

            * * * * * * *  X D A T A   M E M O R Y  * * * * * * *
            XDATA   0000H     0018H     UNIT         ?XD?COMPACT_APP

            * * * * * * *   C O D E   M E M O R Y   * * * * * * *
            CODE    0000H     0003H     ABSOLUTE     
                    0003H     07FDH                  *** GAP ***
            CODE    0800H     0100H     UNIT         ?PR?_COMPACTPROTOCOL_HANDLE?COMPACT_PROTOCOL
            CODE    0900H     0068H     UNIT         ?C?LIB_CODE
            CODE    0968H     0059H     UNIT         ?PR?_CRC16?COMPACT_PROTOCOL
            CODE    09C1H     004AH     UNIT         ?PR?_ACCEPT_BYTE?COMPACT_APP
            CODE    0A0BH     001BH     UNIT         ?PR?UART_SEND_FRAME?COMPACT_APP
            CODE    0A26H     0017H     UNIT         ?PR?COMPACTAPP_INIT?COMPACT_APP
            CODE    0A3DH     000EH     UNIT         ?PR?MYSTC_OS?COMPACT_APP
            CODE    0A4BH     000CH     UNIT         ?C_C51STARTUP
            CODE    0A57H     0008H     UNIT         ?PR?MAIN?MAIN



OVERLAY MAP OF MODULE:   .\output\AcceptanceRefCompact (MAIN)


SEGMENT                                            DATA_GROUP 
  +--> CALLED SEGMENT                            START    LENGTH
----------------------------------------------------------------
?C_C51STARTUP                                    -----    -----
  +--> ?PR?MAIN?MAIN

BL51 BANKED LINKER/LOCATER V6.22                                                      09/08/2026  18:55:57  PAGE 2


?PR?MAIN?MAIN                                    -----    -----
  +--> ?PR?COMPACTAPP_INIT?COMPACT_APP
  +--> ?PR?MYSTC_OS?COMPACT_APP

?PR?MYSTC_OS?COMPACT_APP                         0008H    0001H
  +--> ?PR?_ACCEPT_BYTE?COMPACT_APP

?PR?_ACCEPT_BYTE?COMPACT_APP                     -----    -----
  +--> ?PR?_COMPACTPROTOCOL_HANDLE?COMPACT_P...
  +--> ?PR?UART_SEND_FRAME?COMPACT_APP

?PR?_COMPACTPROTOCOL_HANDLE?COMPACT_P...         0009H    0006H
  +--> ?PR?_CRC16?COMPACT_PROTOCOL

?PR?_CRC16?COMPACT_PROTOCOL                      000FH    0005H



SYMBOL TABLE OF MODULE:  .\output\AcceptanceRefCompact (MAIN)

  VALUE           TYPE          NAME
  ----------------------------------

  -------         MODULE        MAIN
  C:0000H         SYMBOL        _ICE_DUMMY_
  D:0080H         PUBLIC        P0
  D:0090H         PUBLIC        P1
  D:00A0H         PUBLIC        P2
  D:00B0H         PUBLIC        P3
  D:00C0H         PUBLIC        P4
  D:00C8H         PUBLIC        P5
  D:00E8H         PUBLIC        P6
  D:00F8H         PUBLIC        P7
  D:00A8H         PUBLIC        IE
  D:00B8H         PUBLIC        IP
  D:00D8H         PUBLIC        CCON
  C:0A57H         PUBLIC        main
  D:0098H         PUBLIC        SCON
  D:0088H         PUBLIC        TCON
  D:00D0H         PUBLIC        PSW
  -------         PROC          MAIN
  C:0A57H         LINE#         6
  C:0A57H         LINE#         7
  C:0A57H         LINE#         8
  C:0A5AH         LINE#         9
  -------         ENDPROC       MAIN
  -------         ENDMOD        MAIN

  -------         MODULE        COMPACT_APP
  C:0000H         SYMBOL        _ICE_DUMMY_
  D:0080H         PUBLIC        P0
  D:0090H         PUBLIC        P1
  D:00A0H         PUBLIC        P2
  D:00B0H         PUBLIC        P3
  D:00C0H         PUBLIC        P4
  D:00C8H         PUBLIC        P5
  D:00E8H         PUBLIC        P6
BL51 BANKED LINKER/LOCATER V6.22                                                      09/08/2026  18:55:57  PAGE 3


  D:00F8H         PUBLIC        P7
  C:09C1H         SYMBOL        _accept_byte
  X:0000H         SYMBOL        frame
  D:00A8H         PUBLIC        IE
  D:00B8H         PUBLIC        IP
  B:0098H.0       PUBLIC        RI
  B:0098H.1       PUBLIC        TI
  D:00D8H         PUBLIC        CCON
  D:0099H         PUBLIC        SBUF
  D:0098H         PUBLIC        SCON
  C:0A3DH         PUBLIC        MySTC_OS
  D:0088H         PUBLIC        TCON
  C:0A0BH         SYMBOL        uart_send_frame
  D:008EH         PUBLIC        AUXR
  D:0014H         SYMBOL        frame_pos
  D:00D6H         PUBLIC        T2H
  D:00D7H         PUBLIC        T2L
  C:0A26H         PUBLIC        CompactApp_Init
  D:00D0H         PUBLIC        PSW
  -------         PROC          UART_SEND_FRAME
  -------         DO            
  D:0007H         SYMBOL        i
  -------         ENDDO         
  C:0A0BH         LINE#         11
  C:0A0BH         LINE#         12
  C:0A0BH         LINE#         14
  C:0A0DH         LINE#         15
  C:0A0FH         LINE#         16
  C:0A1CH         LINE#         17
  C:0A1FH         LINE#         18
  C:0A23H         LINE#         19
  C:0A25H         LINE#         20
  -------         ENDPROC       UART_SEND_FRAME
  -------         PROC          _ACCEPT_BYTE
  D:0007H         SYMBOL        value
  C:09C1H         LINE#         22
  C:09C1H         LINE#         23
  C:09C1H         LINE#         24
  C:09C5H         LINE#         25
  C:09D5H         LINE#         27
  C:09E1H         LINE#         29
  C:09E1H         LINE#         30
  C:09F1H         LINE#         31
  C:09F6H         LINE#         32
  C:09F9H         LINE#         33
  C:0A0AH         LINE#         34
  C:0A0AH         LINE#         35
  -------         ENDPROC       _ACCEPT_BYTE
  -------         PROC          COMPACTAPP_INIT
  C:0A26H         LINE#         37
  C:0A26H         LINE#         38
  C:0A26H         LINE#         39
  C:0A29H         LINE#         40
  C:0A2CH         LINE#         41
  C:0A2FH         LINE#         42
  C:0A32H         LINE#         43
  C:0A35H         LINE#         44
BL51 BANKED LINKER/LOCATER V6.22                                                      09/08/2026  18:55:57  PAGE 4


  C:0A38H         LINE#         45
  C:0A3AH         LINE#         46
  C:0A3CH         LINE#         47
  -------         ENDPROC       COMPACTAPP_INIT
  -------         PROC          MYSTC_OS
  -------         DO            
  D:0008H         SYMBOL        value
  -------         ENDDO         
  C:0A3DH         LINE#         49
  C:0A3DH         LINE#         50
  C:0A3DH         LINE#         51
  C:0A40H         LINE#         52
  C:0A43H         LINE#         53
  C:0A45H         LINE#         54
  C:0A4AH         LINE#         55
  C:0A4AH         LINE#         56
  -------         ENDPROC       MYSTC_OS
  -------         ENDMOD        COMPACT_APP

  -------         MODULE        COMPACT_PROTOCOL
  C:0000H         SYMBOL        _ICE_DUMMY_
  C:096FH         SYMBOL        _crc16
  C:0800H         PUBLIC        _CompactProtocol_Handle
  -------         PROC          L?0020
  -------         ENDPROC       L?0020
  -------         PROC          _CRC16
  D:000FH         SYMBOL        p
  -------         DO            
  D:0005H         SYMBOL        i
  D:0004H         SYMBOL        j
  D:0012H         SYMBOL        crc
  -------         ENDDO         
  C:096FH         LINE#         3
  C:0975H         LINE#         4
  C:0975H         LINE#         7
  C:097BH         LINE#         8
  C:097DH         LINE#         9
  C:098EH         LINE#         10
  C:098FH         LINE#         11
  C:09A9H         LINE#         12
  C:09B4H         LINE#         13
  C:09B8H         LINE#         14
  C:09BCH         LINE#         15
  C:09C0H         LINE#         16
  -------         ENDPROC       _CRC16
  -------         PROC          _COMPACTPROTOCOL_HANDLE
  D:0009H         SYMBOL        frame
  D:000CH         SYMBOL        role
  -------         DO            
  D:0007H         SYMBOL        requester
  D:000DH         SYMBOL        expected
  D:0006H         SYMBOL        crc
  -------         ENDDO         
  C:0800H         LINE#         18
  C:0808H         LINE#         19
  C:0808H         LINE#         23
  C:081BH         LINE#         24
BL51 BANKED LINKER/LOCATER V6.22                                                      09/08/2026  18:55:57  PAGE 5


  C:0831H         LINE#         25
  C:0843H         LINE#         26
  C:0859H         LINE#         27
  C:086DH         LINE#         28
  C:087DH         LINE#         30
  C:088AH         LINE#         31
  C:0892H         LINE#         32
  C:0899H         LINE#         33
  C:08A1H         LINE#         34
  C:08A9H         LINE#         35
  C:08B0H         LINE#         36
  C:08B8H         LINE#         37
  C:08C0H         LINE#         38
  C:08C8H         LINE#         39
  C:08CFH         LINE#         40
  C:08D7H         LINE#         41
  C:08DEH         LINE#         42
  C:08E6H         LINE#         43
  C:08E9H         LINE#         44
  C:08F6H         LINE#         45
  C:08FDH         LINE#         46
  C:08FFH         LINE#         47
  -------         ENDPROC       _COMPACTPROTOCOL_HANDLE
  -------         ENDMOD        COMPACT_PROTOCOL

  -------         MODULE        ?C?CLDPTR
  C:0900H         PUBLIC        ?C?CLDPTR
  -------         ENDMOD        ?C?CLDPTR

  -------         MODULE        ?C?CLDOPTR
  C:0919H         PUBLIC        ?C?CLDOPTR
  -------         ENDMOD        ?C?CLDOPTR

  -------         MODULE        ?C?CSTOPTR
  C:0946H         PUBLIC        ?C?CSTOPTR
  -------         ENDMOD        ?C?CSTOPTR

******************************************************************************
* RESTRICTED VERSION WITH 0800H BYTE CODE SIZE LIMIT; USED: 01EBH BYTE (23%) *
******************************************************************************

Program Size: data=22.0 xdata=24 code=610
LINK/LOCATE RUN COMPLETE.  0 WARNING(S),  0 ERROR(S)
